Archive member included to satisfy reference by file (symbol)

d:/software/toolchain/gcc-arm-none-eabi-10.3/bin/../lib/gcc/arm-none-eabi/10.3.1/../../../../arm-none-eabi/lib/thumb/v7e-m/nofp\libstdc++.a(class_type_info.o)
                              CMakeFiles/FocDrive.elf.dir/FocDrive/src/Controller/motor.cpp.obj (vtable for __cxxabiv1::__class_type_info)
d:/software/toolchain/gcc-arm-none-eabi-10.3/bin/../lib/gcc/arm-none-eabi/10.3.1/../../../../arm-none-eabi/lib/thumb/v7e-m/nofp\libstdc++.a(del_ops.o)
                              d:/software/toolchain/gcc-arm-none-eabi-10.3/bin/../lib/gcc/arm-none-eabi/10.3.1/../../../../arm-none-eabi/lib/thumb/v7e-m/nofp\libstdc++.a(class_type_info.o) (operator delete(void*, unsigned int))
d:/software/toolchain/gcc-arm-none-eabi-10.3/bin/../lib/gcc/arm-none-eabi/10.3.1/../../../../arm-none-eabi/lib/thumb/v7e-m/nofp\libstdc++.a(pure.o)
                              CMakeFiles/FocDrive.elf.dir/FocDrive/src/Sensors/CurrentSense/current_sense_base.cpp.obj (__cxa_pure_virtual)
d:/software/toolchain/gcc-arm-none-eabi-10.3/bin/../lib/gcc/arm-none-eabi/10.3.1/../../../../arm-none-eabi/lib/thumb/v7e-m/nofp\libstdc++.a(si_class_type_info.o)
                              CMakeFiles/FocDrive.elf.dir/FocDrive/src/Drivers/Instances/driver_drv8301.cpp.obj (vtable for __cxxabiv1::__si_class_type_info)
d:/software/toolchain/gcc-arm-none-eabi-10.3/bin/../lib/gcc/arm-none-eabi/10.3.1/../../../../arm-none-eabi/lib/thumb/v7e-m/nofp\libstdc++.a(tinfo.o)
                              d:/software/toolchain/gcc-arm-none-eabi-10.3/bin/../lib/gcc/arm-none-eabi/10.3.1/../../../../arm-none-eabi/lib/thumb/v7e-m/nofp\libstdc++.a(class_type_info.o) (std::type_info::~type_info())
d:/software/toolchain/gcc-arm-none-eabi-10.3/bin/../lib/gcc/arm-none-eabi/10.3.1/../../../../arm-none-eabi/lib/thumb/v7e-m/nofp\libstdc++.a(del_op.o)
                              d:/software/toolchain/gcc-arm-none-eabi-10.3/bin/../lib/gcc/arm-none-eabi/10.3.1/../../../../arm-none-eabi/lib/thumb/v7e-m/nofp\libstdc++.a(del_ops.o) (operator delete(void*))
d:/software/toolchain/gcc-arm-none-eabi-10.3/bin/../lib/gcc/arm-none-eabi/10.3.1/../../../../arm-none-eabi/lib/thumb/v7e-m/nofp\libstdc++.a(eh_terminate.o)
                              d:/software/toolchain/gcc-arm-none-eabi-10.3/bin/../lib/gcc/arm-none-eabi/10.3.1/../../../../arm-none-eabi/lib/thumb/v7e-m/nofp\libstdc++.a(pure.o) (std::terminate())
d:/software/toolchain/gcc-arm-none-eabi-10.3/bin/../lib/gcc/arm-none-eabi/10.3.1/../../../../arm-none-eabi/lib/thumb/v7e-m/nofp\libstdc++.a(eh_unex_handler.o)
                              d:/software/toolchain/gcc-arm-none-eabi-10.3/bin/../lib/gcc/arm-none-eabi/10.3.1/../../../../arm-none-eabi/lib/thumb/v7e-m/nofp\libstdc++.a(eh_terminate.o) (__cxxabiv1::__unexpected_handler)
d:/software/toolchain/gcc-arm-none-eabi-10.3/bin/../lib/gcc/arm-none-eabi/10.3.1/../../../../arm-none-eabi/lib/thumb/v7e-m/nofp\libstdc++.a(vterminate.o)
                              d:/software/toolchain/gcc-arm-none-eabi-10.3/bin/../lib/gcc/arm-none-eabi/10.3.1/../../../../arm-none-eabi/lib/thumb/v7e-m/nofp\libstdc++.a(eh_terminate.o) (__gnu_cxx::__verbose_terminate_handler())
d:/software/toolchain/gcc-arm-none-eabi-10.3/bin/../lib/gcc/arm-none-eabi/10.3.1/../../../../arm-none-eabi/lib/thumb/v7e-m/nofp\libstdc++.a(cp-demangle.o)
                              d:/software/toolchain/gcc-arm-none-eabi-10.3/bin/../lib/gcc/arm-none-eabi/10.3.1/../../../../arm-none-eabi/lib/thumb/v7e-m/nofp\libstdc++.a(vterminate.o) (__cxa_demangle)
d:/software/toolchain/gcc-arm-none-eabi-10.3/bin/../lib/gcc/arm-none-eabi/10.3.1/../../../../arm-none-eabi/lib/thumb/v7e-m/nofp\libstdc++.a(eh_arm.o)
                              d:/software/toolchain/gcc-arm-none-eabi-10.3/bin/../lib/gcc/arm-none-eabi/10.3.1/../../../../arm-none-eabi/lib/thumb/v7e-m/nofp\libstdc++.a(eh_terminate.o) (__cxa_end_cleanup)
d:/software/toolchain/gcc-arm-none-eabi-10.3/bin/../lib/gcc/arm-none-eabi/10.3.1/../../../../arm-none-eabi/lib/thumb/v7e-m/nofp\libstdc++.a(eh_call.o)
                              d:/software/toolchain/gcc-arm-none-eabi-10.3/bin/../lib/gcc/arm-none-eabi/10.3.1/../../../../arm-none-eabi/lib/thumb/v7e-m/nofp\libstdc++.a(eh_terminate.o) (__cxa_call_unexpected)
d:/software/toolchain/gcc-arm-none-eabi-10.3/bin/../lib/gcc/arm-none-eabi/10.3.1/../../../../arm-none-eabi/lib/thumb/v7e-m/nofp\libstdc++.a(eh_catch.o)
                              d:/software/toolchain/gcc-arm-none-eabi-10.3/bin/../lib/gcc/arm-none-eabi/10.3.1/../../../../arm-none-eabi/lib/thumb/v7e-m/nofp\libstdc++.a(eh_terminate.o) (__cxa_begin_catch)
d:/software/toolchain/gcc-arm-none-eabi-10.3/bin/../lib/gcc/arm-none-eabi/10.3.1/../../../../arm-none-eabi/lib/thumb/v7e-m/nofp\libstdc++.a(eh_exception.o)
[...]
Memory Configuration

Name             Origin             Length             Attributes
CCMRAM           0x10000000         0x00010000         xrw
RAM              0x20000000         0x00020000         xrw
FLASH            0x08000000         0x00100000         xr
*default*        0x00000000         0xffffffff

Linker script and memory map

LOAD d:/software/toolchain/gcc-arm-none-eabi-10.3/bin/../lib/gcc/arm-none-eabi/10.3.1/thumb/v7e-m/nofp/crti.o
LOAD d:/software/toolchain/gcc-arm-none-eabi-10.3/bin/../lib/gcc/arm-none-eabi/10.3.1/thumb/v7e-m/nofp/crtbegin.o
LOAD d:/software/toolchain/gcc-arm-none-eabi-10.3/bin/../lib/gcc/arm-none-eabi/10.3.1/../../../../arm-none-eabi/lib/thumb/v7e-m/nofp/crt0.o
LOAD CMakeFiles/FocDrive.elf.dir/Core/Src/dma.c.obj
LOAD CMakeFiles/FocDrive.elf.dir/Core/Src/gpio.c.obj
LOAD CMakeFiles/FocDrive.elf.dir/Core/Src/main.c.obj
LOAD CMakeFiles/FocDrive.elf.dir/Core/Src/spi.c.obj
LOAD CMakeFiles/FocDrive.elf.dir/Core/Src/stm32f4xx_hal_msp.c.obj
LOAD CMakeFiles/FocDrive.elf.dir/Core/Src/stm32f4xx_hal_timebase_tim.c.obj
LOAD CMakeFiles/FocDrive.elf.dir/Core/Src/stm32f4xx_it.c.obj
LOAD CMakeFiles/FocDrive.elf.dir/Core/Src/syscalls.c.obj
LOAD CMakeFiles/FocDrive.elf.dir/Core/Src/sysmem.c.obj
LOAD CMakeFiles/FocDrive.elf.dir/Core/Src/system_stm32f4xx.c.obj
LOAD CMakeFiles/FocDrive.elf.dir/Core/Src/tim.c.obj
LOAD CMakeFiles/FocDrive.elf.dir/Core/Src/usart.c.obj
LOAD CMakeFiles/FocDrive.elf.dir/Core/Startup/startup_stm32f405rgtx.s.obj
LOAD CMakeFiles/FocDrive.elf.dir/Drivers/STM32F4xx_HAL_Driver/Src/stm32f4xx_hal.c.obj
LOAD CMakeFiles/FocDrive.elf.dir/Drivers/STM32F4xx_HAL_Driver/Src/stm32f4xx_hal_cortex.c.obj
LOAD CMakeFiles/FocDrive.elf.dir/Drivers/STM32F4xx_HAL_Driver/Src/stm32f4xx_hal_dma.c.obj
LOAD CMakeFiles/FocDrive.elf.dir/Drivers/STM32F4xx_HAL_Driver/Src/stm32f4xx_hal_dma_ex.c.obj
LOAD CMakeFiles/FocDrive.elf.dir/Drivers/STM32F4xx_HAL_Driver/Src/stm32f4xx_hal_exti.c.obj
LOAD CMakeFiles/FocDrive.elf.dir/Drivers/STM32F4xx_HAL_Driver/Src/stm32f4xx_hal_flash.c.obj
LOAD CMakeFiles/FocDrive.elf.dir/Drivers/STM32F4xx_HAL_Driver/Src/stm32f4xx_hal_flash_ex.c.obj
LOAD CMakeFiles/FocDrive.elf.dir/Drivers/STM32F4xx_HAL_Driver/Src/stm32f4xx_hal_flash_ramfunc.c.obj
LOAD CMakeFiles/FocDrive.elf.dir/Drivers/STM32F4xx_HAL_Driver/Src/stm32f4xx_hal_gpio.c.obj
LOAD CMakeFiles/FocDrive.elf.dir/Drivers/STM32F4xx_HAL_Driver/Src/stm32f4xx_hal_pwr.c.obj
LOAD CMakeFiles/FocDrive.elf.dir/Drivers/STM32F4xx_HAL_Driver/Src/stm32f4xx_hal_pwr_ex.c.obj
LOAD CMakeFiles/FocDrive.elf.dir/Drivers/STM32F4xx_HAL_Driver/Src/stm32f4xx_hal_rcc.c.obj
LOAD CMakeFiles/FocDrive.elf.dir/Drivers/STM32F4xx_HAL_Driver/Src/stm32f4xx_hal_rcc_ex.c.obj
LOAD CMakeFiles/FocDrive.elf.dir/Drivers/STM32F4xx_HAL_Driver/Src/stm32f4xx_hal_spi.c.obj
LOAD CMakeFiles/FocDrive.elf.dir/Drivers/STM32F4xx_HAL_Driver/Src/stm32f4xx_hal_tim.c.obj
LOAD CMakeFiles/FocDrive.elf.dir/Drivers/STM32F4xx_HAL_Driver/Src/stm32f4xx_hal_tim_ex.c.obj
LOAD CMakeFiles/FocDrive.elf.dir/Drivers/STM32F4xx_HAL_Driver/Src/stm32f4xx_hal_uart.c.obj
LOAD CMakeFiles/FocDrive.elf.dir/FocDrive/src/Common/DriveLog.cpp.obj
LOAD CMakeFiles/FocDrive.elf.dir/FocDrive/src/Common/math_utils.cpp.obj
LOAD CMakeFiles/FocDrive.elf.dir/FocDrive/src/Common/time_utils.cpp.obj
LOAD CMakeFiles/FocDrive.elf.dir/FocDrive/src/Controller/lowpass_filter.cpp.obj
LOAD CMakeFiles/FocDrive.elf.dir/FocDrive/src/Controller/motor.cpp.obj
LOAD CMakeFiles/FocDrive.elf.dir/FocDrive/src/Controller/pid.cpp.obj
LOAD CMakeFiles/FocDrive.elf.dir/FocDrive/src/Drivers/Instances/driver_drv8301.cpp.obj
LOAD CMakeFiles/FocDrive.elf.dir/FocDrive/src/Drivers/driver_base.cpp.obj
LOAD CMakeFiles/FocDrive.elf.dir/FocDrive/src/Sensors/CurrentSense/current_sense_base.cpp.obj
LOAD CMakeFiles/FocDrive.elf.dir/FocDrive/src/Sensors/Encoder/encoder_base.cpp.obj
LOAD CMakeFiles/FocDrive.elf.dir/FocDrive/thirdparty/Stm32Gpio.cpp.obj
LOAD CMakeFiles/FocDrive.elf.dir/UserApp/Main.cpp.obj
LOAD d:/software/toolchain/gcc-arm-none-eabi-10.3/bin/../lib/gcc/arm-none-eabi/10.3.1/../../../../arm-none-eabi/lib/thumb/v7e-m/nofp\libstdc++.a
LOAD d:/software/toolchain/gcc-arm-none-eabi-10.3/bin/../lib/gcc/arm-none-eabi/10.3.1/../../../../arm-none-eabi/lib/thumb/v7e-m/nofp\libm.a
START GROUP
LOAD d:/software/toolchain/gcc-arm-none-eabi-10.3/bin/../lib/gcc/arm-none-eabi/10.3.1/thumb/v7e-m/nofp\libgcc.a
LOAD d:/software/toolchain/gcc-arm-none-eabi-10.3/bin/../lib/gcc/arm-none-eabi/10.3.1/../../../../arm-none-eabi/lib/thumb/v7e-m/nofp\libg.a
LOAD d:/software/toolchain/gcc-arm-none-eabi-10.3/bin/../lib/gcc/arm-none-eabi/10.3.1/../../../../arm-none-eabi/lib/thumb/v7e-m/nofp\libc.a
END GROUP
LOAD d:/software/toolchain/gcc-arm-none-eabi-10.3/bin/../lib/gcc/arm-none-eabi/10.3.1/thumb/v7e-m/nofp/crtend.o
LOAD d:/software/toolchain/gcc-arm-none-eabi-10.3/bin/../lib/gcc/arm-none-eabi/10.3.1/thumb/v7e-m/nofp/crtn.o
                0x20020000                _estack = (ORIGIN (RAM) + LENGTH (RAM))
                0x00000400                _Min_Heap_Size = 0x400
                0x00000400                _Min_Stack_Size = 0x400

.isr_vector     0x08000000      0x188
                0x08000000                . = ALIGN (0x4)
 *(.isr_vector)
 .isr_vector    0x08000000      0x188 CMakeFiles/FocDrive.elf.dir/Core/Startup/startup_stm32f405rgtx.s.obj
                0x08000000                g_pfnVectors
                0x08000188                . = ALIGN (0x4)

.text           0x080001c0    0x1453c
                0x080001c0                . = ALIGN (0x4)
 *(.text)
 .text          0x080001c0       0x40 d:/software/toolchain/gcc-arm-none-eabi-10.3/bin/../lib/gcc/arm-none-eabi/10.3.1/thumb/v7e-m/nofp/crtbegin.o
 .text          0x08000200     0x5fa4 d:/software/toolchain/gcc-arm-none-eabi-10.3/bin/../lib/gcc/arm-none-eabi/10.3.1/../../../../arm-none-eabi/lib/thumb/v7e-m/nofp\libstdc++.a(cp-demangle.o)
                0x080060bc                __cxa_demangle
                0x08006180                __gcclibcxx_demangle_callback
 .text          0x080061a4      0x378 d:/software/toolchain/gcc-arm-none-eabi-10.3/bin/../lib/gcc/arm-none-eabi/10.3.1/thumb/v7e-m/nofp\libgcc.a(_arm_addsubdf3.o)
                0x080061a4                __aeabi_drsub
                0x080061ac                __aeabi_dsub
                0x080061ac                __subdf3
                0x080061b0                __aeabi_dadd
                0x080061b0                __adddf3
                0x08006428                __floatunsidf
                0x08006428                __aeabi_ui2d
                0x08006448                __floatsidf
                0x08006448                __aeabi_i2d
                0x0800646c                __aeabi_f2d
                0x0800646c                __extendsfdf2
                0x080064b0                __floatundidf
                0x080064b0                __aeabi_ul2d
                0x080064c0                __floatdidf
                0x080064c0                __aeabi_l2d
 .text          0x0800651c      0x2a0 d:/software/toolchain/gcc-arm-none-eabi-10.3/bin/../lib/gcc/arm-none-eabi/10.3.1/thumb/v7e-m/nofp\libgcc.a(_arm_muldivsf3.o)
                0x0800651c                __mulsf3
                0x0800651c                __aeabi_fmul
                0x08006684                __aeabi_fdiv
                0x08006684                __divsf3
 .text          0x080067bc       0xec d:/software/toolchain/gcc-arm-none-eabi-10.3/bin/../lib/gcc/arm-none-eabi/10.3.1/thumb/v7e-m/nofp\libgcc.a(_arm_cmpsf2.o)
                0x080067bc                __gesf2
                0x080067bc                __gtsf2
                0x080067c4                __lesf2
                0x080067c4                __ltsf2
                0x080067cc                __nesf2
                0x080067cc                __eqsf2
                0x080067cc                __cmpsf2
                0x0800682c                __aeabi_cfrcmple
                0x08006834                __aeabi_cfcmpeq
                0x08006834                __aeabi_cfcmple
                0x08006844                __aeabi_fcmpeq
                0x08006858                __aeabi_fcmplt
                0x0800686c                __aeabi_fcmple
                0x08006880                __aeabi_fcmpge
                0x08006894                __aeabi_fcmpgt
 .text          0x080068a8       0x40 d:/software/toolchain/gcc-arm-none-eabi-10.3/bin/../lib/gcc/arm-none-eabi/10.3.1/thumb/v7e-m/nofp\libgcc.a(_arm_fixunssfsi.o)
                0x080068a8                __fixunssfsi
                0x080068a8                __aeabi_f2uiz
 .text          0x080068e8       0x30 d:/software/toolchain/gcc-arm-none-eabi-10.3/bin/../lib/gcc/arm-none-eabi/10.3.1/thumb/v7e-m/nofp\libgcc.a(_aeabi_uldivmod.o)
                0x080068e8                __aeabi_uldivmod
 .text          0x08006918      0x2d0 d:/software/toolchain/gcc-arm-none-eabi-10.3/bin/../lib/gcc/arm-none-eabi/10.3.1/thumb/v7e-m/nofp\libgcc.a(_udivmoddi4.o)
                0x08006918                __udivmoddi4
 .text          0x08006be8      0x9d8 d:/software/toolchain/gcc-arm-none-eabi-10.3/bin/../lib/gcc/arm-none-eabi/10.3.1/thumb/v7e-m/nofp\libgcc.a(unwind-arm.o)
                0x08006e90                _Unwind_GetCFA
                0x08006e94                __gnu_Unwind_RaiseException
                0x08006efc                __gnu_Unwind_ForcedUnwind
                0x08006f0c                __gnu_Unwind_Resume
                0x08006f50                __gnu_Unwind_Resume_or_Rethrow
                0x08006f60                _Unwind_Complete
                0x08006f64                _Unwind_DeleteException
                0x08006f70                _Unwind_VRS_Get
                0x08006fbc                _Unwind_VRS_Set
                0x08007004                __gnu_Unwind_Backtrace
                0x08007330                __aeabi_unwind_cpp_pr0
                0x08007334                __aeabi_unwind_cpp_pr1
                0x08007338                __aeabi_unwind_cpp_pr2
                0x0800733c                _Unwind_VRS_Pop
 .text          0x080075c0      0x1ac d:/software/toolchain/gcc-arm-none-eabi-10.3/bin/../lib/gcc/arm-none-eabi/10.3.1/thumb/v7e-m/nofp\libgcc.a(libunwind.o)
                0x080075c0                __restore_core_regs
                0x080075c0                restore_core_regs
                0x080075d8                __gnu_Unwind_Restore_VFP
                0x080075e0                __gnu_Unwind_Save_VFP
                0x080075e8                __gnu_Unwind_Restore_VFP_D
                0x080075f0                __gnu_Unwind_Save_VFP_D
                0x080075f8                __gnu_Unwind_Restore_VFP_D_16_to_31
                0x08007600                __gnu_Unwind_Save_VFP_D_16_to_31
                0x08007608                __gnu_Unwind_Restore_WMMXD
                0x0800764c                __gnu_Unwind_Save_WMMXD
                0x08007690                __gnu_Unwind_Restore_WMMXC
                0x080076a4                __gnu_Unwind_Save_WMMXC
                0x080076b8                ___Unwind_RaiseException
                0x080076b8                _Unwind_RaiseException
                0x080076dc                _Unwind_Resume
                0x080076dc                ___Unwind_Resume
                0x08007700                _Unwind_Resume_or_Rethrow
                0x08007700                ___Unwind_Resume_or_Rethrow
                0x08007724                _Unwind_ForcedUnwind
                0x08007724                ___Unwind_ForcedUnwind
                0x08007748                ___Unwind_Backtrace
                0x08007748                _Unwind_Backtrace
 .text          0x0800776c      0x350 d:/software/toolchain/gcc-arm-none-eabi-10.3/bin/../lib/gcc/arm-none-eabi/10.3.1/thumb/v7e-m/nofp\libgcc.a(pr-support.o)
                0x080077c4                __gnu_unwind_execute
                0x08007a70                __gnu_unwind_frame
                0x08007a9c                _Unwind_GetRegionStart
                0x08007aa8                _Unwind_GetLanguageSpecificData
 .text          0x08007abc        0x4 d:/software/toolchain/gcc-arm-none-eabi-10.3/bin/../lib/gcc/arm-none-eabi/10.3.1/thumb/v7e-m/nofp\libgcc.a(_dvmd_tls.o)
                0x08007abc                __aeabi_idiv0
                0x08007abc                __aeabi_ldiv0
 .text          0x08007ac0       0xa0 d:/software/toolchain/gcc-arm-none-eabi-10.3/bin/../lib/gcc/arm-none-eabi/10.3.1/../../../../arm-none-eabi/lib/thumb/v7e-m/nofp\libg.a(lib_a-memchr.o)
                0x08007ac0                memchr
 .text          0x08007b60      0x134 d:/software/toolchain/gcc-arm-none-eabi-10.3/bin/../lib/gcc/arm-none-eabi/10.3.1/../../../../arm-none-eabi/lib/thumb/v7e-m/nofp\libg.a(lib_a-memcpy.o)
                0x08007b60                memcpy
 *fill*         0x08007c94        0xc 
 .text          0x08007ca0      0x2dc d:/software/toolchain/gcc-arm-none-eabi-10.3/bin/../lib/gcc/arm-none-eabi/10.3.1/../../../../arm-none-eabi/lib/thumb/v7e-m/nofp\libg.a(lib_a-strcmp.o)
                0x08007ca8                strcmp
 *fill*         0x08007f7c        0x4 
 .text          0x08007f80       0xdc d:/software/toolchain/gcc-arm-none-eabi-10.3/bin/../lib/gcc/arm-none-eabi/10.3.1/../../../../arm-none-eabi/lib/thumb/v7e-m/nofp\libg.a(lib_a-strlen.o)
                0x08007f80                strlen
 .text          0x0800805c      0x424 d:/software/toolchain/gcc-arm-none-eabi-10.3/bin/../lib/gcc/arm-none-eabi/10.3.1/thumb/v7e-m/nofp\libgcc.a(_arm_muldivdf3.o)
                0x0800805c                __aeabi_dmul
                0x0800805c                __muldf3
                0x080082b0                __divdf3
                0x080082b0                __aeabi_ddiv
 .text          0x08008480      0x110 d:/software/toolchain/gcc-arm-none-eabi-10.3/bin/../lib/gcc/arm-none-eabi/10.3.1/thumb/v7e-m/nofp\libgcc.a(_arm_cmpdf2.o)
                0x08008480                __gtdf2
                0x08008480                __gedf2
                0x08008488                __ltdf2
                0x08008488                __ledf2
                0x08008490                __nedf2
                0x08008490                __eqdf2
                0x08008490                __cmpdf2
                0x0800850c                __aeabi_cdrcmple
                0x0800851c                __aeabi_cdcmpeq
                0x0800851c                __aeabi_cdcmple
                0x0800852c                __aeabi_dcmpeq
                0x08008540                __aeabi_dcmplt
                0x08008554                __aeabi_dcmple
                0x08008568                __aeabi_dcmpge
                0x0800857c                __aeabi_dcmpgt
 .text          0x08008590       0x2c d:/software/toolchain/gcc-arm-none-eabi-10.3/bin/../lib/gcc/arm-none-eabi/10.3.1/thumb/v7e-m/nofp\libgcc.a(_arm_unorddf2.o)
                0x08008590                __unorddf2
                0x08008590                __aeabi_dcmpun
 .text          0x080085bc       0x50 d:/software/toolchain/gcc-arm-none-eabi-10.3/bin/../lib/gcc/arm-none-eabi/10.3.1/thumb/v7e-m/nofp\libgcc.a(_arm_fixdfsi.o)
                0x080085bc                __aeabi_d2iz
                0x080085bc                __fixdfsi
 *(.text*)
 .text.MX_DMA_Init
                0x0800860c       0x44 CMakeFiles/FocDrive.elf.dir/Core/Src/dma.c.obj
                0x0800860c                MX_DMA_Init
 .text.MX_GPIO_Init
                0x08008650       0xd8 CMakeFiles/FocDrive.elf.dir/Core/Src/gpio.c.obj
                0x08008650                MX_GPIO_Init
 .text.SystemClock_Config
                0x08008728       0x90 CMakeFiles/FocDrive.elf.dir/Core/Src/main.c.obj
                0x08008728                SystemClock_Config
 .text.main     0x080087b8       0x28 CMakeFiles/FocDrive.elf.dir/Core/Src/main.c.obj
                0x080087b8                main
 .text.HAL_TIM_PeriodElapsedCallback
                0x080087e0       0x18 CMakeFiles/FocDrive.elf.dir/Core/Src/main.c.obj
                0x080087e0                HAL_TIM_PeriodElapsedCallback
 .text.Error_Handler
                0x080087f8        0x2 CMakeFiles/FocDrive.elf.dir/Core/Src/main.c.obj
                0x080087f8                Error_Handler
 *fill*         0x080087fa        0x2 
 .text.MX_SPI3_Init
                0x080087fc       0x48 CMakeFiles/FocDrive.elf.dir/Core/Src/spi.c.obj
                0x080087fc                MX_SPI3_Init
 .text.HAL_SPI_MspInit
                0x08008844       0x70 CMakeFiles/FocDrive.elf.dir/Core/Src/spi.c.obj
                0x08008844                HAL_SPI_MspInit
 .text.HAL_MspInit
                0x080088b4       0x38 CMakeFiles/FocDrive.elf.dir/Core/Src/stm32f4xx_hal_msp.c.obj
                0x080088b4                HAL_MspInit
 .text.HAL_InitTick
                0x080088ec       0xa4 CMakeFiles/FocDrive.elf.dir/Core/Src/stm32f4xx_hal_timebase_tim.c.obj
                0x080088ec                HAL_InitTick
 .text.NMI_Handler
                0x08008990        0x2 CMakeFiles/FocDrive.elf.dir/Core/Src/stm32f4xx_it.c.obj
                0x08008990                NMI_Handler
 .text.HardFault_Handler
                0x08008992        0x2 CMakeFiles/FocDrive.elf.dir/Core/Src/stm32f4xx_it.c.obj
                0x08008992                HardFault_Handler
 .text.MemManage_Handler
                0x08008994        0x2 CMakeFiles/FocDrive.elf.dir/Core/Src/stm32f4xx_it.c.obj
                0x08008994                MemManage_Handler
 .text.BusFault_Handler
                0x08008996        0x2 CMakeFiles/FocDrive.elf.dir/Core/Src/stm32f4xx_it.c.obj
                0x08008996                BusFault_Handler
 .text.UsageFault_Handler
                0x08008998        0x2 CMakeFiles/FocDrive.elf.dir/Core/Src/stm32f4xx_it.c.obj
                0x08008998                UsageFault_Handler
 .text.SVC_Handler
                0x0800899a        0x2 CMakeFiles/FocDrive.elf.dir/Core/Src/stm32f4xx_it.c.obj
                0x0800899a                SVC_Handler
 .text.DebugMon_Handler
                0x0800899c        0x2 CMakeFiles/FocDrive.elf.dir/Core/Src/stm32f4xx_it.c.obj
                0x0800899c                DebugMon_Handler
 .text.PendSV_Handler
                0x0800899e        0x2 CMakeFiles/FocDrive.elf.dir/Core/Src/stm32f4xx_it.c.obj
                0x0800899e                PendSV_Handler
 .text.SysTick_Handler
                0x080089a0        0x2 CMakeFiles/FocDrive.elf.dir/Core/Src/stm32f4xx_it.c.obj
                0x080089a0                SysTick_Handler
 *fill*         0x080089a2        0x2 
 .text.DMA1_Stream5_IRQHandler
                0x080089a4       0x10 CMakeFiles/FocDrive.elf.dir/Core/Src/stm32f4xx_it.c.obj
                0x080089a4                DMA1_Stream5_IRQHandler
 .text.DMA1_Stream6_IRQHandler
                0x080089b4       0x10 CMakeFiles/FocDrive.elf.dir/Core/Src/stm32f4xx_it.c.obj
                0x080089b4                DMA1_Stream6_IRQHandler
 .text.USART2_IRQHandler
                0x080089c4       0x10 CMakeFiles/FocDrive.elf.dir/Core/Src/stm32f4xx_it.c.obj
                0x080089c4                USART2_IRQHandler
 .text.TIM8_TRG_COM_TIM14_IRQHandler
                0x080089d4       0x10 CMakeFiles/FocDrive.elf.dir/Core/Src/stm32f4xx_it.c.obj
                0x080089d4                TIM8_TRG_COM_TIM14_IRQHandler
 .text._getpid  0x080089e4        0x4 CMakeFiles/FocDrive.elf.dir/Core/Src/syscalls.c.obj
                0x080089e4                _getpid
 .text._kill    0x080089e8       0x10 CMakeFiles/FocDrive.elf.dir/Core/Src/syscalls.c.obj
                0x080089e8                _kill
 .text._exit    0x080089f8        0xc CMakeFiles/FocDrive.elf.dir/Core/Src/syscalls.c.obj
                0x080089f8                _exit
 .text._read    0x08008a04       0x20 CMakeFiles/FocDrive.elf.dir/Core/Src/syscalls.c.obj
                0x08008a04                _read
 .text._write   0x08008a24       0x1c CMakeFiles/FocDrive.elf.dir/Core/Src/syscalls.c.obj
                0x08008a24                _write
 .text._close   0x08008a40        0x6 CMakeFiles/FocDrive.elf.dir/Core/Src/syscalls.c.obj
                0x08008a40                _close
 .text._fstat   0x08008a46        0xa CMakeFiles/FocDrive.elf.dir/Core/Src/syscalls.c.obj
                0x08008a46                _fstat
 .text._isatty  0x08008a50        0x4 CMakeFiles/FocDrive.elf.dir/Core/Src/syscalls.c.obj
                0x08008a50                _isatty
 .text._lseek   0x08008a54        0x4 CMakeFiles/FocDrive.elf.dir/Core/Src/syscalls.c.obj
                0x08008a54                _lseek
 .text._sbrk    0x08008a58       0x48 CMakeFiles/FocDrive.elf.dir/Core/Src/sysmem.c.obj
                0x08008a58                _sbrk
 .text.SystemInit
                0x08008aa0        0x2 CMakeFiles/FocDrive.elf.dir/Core/Src/system_stm32f4xx.c.obj
                0x08008aa0                SystemInit
 *fill*         0x08008aa2        0x2 
 .text.HAL_TIM_PWM_MspInit
                0x08008aa4       0x54 CMakeFiles/FocDrive.elf.dir/Core/Src/tim.c.obj
                0x08008aa4                HAL_TIM_PWM_MspInit
 .text.HAL_TIM_MspPostInit
                0x08008af8       0x98 CMakeFiles/FocDrive.elf.dir/Core/Src/tim.c.obj
                0x08008af8                HAL_TIM_MspPostInit
 .text.MX_TIM1_Init
                0x08008b90       0xd8 CMakeFiles/FocDrive.elf.dir/Core/Src/tim.c.obj
                0x08008b90                MX_TIM1_Init
 .text.MX_TIM3_Init
                0x08008c68       0xa8 CMakeFiles/FocDrive.elf.dir/Core/Src/tim.c.obj
                0x08008c68                MX_TIM3_Init
 .text.__io_putchar
                0x08008d10       0x20 CMakeFiles/FocDrive.elf.dir/Core/Src/usart.c.obj
                0x08008d10                __io_putchar
 .text.MX_USART2_UART_Init
                0x08008d30       0x34 CMakeFiles/FocDrive.elf.dir/Core/Src/usart.c.obj
                0x08008d30                MX_USART2_UART_Init
 .text.HAL_UART_MspInit
                0x08008d64       0xf8 CMakeFiles/FocDrive.elf.dir/Core/Src/usart.c.obj
                0x08008d64                HAL_UART_MspInit
 .text.Reset_Handler
                0x08008e5c       0x50 CMakeFiles/FocDrive.elf.dir/Core/Startup/startup_stm32f405rgtx.s.obj
                0x08008e5c                Reset_Handler
 .text.Default_Handler
                0x08008eac        0x2 CMakeFiles/FocDrive.elf.dir/Core/Startup/startup_stm32f405rgtx.s.obj
                0x08008eac                RTC_Alarm_IRQHandler
                0x08008eac                HASH_RNG_IRQHandler
                0x08008eac                EXTI2_IRQHandler
                0x08008eac                TIM8_CC_IRQHandler
                0x08008eac                TIM1_CC_IRQHandler
                0x08008eac                DMA2_Stream5_IRQHandler
                0x08008eac                PVD_IRQHandler
                0x08008eac                SDIO_IRQHandler
                0x08008eac                TAMP_STAMP_IRQHandler
                0x08008eac                CAN2_RX1_IRQHandler
                0x08008eac                EXTI3_IRQHandler
                0x08008eac                TIM1_UP_TIM10_IRQHandler
                0x08008eac                TIM8_UP_TIM13_IRQHandler
                0x08008eac                I2C3_ER_IRQHandler
                0x08008eac                EXTI0_IRQHandler
                0x08008eac                I2C2_EV_IRQHandler
                0x08008eac                DMA1_Stream2_IRQHandler
                0x08008eac                CAN1_RX0_IRQHandler
                0x08008eac                FPU_IRQHandler
                0x08008eac                OTG_HS_WKUP_IRQHandler
                0x08008eac                CAN2_SCE_IRQHandler
                0x08008eac                DMA2_Stream2_IRQHandler
                0x08008eac                SPI1_IRQHandler
                0x08008eac                TIM6_DAC_IRQHandler
                0x08008eac                TIM1_BRK_TIM9_IRQHandler
                0x08008eac                CAN2_RX0_IRQHandler
                0x08008eac                DMA2_Stream3_IRQHandler
                0x08008eac                USART6_IRQHandler
                0x08008eac                USART3_IRQHandler
                0x08008eac                CAN1_RX1_IRQHandler
                0x08008eac                UART5_IRQHandler
                0x08008eac                DMA2_Stream0_IRQHandler
                0x08008eac                TIM4_IRQHandler
                0x08008eac                I2C1_EV_IRQHandler
                0x08008eac                DMA1_Stream1_IRQHandler
                0x08008eac                UART4_IRQHandler
                0x08008eac                TIM3_IRQHandler
                0x08008eac                RCC_IRQHandler
                0x08008eac                TIM8_BRK_TIM12_IRQHandler
                0x08008eac                Default_Handler
                0x08008eac                EXTI15_10_IRQHandler
                0x08008eac                ADC_IRQHandler
                0x08008eac                DMA1_Stream7_IRQHandler
                0x08008eac                TIM7_IRQHandler
                0x08008eac                CAN2_TX_IRQHandler
                0x08008eac                TIM5_IRQHandler
                0x08008eac                DMA2_Stream7_IRQHandler
                0x08008eac                I2C3_EV_IRQHandler
                0x08008eac                EXTI9_5_IRQHandler
                0x08008eac                RTC_WKUP_IRQHandler
                0x08008eac                SPI2_IRQHandler
                0x08008eac                OTG_HS_EP1_IN_IRQHandler
                0x08008eac                DMA1_Stream0_IRQHandler
                0x08008eac                CAN1_TX_IRQHandler
                0x08008eac                EXTI4_IRQHandler
                0x08008eac                FSMC_IRQHandler
                0x08008eac                OTG_HS_EP1_OUT_IRQHandler
                0x08008eac                WWDG_IRQHandler
                0x08008eac                TIM2_IRQHandler
                0x08008eac                OTG_FS_WKUP_IRQHandler
                0x08008eac                TIM1_TRG_COM_TIM11_IRQHandler
                0x08008eac                OTG_HS_IRQHandler
                0x08008eac                EXTI1_IRQHandler
                0x08008eac                I2C2_ER_IRQHandler
                0x08008eac                DMA2_Stream1_IRQHandler
                0x08008eac                CAN1_SCE_IRQHandler
                0x08008eac                FLASH_IRQHandler
                0x08008eac                DMA2_Stream4_IRQHandler
                0x08008eac                USART1_IRQHandler
                0x08008eac                OTG_FS_IRQHandler
                0x08008eac                SPI3_IRQHandler
                0x08008eac                DMA1_Stream4_IRQHandler
                0x08008eac                I2C1_ER_IRQHandler
                0x08008eac                DMA2_Stream6_IRQHandler
                0x08008eac                DMA1_Stream3_IRQHandler
 *fill*         0x08008eae        0x2 
 .text.HAL_Init
                0x08008eb0       0x34 CMakeFiles/FocDrive.elf.dir/Drivers/STM32F4xx_HAL_Driver/Src/stm32f4xx_hal.c.obj
                0x08008eb0                HAL_Init
 .text.HAL_IncTick
                0x08008ee4       0x18 CMakeFiles/FocDrive.elf.dir/Drivers/STM32F4xx_HAL_Driver/Src/stm32f4xx_hal.c.obj
                0x08008ee4                HAL_IncTick
 .text.HAL_GetTick
                0x08008efc        0xc CMakeFiles/FocDrive.elf.dir/Drivers/STM32F4xx_HAL_Driver/Src/stm32f4xx_hal.c.obj
                0x08008efc                HAL_GetTick
 .text.HAL_Delay
                0x08008f08       0x28 CMakeFiles/FocDrive.elf.dir/Drivers/STM32F4xx_HAL_Driver/Src/stm32f4xx_hal.c.obj
                0x08008f08                HAL_Delay
 .text.HAL_NVIC_SetPriorityGrouping
                0x08008f30       0x24 CMakeFiles/FocDrive.elf.dir/Drivers/STM32F4xx_HAL_Driver/Src/stm32f4xx_hal_cortex.c.obj
                0x08008f30                HAL_NVIC_SetPriorityGrouping
 .text.HAL_NVIC_SetPriority
                0x08008f54       0x70 CMakeFiles/FocDrive.elf.dir/Drivers/STM32F4xx_HAL_Driver/Src/stm32f4xx_hal_cortex.c.obj
                0x08008f54                HAL_NVIC_SetPriority
 .text.HAL_NVIC_EnableIRQ
                0x08008fc4       0x1c CMakeFiles/FocDrive.elf.dir/Drivers/STM32F4xx_HAL_Driver/Src/stm32f4xx_hal_cortex.c.obj
                0x08008fc4                HAL_NVIC_EnableIRQ
 .text.DMA_CalcBaseAndBitshift
                0x08008fe0       0x40 CMakeFiles/FocDrive.elf.dir/Drivers/STM32F4xx_HAL_Driver/Src/stm32f4xx_hal_dma.c.obj
 .text.DMA_CheckFifoParam
                0x08009020       0x8e CMakeFiles/FocDrive.elf.dir/Drivers/STM32F4xx_HAL_Driver/Src/stm32f4xx_hal_dma.c.obj
 *fill*         0x080090ae        0x2 
 .text.HAL_DMA_Init
                0x080090b0       0xcc CMakeFiles/FocDrive.elf.dir/Drivers/STM32F4xx_HAL_Driver/Src/stm32f4xx_hal_dma.c.obj
                0x080090b0                HAL_DMA_Init
 .text.HAL_DMA_Abort
                0x0800917c       0x94 CMakeFiles/FocDrive.elf.dir/Drivers/STM32F4xx_HAL_Driver/Src/stm32f4xx_hal_dma.c.obj
                0x0800917c                HAL_DMA_Abort
 .text.HAL_DMA_Abort_IT
                0x08009210       0x26 CMakeFiles/FocDrive.elf.dir/Drivers/STM32F4xx_HAL_Driver/Src/stm32f4xx_hal_dma.c.obj
                0x08009210                HAL_DMA_Abort_IT
 *fill*         0x08009236        0x2 
 .text.HAL_DMA_IRQHandler
                0x08009238      0x1dc CMakeFiles/FocDrive.elf.dir/Drivers/STM32F4xx_HAL_Driver/Src/stm32f4xx_hal_dma.c.obj
                0x08009238                HAL_DMA_IRQHandler
 .text.HAL_GPIO_Init
                0x08009414      0x1e4 CMakeFiles/FocDrive.elf.dir/Drivers/STM32F4xx_HAL_Driver/Src/stm32f4xx_hal_gpio.c.obj
                0x08009414                HAL_GPIO_Init
 .text.HAL_GPIO_WritePin
                0x080095f8        0xc CMakeFiles/FocDrive.elf.dir/Drivers/STM32F4xx_HAL_Driver/Src/stm32f4xx_hal_gpio.c.obj
                0x080095f8                HAL_GPIO_WritePin
 .text.HAL_RCC_OscConfig
                0x08009604      0x3f8 CMakeFiles/FocDrive.elf.dir/Drivers/STM32F4xx_HAL_Driver/Src/stm32f4xx_hal_rcc.c.obj
                0x08009604                HAL_RCC_OscConfig
 .text.HAL_RCC_GetSysClockFreq
                0x080099fc       0xc8 CMakeFiles/FocDrive.elf.dir/Drivers/STM32F4xx_HAL_Driver/Src/stm32f4xx_hal_rcc.c.obj
                0x080099fc                HAL_RCC_GetSysClockFreq
 .text.HAL_RCC_ClockConfig
                0x08009ac4      0x160 CMakeFiles/FocDrive.elf.dir/Drivers/STM32F4xx_HAL_Driver/Src/stm32f4xx_hal_rcc.c.obj
                0x08009ac4                HAL_RCC_ClockConfig
 .text.HAL_RCC_GetHCLKFreq
                0x08009c24        0xc CMakeFiles/FocDrive.elf.dir/Drivers/STM32F4xx_HAL_Driver/Src/stm32f4xx_hal_rcc.c.obj
                0x08009c24                HAL_RCC_GetHCLKFreq
 .text.HAL_RCC_GetPCLK1Freq
                0x08009c30       0x20 CMakeFiles/FocDrive.elf.dir/Drivers/STM32F4xx_HAL_Driver/Src/stm32f4xx_hal_rcc.c.obj
                0x08009c30                HAL_RCC_GetPCLK1Freq
 .text.HAL_RCC_GetPCLK2Freq
                0x08009c50       0x20 CMakeFiles/FocDrive.elf.dir/Drivers/STM32F4xx_HAL_Driver/Src/stm32f4xx_hal_rcc.c.obj
                0x08009c50                HAL_RCC_GetPCLK2Freq
 .text.HAL_RCC_GetClockConfig
                0x08009c70       0x3c CMakeFiles/FocDrive.elf.dir/Drivers/STM32F4xx_HAL_Driver/Src/stm32f4xx_hal_rcc.c.obj
                0x08009c70                HAL_RCC_GetClockConfig
 .text.SPI_WaitFlagStateUntilTimeout
                0x08009cac       0xd4 CMakeFiles/FocDrive.elf.dir/Drivers/STM32F4xx_HAL_Driver/Src/stm32f4xx_hal_spi.c.obj
 .text.SPI_EndRxTxTransaction
                0x08009d80       0x68 CMakeFiles/FocDrive.elf.dir/Drivers/STM32F4xx_HAL_Driver/Src/stm32f4xx_hal_spi.c.obj
 .text.HAL_SPI_Init
                0x08009de8       0xbe CMakeFiles/FocDrive.elf.dir/Drivers/STM32F4xx_HAL_Driver/Src/stm32f4xx_hal_spi.c.obj
                0x08009de8                HAL_SPI_Init
 .text.HAL_SPI_Transmit
                0x08009ea6      0x1b8 CMakeFiles/FocDrive.elf.dir/Drivers/STM32F4xx_HAL_Driver/Src/stm32f4xx_hal_spi.c.obj
                0x08009ea6                HAL_SPI_Transmit
 .text.HAL_SPI_TransmitReceive
                0x0800a05e      0x238 CMakeFiles/FocDrive.elf.dir/Drivers/STM32F4xx_HAL_Driver/Src/stm32f4xx_hal_spi.c.obj
                0x0800a05e                HAL_SPI_TransmitReceive
 *fill*         0x0800a296        0x2 
 .text.TIM_OC1_SetConfig
                0x0800a298       0x68 CMakeFiles/FocDrive.elf.dir/Drivers/STM32F4xx_HAL_Driver/Src/stm32f4xx_hal_tim.c.obj
 .text.TIM_OC3_SetConfig
                0x0800a300       0x70 CMakeFiles/FocDrive.elf.dir/Drivers/STM32F4xx_HAL_Driver/Src/stm32f4xx_hal_tim.c.obj
 .text.TIM_OC4_SetConfig
                0x0800a370       0x50 CMakeFiles/FocDrive.elf.dir/Drivers/STM32F4xx_HAL_Driver/Src/stm32f4xx_hal_tim.c.obj
 .text.HAL_TIM_Base_MspInit
                0x0800a3c0        0x2 CMakeFiles/FocDrive.elf.dir/Drivers/STM32F4xx_HAL_Driver/Src/stm32f4xx_hal_tim.c.obj
                0x0800a3c0                HAL_TIM_Base_MspInit
 *fill*         0x0800a3c2        0x2 
 .text.HAL_TIM_Base_Start_IT
                0x0800a3c4       0x88 CMakeFiles/FocDrive.elf.dir/Drivers/STM32F4xx_HAL_Driver/Src/stm32f4xx_hal_tim.c.obj
                0x0800a3c4                HAL_TIM_Base_Start_IT
 .text.HAL_TIM_OC_DelayElapsedCallback
                0x0800a44c        0x2 CMakeFiles/FocDrive.elf.dir/Drivers/STM32F4xx_HAL_Driver/Src/stm32f4xx_hal_tim.c.obj
                0x0800a44c                HAL_TIM_OC_DelayElapsedCallback
 .text.HAL_TIM_IC_CaptureCallback
                0x0800a44e        0x2 CMakeFiles/FocDrive.elf.dir/Drivers/STM32F4xx_HAL_Driver/Src/stm32f4xx_hal_tim.c.obj
                0x0800a44e                HAL_TIM_IC_CaptureCallback
 .text.HAL_TIM_PWM_PulseFinishedCallback
                0x0800a450        0x2 CMakeFiles/FocDrive.elf.dir/Drivers/STM32F4xx_HAL_Driver/Src/stm32f4xx_hal_tim.c.obj
                0x0800a450                HAL_TIM_PWM_PulseFinishedCallback
 .text.HAL_TIM_TriggerCallback
                0x0800a452        0x2 CMakeFiles/FocDrive.elf.dir/Drivers/STM32F4xx_HAL_Driver/Src/stm32f4xx_hal_tim.c.obj
                0x0800a452                HAL_TIM_TriggerCallback
 .text.HAL_TIM_IRQHandler
                0x0800a454      0x17a CMakeFiles/FocDrive.elf.dir/Drivers/STM32F4xx_HAL_Driver/Src/stm32f4xx_hal_tim.c.obj
                0x0800a454                HAL_TIM_IRQHandler
 *fill*         0x0800a5ce        0x2 
 .text.TIM_Base_SetConfig
                0x0800a5d0       0xc8 CMakeFiles/FocDrive.elf.dir/Drivers/STM32F4xx_HAL_Driver/Src/stm32f4xx_hal_tim.c.obj
                0x0800a5d0                TIM_Base_SetConfig
 .text.HAL_TIM_Base_Init
                0x0800a698       0x58 CMakeFiles/FocDrive.elf.dir/Drivers/STM32F4xx_HAL_Driver/Src/stm32f4xx_hal_tim.c.obj
                0x0800a698                HAL_TIM_Base_Init
 .text.HAL_TIM_PWM_Init
                0x0800a6f0       0x58 CMakeFiles/FocDrive.elf.dir/Drivers/STM32F4xx_HAL_Driver/Src/stm32f4xx_hal_tim.c.obj
                0x0800a6f0                HAL_TIM_PWM_Init
 .text.TIM_OC2_SetConfig
                0x0800a748       0x70 CMakeFiles/FocDrive.elf.dir/Drivers/STM32F4xx_HAL_Driver/Src/stm32f4xx_hal_tim.c.obj
                0x0800a748                TIM_OC2_SetConfig
 .text.HAL_TIM_PWM_ConfigChannel
                0x0800a7b8       0xdc CMakeFiles/FocDrive.elf.dir/Drivers/STM32F4xx_HAL_Driver/Src/stm32f4xx_hal_tim.c.obj
                0x0800a7b8                HAL_TIM_PWM_ConfigChannel
 .text.TIM_CCxChannelCmd
                0x0800a894       0x1e CMakeFiles/FocDrive.elf.dir/Drivers/STM32F4xx_HAL_Driver/Src/stm32f4xx_hal_tim.c.obj
                0x0800a894                TIM_CCxChannelCmd
 *fill*         0x0800a8b2        0x2 
 .text.HAL_TIM_PWM_Start
                0x0800a8b4      0x104 CMakeFiles/FocDrive.elf.dir/Drivers/STM32F4xx_HAL_Driver/Src/stm32f4xx_hal_tim.c.obj
                0x0800a8b4                HAL_TIM_PWM_Start
 .text.HAL_TIMEx_MasterConfigSynchronization
                0x0800a9b8       0x8c CMakeFiles/FocDrive.elf.dir/Drivers/STM32F4xx_HAL_Driver/Src/stm32f4xx_hal_tim_ex.c.obj
                0x0800a9b8                HAL_TIMEx_MasterConfigSynchronization
 .text.HAL_TIMEx_ConfigBreakDeadTime
                0x0800aa44       0x52 CMakeFiles/FocDrive.elf.dir/Drivers/STM32F4xx_HAL_Driver/Src/stm32f4xx_hal_tim_ex.c.obj
                0x0800aa44                HAL_TIMEx_ConfigBreakDeadTime
 .text.HAL_TIMEx_CommutCallback
                0x0800aa96        0x2 CMakeFiles/FocDrive.elf.dir/Drivers/STM32F4xx_HAL_Driver/Src/stm32f4xx_hal_tim_ex.c.obj
                0x0800aa96                HAL_TIMEx_CommutCallback
 .text.HAL_TIMEx_BreakCallback
                0x0800aa98        0x2 CMakeFiles/FocDrive.elf.dir/Drivers/STM32F4xx_HAL_Driver/Src/stm32f4xx_hal_tim_ex.c.obj
                0x0800aa98                HAL_TIMEx_BreakCallback
 .text.UART_EndRxTransfer
                0x0800aa9a       0x5c CMakeFiles/FocDrive.elf.dir/Drivers/STM32F4xx_HAL_Driver/Src/stm32f4xx_hal_uart.c.obj
 .text.UART_Transmit_IT
                0x0800aaf6       0x60 CMakeFiles/FocDrive.elf.dir/Drivers/STM32F4xx_HAL_Driver/Src/stm32f4xx_hal_uart.c.obj
 *fill*         0x0800ab56        0x2 
 .text.UART_SetConfig
                0x0800ab58      0x110 CMakeFiles/FocDrive.elf.dir/Drivers/STM32F4xx_HAL_Driver/Src/stm32f4xx_hal_uart.c.obj
 .text.UART_WaitOnFlagUntilTimeout
                0x0800ac68       0x88 CMakeFiles/FocDrive.elf.dir/Drivers/STM32F4xx_HAL_Driver/Src/stm32f4xx_hal_uart.c.obj
 .text.HAL_UART_Init
                0x0800acf0       0x5e CMakeFiles/FocDrive.elf.dir/Drivers/STM32F4xx_HAL_Driver/Src/stm32f4xx_hal_uart.c.obj
                0x0800acf0                HAL_UART_Init
 .text.HAL_UART_Transmit
                0x0800ad4e       0xd8 CMakeFiles/FocDrive.elf.dir/Drivers/STM32F4xx_HAL_Driver/Src/stm32f4xx_hal_uart.c.obj
                0x0800ad4e                HAL_UART_Transmit
 .text.HAL_UART_TxCpltCallback
                0x0800ae26        0x2 CMakeFiles/FocDrive.elf.dir/Drivers/STM32F4xx_HAL_Driver/Src/stm32f4xx_hal_uart.c.obj
                0x0800ae26                HAL_UART_TxCpltCallback
 .text.UART_EndTransmit_IT
                0x0800ae28       0x1a CMakeFiles/FocDrive.elf.dir/Drivers/STM32F4xx_HAL_Driver/Src/stm32f4xx_hal_uart.c.obj
 .text.HAL_UART_RxCpltCallback
                0x0800ae42        0x2 CMakeFiles/FocDrive.elf.dir/Drivers/STM32F4xx_HAL_Driver/Src/stm32f4xx_hal_uart.c.obj
                0x0800ae42                HAL_UART_RxCpltCallback
 .text.HAL_UART_ErrorCallback
                0x0800ae44        0x2 CMakeFiles/FocDrive.elf.dir/Drivers/STM32F4xx_HAL_Driver/Src/stm32f4xx_hal_uart.c.obj
                0x0800ae44                HAL_UART_ErrorCallback
 .text.UART_DMAAbortOnError
                0x0800ae46       0x10 CMakeFiles/FocDrive.elf.dir/Drivers/STM32F4xx_HAL_Driver/Src/stm32f4xx_hal_uart.c.obj
 .text.HAL_UARTEx_RxEventCallback
                0x0800ae56        0x2 CMakeFiles/FocDrive.elf.dir/Drivers/STM32F4xx_HAL_Driver/Src/stm32f4xx_hal_uart.c.obj
                0x0800ae56                HAL_UARTEx_RxEventCallback
 .text.UART_Receive_IT
                0x0800ae58       0xe2 CMakeFiles/FocDrive.elf.dir/Drivers/STM32F4xx_HAL_Driver/Src/stm32f4xx_hal_uart.c.obj
 *fill*         0x0800af3a        0x2 
 .text.HAL_UART_IRQHandler
                0x0800af3c      0x280 CMakeFiles/FocDrive.elf.dir/Drivers/STM32F4xx_HAL_Driver/Src/stm32f4xx_hal_uart.c.obj
                0x0800af3c                HAL_UART_IRQHandler
 .text._Z7_microsv
                0x0800b1bc       0x24 CMakeFiles/FocDrive.elf.dir/FocDrive/src/Common/time_utils.cpp.obj
                0x0800b1bc                _micros()
 .text._Z6_delaym
                0x0800b1e0        0xa CMakeFiles/FocDrive.elf.dir/FocDrive/src/Common/time_utils.cpp.obj
                0x0800b1e0                _delay(unsigned long)
 .text._Z8_delayUsm
                0x0800b1ea       0x1a CMakeFiles/FocDrive.elf.dir/FocDrive/src/Common/time_utils.cpp.obj
                0x0800b1ea                _delayUs(unsigned long)
 .text._ZN7Drv83017isReadyEv
                0x0800b204       0x14 CMakeFiles/FocDrive.elf.dir/FocDrive/src/Drivers/Instances/driver_drv8301.cpp.obj
                0x0800b204                Drv8301::isReady()
 .text._ZN7Drv83016setPwmEfff
                0x0800b218       0x9c CMakeFiles/FocDrive.elf.dir/FocDrive/src/Drivers/Instances/driver_drv8301.cpp.obj
                0x0800b218                Drv8301::setPwm(float, float, float)
 .text._ZN7Drv83016enableEv
                0x0800b2b4       0x18 CMakeFiles/FocDrive.elf.dir/FocDrive/src/Drivers/Instances/driver_drv8301.cpp.obj
                0x0800b2b4                Drv8301::enable()
 .text._ZN7Drv83017disableEv
                0x0800b2cc       0x18 CMakeFiles/FocDrive.elf.dir/FocDrive/src/Drivers/Instances/driver_drv8301.cpp.obj
                0x0800b2cc                Drv8301::disable()
 .text._ZN7Drv83016configEf
                0x0800b2e4       0x6c CMakeFiles/FocDrive.elf.dir/FocDrive/src/Drivers/Instances/driver_drv8301.cpp.obj
                0x0800b2e4                Drv8301::config(float)
 .text._ZN7Drv83017readRegEh
                0x0800b350       0x74 CMakeFiles/FocDrive.elf.dir/FocDrive/src/Drivers/Instances/driver_drv8301.cpp.obj
                0x0800b350                Drv8301::readReg(unsigned char)
 .text._ZN7Drv83016getErrEv
                0x0800b3c4       0x20 CMakeFiles/FocDrive.elf.dir/FocDrive/src/Drivers/Instances/driver_drv8301.cpp.obj
                0x0800b3c4                Drv8301::getErr()
 .text._ZN7Drv83018writeRegEht
                0x0800b3e4       0x44 CMakeFiles/FocDrive.elf.dir/FocDrive/src/Drivers/Instances/driver_drv8301.cpp.obj
                0x0800b3e4                Drv8301::writeReg(unsigned char, unsigned short)
 .text._ZN7Drv83014initEv
                0x0800b428       0xc0 CMakeFiles/FocDrive.elf.dir/FocDrive/src/Drivers/Instances/driver_drv8301.cpp.obj
                0x0800b428                Drv8301::init()
 .text._ZN9Stm32Gpio5writeEb
                0x0800b4e8       0x1a CMakeFiles/FocDrive.elf.dir/FocDrive/thirdparty/Stm32Gpio.cpp.obj
                0x0800b4e8                Stm32Gpio::write(bool)
 *fill*         0x0800b502        0x2 
 .text._Z41__static_initialization_and_destruction_0ii
                0x0800b504      0x1a0 CMakeFiles/FocDrive.elf.dir/UserApp/Main.cpp.obj
 .text._Z6EnGateb
                0x0800b6a4       0x24 CMakeFiles/FocDrive.elf.dir/UserApp/Main.cpp.obj
                0x0800b6a4                EnGate(bool)
 .text.Main     0x0800b6c8       0x9c CMakeFiles/FocDrive.elf.dir/UserApp/Main.cpp.obj
                0x0800b6c8                Main
 .text._GLOBAL__sub_I__Z6EnGateb
                0x0800b764        0xe CMakeFiles/FocDrive.elf.dir/UserApp/Main.cpp.obj
 *fill*         0x0800b772        0x2 
 .text._ZNK10__cxxabiv117__class_type_info11__do_upcastEPKS0_PPv
                0x0800b774       0x34 d:/software/toolchain/gcc-arm-none-eabi-10.3/bin/../lib/gcc/arm-none-eabi/10.3.1/../../../../arm-none-eabi/lib/thumb/v7e-m/nofp\libstdc++.a(class_type_info.o)
                0x0800b774                __cxxabiv1::__class_type_info::__do_upcast(__cxxabiv1::__class_type_info const*, void**) const
 .text._ZNK10__cxxabiv117__class_type_info20__do_find_public_srcEiPKvPKS0_S2_
                0x0800b7a8        0xc d:/software/toolchain/gcc-arm-none-eabi-10.3/bin/../lib/gcc/arm-none-eabi/10.3.1/../../../../arm-none-eabi/lib/thumb/v7e-m/nofp\libstdc++.a(class_type_info.o)
                0x0800b7a8                __cxxabiv1::__class_type_info::__do_find_public_src(int, void const*, __cxxabiv1::__class_type_info const*, void const*) const
 .text._ZN10__cxxabiv117__class_type_infoD2Ev
                0x0800b7b4       0x14 d:/software/toolchain/gcc-arm-none-eabi-10.3/bin/../lib/gcc/arm-none-eabi/10.3.1/../../../../arm-none-eabi/lib/thumb/v7e-m/nofp\libstdc++.a(class_type_info.o)
                0x0800b7b4                __cxxabiv1::__class_type_info::~__class_type_info()
                0x0800b7b4                __cxxabiv1::__class_type_info::~__class_type_info()
 .text._ZN10__cxxabiv117__class_type_infoD0Ev
                0x0800b7c8       0x1c d:/software/toolchain/gcc-arm-none-eabi-10.3/bin/../lib/gcc/arm-none-eabi/10.3.1/../../../../arm-none-eabi/lib/thumb/v7e-m/nofp\libstdc++.a(class_type_info.o)
                0x0800b7c8                __cxxabiv1::__class_type_info::~__class_type_info()
 .text._ZNK10__cxxabiv117__class_type_info12__do_dyncastEiNS0_10__sub_kindEPKS0_PKvS3_S5_RNS0_16__dyncast_resultE
                0x0800b7e4       0x44 d:/software/toolchain/gcc-arm-none-eabi-10.3/bin/../lib/gcc/arm-none-eabi/10.3.1/../../../../arm-none-eabi/lib/thumb/v7e-m/nofp\libstdc++.a(class_type_info.o)
                0x0800b7e4                __cxxabiv1::__class_type_info::__do_dyncast(int, __cxxabiv1::__class_type_info::__sub_kind, __cxxabiv1::__class_type_info const*, void const*, __cxxabiv1::__class_type_info const*, void const*, __cxxabiv1::__class_type_info::__dyncast_result&) const
 .text._ZNK10__cxxabiv117__class_type_info11__do_upcastEPKS0_PKvRNS0_15__upcast_resultE
                0x0800b828       0x1c d:/software/toolchain/gcc-arm-none-eabi-10.3/bin/../lib/gcc/arm-none-eabi/10.3.1/../../../../arm-none-eabi/lib/thumb/v7e-m/nofp\libstdc++.a(class_type_info.o)
                0x0800b828                __cxxabiv1::__class_type_info::__do_upcast(__cxxabiv1::__class_type_info const*, void const*, __cxxabiv1::__class_type_info::__upcast_result&) const
 .text._ZNK10__cxxabiv117__class_type_info10__do_catchEPKSt9type_infoPPvj
                0x0800b844       0x2c d:/software/toolchain/gcc-arm-none-eabi-10.3/bin/../lib/gcc/arm-none-eabi/10.3.1/../../../../arm-none-eabi/lib/thumb/v7e-m/nofp\libstdc++.a(class_type_info.o)
                0x0800b844                __cxxabiv1::__class_type_info::__do_catch(std::type_info const*, void**, unsigned int) const
 .text._ZdlPvj  0x0800b870        0x4 d:/software/toolchain/gcc-arm-none-eabi-10.3/bin/../lib/gcc/arm-none-eabi/10.3.1/../../../../arm-none-eabi/lib/thumb/v7e-m/nofp\libstdc++.a(del_ops.o)
                0x0800b870                operator delete(void*, unsigned int)
 .text.__cxa_pure_virtual
                0x0800b874       0x14 d:/software/toolchain/gcc-arm-none-eabi-10.3/bin/../lib/gcc/arm-none-eabi/10.3.1/../../../../arm-none-eabi/lib/thumb/v7e-m/nofp\libstdc++.a(pure.o)
                0x0800b874                __cxa_pure_virtual
 .text._ZN10__cxxabiv120__si_class_type_infoD2Ev
                0x0800b888       0x14 d:/software/toolchain/gcc-arm-none-eabi-10.3/bin/../lib/gcc/arm-none-eabi/10.3.1/../../../../arm-none-eabi/lib/thumb/v7e-m/nofp\libstdc++.a(si_class_type_info.o)
                0x0800b888                __cxxabiv1::__si_class_type_info::~__si_class_type_info()
                0x0800b888                __cxxabiv1::__si_class_type_info::~__si_class_type_info()
 .text._ZN10__cxxabiv120__si_class_type_infoD0Ev
                0x0800b89c       0x1c d:/software/toolchain/gcc-arm-none-eabi-10.3/bin/../lib/gcc/arm-none-eabi/10.3.1/../../../../arm-none-eabi/lib/thumb/v7e-m/nofp\libstdc++.a(si_class_type_info.o)
                0x0800b89c                __cxxabiv1::__si_class_type_info::~__si_class_type_info()
 .text._ZNK10__cxxabiv120__si_class_type_info20__do_find_public_srcEiPKvPKNS_17__class_type_infoES2_
                0x0800b8b8       0x3c d:/software/toolchain/gcc-arm-none-eabi-10.3/bin/../lib/gcc/arm-none-eabi/10.3.1/../../../../arm-none-eabi/lib/thumb/v7e-m/nofp\libstdc++.a(si_class_type_info.o)
                0x0800b8b8                __cxxabiv1::__si_class_type_info::__do_find_public_src(int, void const*, __cxxabiv1::__class_type_info const*, void const*) const
 .text._ZNK10__cxxabiv120__si_class_type_info12__do_dyncastEiNS_17__class_type_info10__sub_kindEPKS1_PKvS4_S6_RNS1_16__dyncast_resultE
                0x0800b8f4       0x84 d:/software/toolchain/gcc-arm-none-eabi-10.3/bin/../lib/gcc/arm-none-eabi/10.3.1/../../../../arm-none-eabi/lib/thumb/v7e-m/nofp\libstdc++.a(si_class_type_info.o)
                0x0800b8f4                __cxxabiv1::__si_class_type_info::__do_dyncast(int, __cxxabiv1::__class_type_info::__sub_kind, __cxxabiv1::__class_type_info const*, void const*, __cxxabiv1::__class_type_info const*, void const*, __cxxabiv1::__class_type_info::__dyncast_result&) const
 .text._ZNK10__cxxabiv120__si_class_type_info11__do_upcastEPKNS_17__class_type_infoEPKvRNS1_15__upcast_resultE
                0x0800b978       0x2c d:/software/toolchain/gcc-arm-none-eabi-10.3/bin/../lib/gcc/arm-none-eabi/10.3.1/../../../../arm-none-eabi/lib/thumb/v7e-m/nofp\libstdc++.a(si_class_type_info.o)
                0x0800b978                __cxxabiv1::__si_class_type_info::__do_upcast(__cxxabiv1::__class_type_info const*, void const*, __cxxabiv1::__class_type_info::__upcast_result&) const
 .text._ZNSt9type_infoD2Ev
                0x0800b9a4        0x4 d:/software/toolchain/gcc-arm-none-eabi-10.3/bin/../lib/gcc/arm-none-eabi/10.3.1/../../../../arm-none-eabi/lib/thumb/v7e-m/nofp\libstdc++.a(tinfo.o)
                0x0800b9a4                std::type_info::~type_info()
                0x0800b9a4                std::type_info::~type_info()
 .text._ZNKSt9type_info14__is_pointer_pEv
                0x0800b9a8        0x4 d:/software/toolchain/gcc-arm-none-eabi-10.3/bin/../lib/gcc/arm-none-eabi/10.3.1/../../../../arm-none-eabi/lib/thumb/v7e-m/nofp\libstdc++.a(tinfo.o)
                0x0800b9a8                std::type_info::__is_pointer_p() const
                0x0800b9a8                std::type_info::__is_function_p() const
 .text._ZNKSt9type_infoeqERKS_
                0x0800b9ac       0x2c d:/software/toolchain/gcc-arm-none-eabi-10.3/bin/../lib/gcc/arm-none-eabi/10.3.1/../../../../arm-none-eabi/lib/thumb/v7e-m/nofp\libstdc++.a(tinfo.o)
                0x0800b9ac                std::type_info::operator==(std::type_info const&) const
 .text._ZdlPv   0x0800b9d8        0x4 d:/software/toolchain/gcc-arm-none-eabi-10.3/bin/../lib/gcc/arm-none-eabi/10.3.1/../../../../arm-none-eabi/lib/thumb/v7e-m/nofp\libstdc++.a(del_op.o)
                0x0800b9d8                operator delete(void*)
 .text._ZN10__cxxabiv111__terminateEPFvvE
                0x0800b9dc       0x28 d:/software/toolchain/gcc-arm-none-eabi-10.3/bin/../lib/gcc/arm-none-eabi/10.3.1/../../../../arm-none-eabi/lib/thumb/v7e-m/nofp\libstdc++.a(eh_terminate.o)
                0x0800b9dc                __cxxabiv1::__terminate(void (*)())
 .text._ZSt9terminatev
                0x0800ba04       0x14 d:/software/toolchain/gcc-arm-none-eabi-10.3/bin/../lib/gcc/arm-none-eabi/10.3.1/../../../../arm-none-eabi/lib/thumb/v7e-m/nofp\libstdc++.a(eh_terminate.o)
                0x0800ba04                std::terminate()
 .text._ZN10__cxxabiv112__unexpectedEPFvvE
                0x0800ba18        0x8 d:/software/toolchain/gcc-arm-none-eabi-10.3/bin/../lib/gcc/arm-none-eabi/10.3.1/../../../../arm-none-eabi/lib/thumb/v7e-m/nofp\libstdc++.a(eh_terminate.o)
                0x0800ba18                __cxxabiv1::__unexpected(void (*)())
 .text._ZSt10unexpectedv
                0x0800ba20       0x14 d:/software/toolchain/gcc-arm-none-eabi-10.3/bin/../lib/gcc/arm-none-eabi/10.3.1/../../../../arm-none-eabi/lib/thumb/v7e-m/nofp\libstdc++.a(eh_terminate.o)
                0x0800ba20                std::unexpected()
 .text._ZSt13get_terminatev
                0x0800ba34       0x10 d:/software/toolchain/gcc-arm-none-eabi-10.3/bin/../lib/gcc/arm-none-eabi/10.3.1/../../../../arm-none-eabi/lib/thumb/v7e-m/nofp\libstdc++.a(eh_terminate.o)
                0x0800ba34                std::get_terminate()
 .text._ZSt14get_unexpectedv
                0x0800ba44       0x10 d:/software/toolchain/gcc-arm-none-eabi-10.3/bin/../lib/gcc/arm-none-eabi/10.3.1/../../../../arm-none-eabi/lib/thumb/v7e-m/nofp\libstdc++.a(eh_terminate.o)
                0x0800ba44                std::get_unexpected()
 .text._ZN9__gnu_cxx27__verbose_terminate_handlerEv
                0x0800ba54      0x10c d:/software/toolchain/gcc-arm-none-eabi-10.3/bin/../lib/gcc/arm-none-eabi/10.3.1/../../../../arm-none-eabi/lib/thumb/v7e-m/nofp\libstdc++.a(vterminate.o)
                0x0800ba54                __gnu_cxx::__verbose_terminate_handler()
 .text.__cxa_end_cleanup
                0x0800bb60        0xc d:/software/toolchain/gcc-arm-none-eabi-10.3/bin/../lib/gcc/arm-none-eabi/10.3.1/../../../../arm-none-eabi/lib/thumb/v7e-m/nofp\libstdc++.a(eh_arm.o)
                0x0800bb60                __cxa_end_cleanup
 .text.__cxa_type_match
                0x0800bb6c       0xb4 d:/software/toolchain/gcc-arm-none-eabi-10.3/bin/../lib/gcc/arm-none-eabi/10.3.1/../../../../arm-none-eabi/lib/thumb/v7e-m/nofp\libstdc++.a(eh_arm.o)
                0x0800bb6c                __cxa_type_match
 .text.__cxa_begin_cleanup
                0x0800bc20       0x64 d:/software/toolchain/gcc-arm-none-eabi-10.3/bin/../lib/gcc/arm-none-eabi/10.3.1/../../../../arm-none-eabi/lib/thumb/v7e-m/nofp\libstdc++.a(eh_arm.o)
                0x0800bc20                __cxa_begin_cleanup
 .text.__gnu_end_cleanup
                0x0800bc84       0x70 d:/software/toolchain/gcc-arm-none-eabi-10.3/bin/../lib/gcc/arm-none-eabi/10.3.1/../../../../arm-none-eabi/lib/thumb/v7e-m/nofp\libstdc++.a(eh_arm.o)
                0x0800bc84                __gnu_end_cleanup
 .text._ZN10__cxxabiv1L24__is_gxx_exception_classEPc
                0x0800bcf4       0x3c d:/software/toolchain/gcc-arm-none-eabi-10.3/bin/../lib/gcc/arm-none-eabi/10.3.1/../../../../arm-none-eabi/lib/thumb/v7e-m/nofp\libstdc++.a(eh_call.o)
 .text.__cxa_call_terminate
                0x0800bd30       0x20 d:/software/toolchain/gcc-arm-none-eabi-10.3/bin/../lib/gcc/arm-none-eabi/10.3.1/../../../../arm-none-eabi/lib/thumb/v7e-m/nofp\libstdc++.a(eh_call.o)
                0x0800bd30                __cxa_call_terminate
 .text.unlikely.__cxa_call_unexpected
                0x0800bd50       0xe4 d:/software/toolchain/gcc-arm-none-eabi-10.3/bin/../lib/gcc/arm-none-eabi/10.3.1/../../../../arm-none-eabi/lib/thumb/v7e-m/nofp\libstdc++.a(eh_call.o)
                0x0800bd50                __cxa_call_unexpected
 .text.__cxa_begin_catch
                0x0800be34       0x7c d:/software/toolchain/gcc-arm-none-eabi-10.3/bin/../lib/gcc/arm-none-eabi/10.3.1/../../../../arm-none-eabi/lib/thumb/v7e-m/nofp\libstdc++.a(eh_catch.o)
                0x0800be34                __cxa_begin_catch
 .text.__cxa_end_catch
                0x0800beb0       0x8c d:/software/toolchain/gcc-arm-none-eabi-10.3/bin/../lib/gcc/arm-none-eabi/10.3.1/../../../../arm-none-eabi/lib/thumb/v7e-m/nofp\libstdc++.a(eh_catch.o)
                0x0800beb0                __cxa_end_catch
 .text._ZNSt13bad_exceptionD2Ev
                0x0800bf3c        0x4 d:/software/toolchain/gcc-arm-none-eabi-10.3/bin/../lib/gcc/arm-none-eabi/10.3.1/../../../../arm-none-eabi/lib/thumb/v7e-m/nofp\libstdc++.a(eh_exception.o)
                0x0800bf3c                std::bad_exception::~bad_exception()
                0x0800bf3c                std::bad_exception::~bad_exception()
 .text._ZNKSt13bad_exception4whatEv
                0x0800bf40        0x8 d:/software/toolchain/gcc-arm-none-eabi-10.3/bin/../lib/gcc/arm-none-eabi/10.3.1/../../../../arm-none-eabi/lib/thumb/v7e-m/nofp\libstdc++.a(eh_exception.o)
                0x0800bf40                std::bad_exception::what() const
                0x0800bf40                transaction clone for std::bad_exception::what() const
 .text._ZNSt13bad_exceptionD0Ev
                0x0800bf48       0x10 d:/software/toolchain/gcc-arm-none-eabi-10.3/bin/../lib/gcc/arm-none-eabi/10.3.1/../../../../arm-none-eabi/lib/thumb/v7e-m/nofp\libstdc++.a(eh_exception.o)
                0x0800bf48                std::bad_exception::~bad_exception()
 .text.__cxa_get_globals_fast
                0x0800bf58        0x8 d:/software/toolchain/gcc-arm-none-eabi-10.3/bin/../lib/gcc/arm-none-eabi/10.3.1/../../../../arm-none-eabi/lib/thumb/v7e-m/nofp\libstdc++.a(eh_globals.o)
                0x0800bf58                __cxa_get_globals_fast
 .text.__cxa_get_globals
                0x0800bf60        0x8 d:/software/toolchain/gcc-arm-none-eabi-10.3/bin/../lib/gcc/arm-none-eabi/10.3.1/../../../../arm-none-eabi/lib/thumb/v7e-m/nofp\libstdc++.a(eh_globals.o)
                0x0800bf60                __cxa_get_globals
 .text._ZL28read_encoded_value_with_basehjPKhPj
                0x0800bf68       0xc0 d:/software/toolchain/gcc-arm-none-eabi-10.3/bin/../lib/gcc/arm-none-eabi/10.3.1/../../../../arm-none-eabi/lib/thumb/v7e-m/nofp\libstdc++.a(eh_personality.o)
 .text._ZL21base_of_encoded_valuehP15_Unwind_Context
                0x0800c028       0x48 d:/software/toolchain/gcc-arm-none-eabi-10.3/bin/../lib/gcc/arm-none-eabi/10.3.1/../../../../arm-none-eabi/lib/thumb/v7e-m/nofp\libstdc++.a(eh_personality.o)
 .text._ZL17parse_lsda_headerP15_Unwind_ContextPKhP16lsda_header_info
                0x0800c070       0x94 d:/software/toolchain/gcc-arm-none-eabi-10.3/bin/../lib/gcc/arm-none-eabi/10.3.1/../../../../arm-none-eabi/lib/thumb/v7e-m/nofp\libstdc++.a(eh_personality.o)
 .text.__gxx_personality_v0
                0x0800c104      0x4a8 d:/software/toolchain/gcc-arm-none-eabi-10.3/bin/../lib/gcc/arm-none-eabi/10.3.1/../../../../arm-none-eabi/lib/thumb/v7e-m/nofp\libstdc++.a(eh_personality.o)
                0x0800c104                __gxx_personality_v0
 .text._ZL23__gxx_exception_cleanup19_Unwind_Reason_CodeP21_Unwind_Control_Block
                0x0800c5ac       0x44 d:/software/toolchain/gcc-arm-none-eabi-10.3/bin/../lib/gcc/arm-none-eabi/10.3.1/../../../../arm-none-eabi/lib/thumb/v7e-m/nofp\libstdc++.a(eh_throw.o)
 .text.__cxa_init_primary_exception
                0x0800c5f0       0x58 d:/software/toolchain/gcc-arm-none-eabi-10.3/bin/../lib/gcc/arm-none-eabi/10.3.1/../../../../arm-none-eabi/lib/thumb/v7e-m/nofp\libstdc++.a(eh_throw.o)
                0x0800c5f0                __cxa_init_primary_exception
 .text.__cxa_throw
                0x0800c648       0x34 d:/software/toolchain/gcc-arm-none-eabi-10.3/bin/../lib/gcc/arm-none-eabi/10.3.1/../../../../arm-none-eabi/lib/thumb/v7e-m/nofp\libstdc++.a(eh_throw.o)
                0x0800c648                __cxa_throw
 .text.__cxa_rethrow
                0x0800c67c       0x70 d:/software/toolchain/gcc-arm-none-eabi-10.3/bin/../lib/gcc/arm-none-eabi/10.3.1/../../../../arm-none-eabi/lib/thumb/v7e-m/nofp\libstdc++.a(eh_throw.o)
                0x0800c67c                __cxa_rethrow
 .text.__cxa_current_exception_type
                0x0800c6ec       0x1c d:/software/toolchain/gcc-arm-none-eabi-10.3/bin/../lib/gcc/arm-none-eabi/10.3.1/../../../../arm-none-eabi/lib/thumb/v7e-m/nofp\libstdc++.a(eh_type.o)
                0x0800c6ec                __cxa_current_exception_type
 .text._ZN12_GLOBAL__N_14pool4freeEPv.constprop.0
                0x0800c708       0x88 d:/software/toolchain/gcc-arm-none-eabi-10.3/bin/../lib/gcc/arm-none-eabi/10.3.1/../../../../arm-none-eabi/lib/thumb/v7e-m/nofp\libstdc++.a(eh_alloc.o)
 .text._ZN12_GLOBAL__N_14pool8allocateEj.constprop.0
                0x0800c790       0x5c d:/software/toolchain/gcc-arm-none-eabi-10.3/bin/../lib/gcc/arm-none-eabi/10.3.1/../../../../arm-none-eabi/lib/thumb/v7e-m/nofp\libstdc++.a(eh_alloc.o)
 .text.__cxa_allocate_exception
                0x0800c7ec       0x30 d:/software/toolchain/gcc-arm-none-eabi-10.3/bin/../lib/gcc/arm-none-eabi/10.3.1/../../../../arm-none-eabi/lib/thumb/v7e-m/nofp\libstdc++.a(eh_alloc.o)
                0x0800c7ec                __cxa_allocate_exception
 .text.__cxa_free_exception
                0x0800c81c       0x20 d:/software/toolchain/gcc-arm-none-eabi-10.3/bin/../lib/gcc/arm-none-eabi/10.3.1/../../../../arm-none-eabi/lib/thumb/v7e-m/nofp\libstdc++.a(eh_alloc.o)
                0x0800c81c                __cxa_free_exception
 .text.startup._GLOBAL__sub_I__ZN9__gnu_cxx9__freeresEv
                0x0800c83c       0x28 d:/software/toolchain/gcc-arm-none-eabi-10.3/bin/../lib/gcc/arm-none-eabi/10.3.1/../../../../arm-none-eabi/lib/thumb/v7e-m/nofp\libstdc++.a(eh_alloc.o)
 .text.unlikely
                0x0800c864        0xc d:/software/toolchain/gcc-arm-none-eabi-10.3/bin/../lib/gcc/arm-none-eabi/10.3.1/thumb/v7e-m/nofp\libgcc.a(pr-support.o)
                0x0800c864                _Unwind_GetDataRelBase
                0x0800c86a                _Unwind_GetTextRelBase
 .text.abort    0x0800c870       0x10 d:/software/toolchain/gcc-arm-none-eabi-10.3/bin/../lib/gcc/arm-none-eabi/10.3.1/../../../../arm-none-eabi/lib/thumb/v7e-m/nofp\libg.a(lib_a-abort.o)
                0x0800c870                abort
 .text.__errno  0x0800c880        0xc d:/software/toolchain/gcc-arm-none-eabi-10.3/bin/../lib/gcc/arm-none-eabi/10.3.1/../../../../arm-none-eabi/lib/thumb/v7e-m/nofp\libg.a(lib_a-errno.o)
                0x0800c880                __errno
 .text.fputc    0x0800c88c       0x58 d:/software/toolchain/gcc-arm-none-eabi-10.3/bin/../lib/gcc/arm-none-eabi/10.3.1/../../../../arm-none-eabi/lib/thumb/v7e-m/nofp\libg.a(lib_a-fputc.o)
                0x0800c88c                fputc
 .text._fputs_r
                0x0800c8e4       0x88 d:/software/toolchain/gcc-arm-none-eabi-10.3/bin/../lib/gcc/arm-none-eabi/10.3.1/../../../../arm-none-eabi/lib/thumb/v7e-m/nofp\libg.a(lib_a-fputs.o)
                0x0800c8e4                _fputs_r
 .text.fputs    0x0800c96c       0x18 d:/software/toolchain/gcc-arm-none-eabi-10.3/bin/../lib/gcc/arm-none-eabi/10.3.1/../../../../arm-none-eabi/lib/thumb/v7e-m/nofp\libg.a(lib_a-fputs.o)
                0x0800c96c                fputs
 .text.__sfvwrite_r
                0x0800c984      0x2e8 d:/software/toolchain/gcc-arm-none-eabi-10.3/bin/../lib/gcc/arm-none-eabi/10.3.1/../../../../arm-none-eabi/lib/thumb/v7e-m/nofp\libg.a(lib_a-fvwrite.o)
                0x0800c984                __sfvwrite_r
 .text._fwrite_r
                0x0800cc6c       0xa8 d:/software/toolchain/gcc-arm-none-eabi-10.3/bin/../lib/gcc/arm-none-eabi/10.3.1/../../../../arm-none-eabi/lib/thumb/v7e-m/nofp\libg.a(lib_a-fwrite.o)
                0x0800cc6c                _fwrite_r
 .text.fwrite   0x0800cd14       0x20 d:/software/toolchain/gcc-arm-none-eabi-10.3/bin/../lib/gcc/arm-none-eabi/10.3.1/../../../../arm-none-eabi/lib/thumb/v7e-m/nofp\libg.a(lib_a-fwrite.o)
                0x0800cd14                fwrite
 .text.__libc_init_array
                0x0800cd34       0x48 d:/software/toolchain/gcc-arm-none-eabi-10.3/bin/../lib/gcc/arm-none-eabi/10.3.1/../../../../arm-none-eabi/lib/thumb/v7e-m/nofp\libg.a(lib_a-init.o)
                0x0800cd34                __libc_init_array
 .text.__retarget_lock_init_recursive
                0x0800cd7c        0x4 d:/software/toolchain/gcc-arm-none-eabi-10.3/bin/../lib/gcc/arm-none-eabi/10.3.1/../../../../arm-none-eabi/lib/thumb/v7e-m/nofp\libg.a(lib_a-lock.o)
                0x0800cd7c                __retarget_lock_init_recursive
 .text.__retarget_lock_close_recursive
                0x0800cd80        0x4 d:/software/toolchain/gcc-arm-none-eabi-10.3/bin/../lib/gcc/arm-none-eabi/10.3.1/../../../../arm-none-eabi/lib/thumb/v7e-m/nofp\libg.a(lib_a-lock.o)
                0x0800cd80                __retarget_lock_close_recursive
 .text.__retarget_lock_acquire_recursive
                0x0800cd84        0x4 d:/software/toolchain/gcc-arm-none-eabi-10.3/bin/../lib/gcc/arm-none-eabi/10.3.1/../../../../arm-none-eabi/lib/thumb/v7e-m/nofp\libg.a(lib_a-lock.o)
                0x0800cd84                __retarget_lock_acquire_recursive
 .text.__retarget_lock_release_recursive
                0x0800cd88        0x4 d:/software/toolchain/gcc-arm-none-eabi-10.3/bin/../lib/gcc/arm-none-eabi/10.3.1/../../../../arm-none-eabi/lib/thumb/v7e-m/nofp\libg.a(lib_a-lock.o)
                0x0800cd88                __retarget_lock_release_recursive
 .text.malloc   0x0800cd8c       0x10 d:/software/toolchain/gcc-arm-none-eabi-10.3/bin/../lib/gcc/arm-none-eabi/10.3.1/../../../../arm-none-eabi/lib/thumb/v7e-m/nofp\libg.a(lib_a-malloc.o)
                0x0800cd8c                malloc
 .text.free     0x0800cd9c       0x10 d:/software/toolchain/gcc-arm-none-eabi-10.3/bin/../lib/gcc/arm-none-eabi/10.3.1/../../../../arm-none-eabi/lib/thumb/v7e-m/nofp\libg.a(lib_a-malloc.o)
                0x0800cd9c                free
 .text._malloc_r
                0x0800cdac      0x560 d:/software/toolchain/gcc-arm-none-eabi-10.3/bin/../lib/gcc/arm-none-eabi/10.3.1/../../../../arm-none-eabi/lib/thumb/v7e-m/nofp\libg.a(lib_a-mallocr.o)
                0x0800cdac                _malloc_r
 .text.memcmp   0x0800d30c       0x68 d:/software/toolchain/gcc-arm-none-eabi-10.3/bin/../lib/gcc/arm-none-eabi/10.3.1/../../../../arm-none-eabi/lib/thumb/v7e-m/nofp\libg.a(lib_a-memcmp.o)
                0x0800d30c                memcmp
 .text.memmove  0x0800d374       0xf8 d:/software/toolchain/gcc-arm-none-eabi-10.3/bin/../lib/gcc/arm-none-eabi/10.3.1/../../../../arm-none-eabi/lib/thumb/v7e-m/nofp\libg.a(lib_a-memmove.o)
                0x0800d374                memmove
 .text.memset   0x0800d46c       0xa4 d:/software/toolchain/gcc-arm-none-eabi-10.3/bin/../lib/gcc/arm-none-eabi/10.3.1/../../../../arm-none-eabi/lib/thumb/v7e-m/nofp\libg.a(lib_a-memset.o)
                0x0800d46c                memset
 .text.__malloc_lock
                0x0800d510        0xc d:/software/toolchain/gcc-arm-none-eabi-10.3/bin/../lib/gcc/arm-none-eabi/10.3.1/../../../../arm-none-eabi/lib/thumb/v7e-m/nofp\libg.a(lib_a-mlock.o)
                0x0800d510                __malloc_lock
 .text.__malloc_unlock
                0x0800d51c        0xc d:/software/toolchain/gcc-arm-none-eabi-10.3/bin/../lib/gcc/arm-none-eabi/10.3.1/../../../../arm-none-eabi/lib/thumb/v7e-m/nofp\libg.a(lib_a-mlock.o)
                0x0800d51c                __malloc_unlock
 .text.printf   0x0800d528       0x28 d:/software/toolchain/gcc-arm-none-eabi-10.3/bin/../lib/gcc/arm-none-eabi/10.3.1/../../../../arm-none-eabi/lib/thumb/v7e-m/nofp\libg.a(lib_a-printf.o)
                0x0800d528                printf
 .text._putc_r  0x0800d550       0x74 d:/software/toolchain/gcc-arm-none-eabi-10.3/bin/../lib/gcc/arm-none-eabi/10.3.1/../../../../arm-none-eabi/lib/thumb/v7e-m/nofp\libg.a(lib_a-putc.o)
                0x0800d550                _putc_r
 .text._puts_r  0x0800d5c4       0x9c d:/software/toolchain/gcc-arm-none-eabi-10.3/bin/../lib/gcc/arm-none-eabi/10.3.1/../../../../arm-none-eabi/lib/thumb/v7e-m/nofp\libg.a(lib_a-puts.o)
                0x0800d5c4                _puts_r
 .text.puts     0x0800d660       0x10 d:/software/toolchain/gcc-arm-none-eabi-10.3/bin/../lib/gcc/arm-none-eabi/10.3.1/../../../../arm-none-eabi/lib/thumb/v7e-m/nofp\libg.a(lib_a-puts.o)
                0x0800d660                puts
 .text.realloc  0x0800d670       0x18 d:/software/toolchain/gcc-arm-none-eabi-10.3/bin/../lib/gcc/arm-none-eabi/10.3.1/../../../../arm-none-eabi/lib/thumb/v7e-m/nofp\libg.a(lib_a-realloc.o)
                0x0800d670                realloc
 .text._realloc_r
                0x0800d688      0x3d8 d:/software/toolchain/gcc-arm-none-eabi-10.3/bin/../lib/gcc/arm-none-eabi/10.3.1/../../../../arm-none-eabi/lib/thumb/v7e-m/nofp\libg.a(lib_a-reallocr.o)
                0x0800d688                _realloc_r
 .text._sbrk_r  0x0800da60       0x24 d:/software/toolchain/gcc-arm-none-eabi-10.3/bin/../lib/gcc/arm-none-eabi/10.3.1/../../../../arm-none-eabi/lib/thumb/v7e-m/nofp\libg.a(lib_a-sbrkr.o)
                0x0800da60                _sbrk_r
 .text.raise    0x0800da84       0x5c d:/software/toolchain/gcc-arm-none-eabi-10.3/bin/../lib/gcc/arm-none-eabi/10.3.1/../../../../arm-none-eabi/lib/thumb/v7e-m/nofp\libg.a(lib_a-signal.o)
                0x0800da84                raise
 .text._kill_r  0x0800dae0       0x2c d:/software/toolchain/gcc-arm-none-eabi-10.3/bin/../lib/gcc/arm-none-eabi/10.3.1/../../../../arm-none-eabi/lib/thumb/v7e-m/nofp\libg.a(lib_a-signalr.o)
                0x0800dae0                _kill_r
 .text._getpid_r
                0x0800db0c        0x4 d:/software/toolchain/gcc-arm-none-eabi-10.3/bin/../lib/gcc/arm-none-eabi/10.3.1/../../../../arm-none-eabi/lib/thumb/v7e-m/nofp\libg.a(lib_a-signalr.o)
                0x0800db0c                _getpid_r
 .text.sprintf  0x0800db10       0x40 d:/software/toolchain/gcc-arm-none-eabi-10.3/bin/../lib/gcc/arm-none-eabi/10.3.1/../../../../arm-none-eabi/lib/thumb/v7e-m/nofp\libg.a(lib_a-sprintf.o)
                0x0800db10                sprintf
 .text.strncmp  0x0800db50       0x80 d:/software/toolchain/gcc-arm-none-eabi-10.3/bin/../lib/gcc/arm-none-eabi/10.3.1/../../../../arm-none-eabi/lib/thumb/v7e-m/nofp\libg.a(lib_a-strncmp.o)
                0x0800db50                strncmp
 .text._svfprintf_r
                0x0800dbd0     0x1a3c d:/software/toolchain/gcc-arm-none-eabi-10.3/bin/../lib/gcc/arm-none-eabi/10.3.1/../../../../arm-none-eabi/lib/thumb/v7e-m/nofp\libg.a(lib_a-svfprintf.o)
                0x0800dbd0                _svfprintf_r
 .text.write    0x0800f60c       0x18 d:/software/toolchain/gcc-arm-none-eabi-10.3/bin/../lib/gcc/arm-none-eabi/10.3.1/../../../../arm-none-eabi/lib/thumb/v7e-m/nofp\libg.a(lib_a-syswrite.o)
                0x0800f60c                write
 .text._vfprintf_r
                0x0800f624     0x1ad4 d:/software/toolchain/gcc-arm-none-eabi-10.3/bin/../lib/gcc/arm-none-eabi/10.3.1/../../../../arm-none-eabi/lib/thumb/v7e-m/nofp\libg.a(lib_a-vfprintf.o)
                0x0800f624                _vfprintf_r
 .text.__sbprintf
                0x080110f8       0x80 d:/software/toolchain/gcc-arm-none-eabi-10.3/bin/../lib/gcc/arm-none-eabi/10.3.1/../../../../arm-none-eabi/lib/thumb/v7e-m/nofp\libg.a(lib_a-vfprintf.o)
 .text.__swbuf_r
                0x08011178       0xb0 d:/software/toolchain/gcc-arm-none-eabi-10.3/bin/../lib/gcc/arm-none-eabi/10.3.1/../../../../arm-none-eabi/lib/thumb/v7e-m/nofp\libg.a(lib_a-wbuf.o)
                0x08011178                __swbuf_r
 .text._write_r
                0x08011228       0x2c d:/software/toolchain/gcc-arm-none-eabi-10.3/bin/../lib/gcc/arm-none-eabi/10.3.1/../../../../arm-none-eabi/lib/thumb/v7e-m/nofp\libg.a(lib_a-writer.o)
                0x08011228                _write_r
 .text.__swsetup_r
                0x08011254       0xd4 d:/software/toolchain/gcc-arm-none-eabi-10.3/bin/../lib/gcc/arm-none-eabi/10.3.1/../../../../arm-none-eabi/lib/thumb/v7e-m/nofp\libg.a(lib_a-wsetup.o)
                0x08011254                __swsetup_r
 .text.startup.register_fini
                0x08011328       0x14 d:/software/toolchain/gcc-arm-none-eabi-10.3/bin/../lib/gcc/arm-none-eabi/10.3.1/../../../../arm-none-eabi/lib/thumb/v7e-m/nofp\libg.a(lib_a-__call_atexit.o)
 .text.atexit   0x0801133c        0xc d:/software/toolchain/gcc-arm-none-eabi-10.3/bin/../lib/gcc/arm-none-eabi/10.3.1/../../../../arm-none-eabi/lib/thumb/v7e-m/nofp\libg.a(lib_a-atexit.o)
                0x0801133c                atexit
 .text.quorem   0x08011348      0x124 d:/software/toolchain/gcc-arm-none-eabi-10.3/bin/../lib/gcc/arm-none-eabi/10.3.1/../../../../arm-none-eabi/lib/thumb/v7e-m/nofp\libg.a(lib_a-dtoa.o)
 *fill*         0x0801146c        0x4 
 .text._dtoa_r  0x08011470      0xec4 d:/software/toolchain/gcc-arm-none-eabi-10.3/bin/../lib/gcc/arm-none-eabi/10.3.1/../../../../arm-none-eabi/lib/thumb/v7e-m/nofp\libg.a(lib_a-dtoa.o)
                0x08011470                _dtoa_r
 .text.__sflush_r
                0x08012334      0x120 d:/software/toolchain/gcc-arm-none-eabi-10.3/bin/../lib/gcc/arm-none-eabi/10.3.1/../../../../arm-none-eabi/lib/thumb/v7e-m/nofp\libg.a(lib_a-fflush.o)
                0x08012334                __sflush_r
 .text._fflush_r
                0x08012454       0x5c d:/software/toolchain/gcc-arm-none-eabi-10.3/bin/../lib/gcc/arm-none-eabi/10.3.1/../../../../arm-none-eabi/lib/thumb/v7e-m/nofp\libg.a(lib_a-fflush.o)
                0x08012454                _fflush_r
 .text._cleanup_r
                0x080124b0        0xc d:/software/toolchain/gcc-arm-none-eabi-10.3/bin/../lib/gcc/arm-none-eabi/10.3.1/../../../../arm-none-eabi/lib/thumb/v7e-m/nofp\libg.a(lib_a-findfp.o)
                0x080124b0                _cleanup_r
 .text.__sinit  0x080124bc      0x10c d:/software/toolchain/gcc-arm-none-eabi-10.3/bin/../lib/gcc/arm-none-eabi/10.3.1/../../../../arm-none-eabi/lib/thumb/v7e-m/nofp\libg.a(lib_a-findfp.o)
                0x080124bc                __sinit
 .text.__sfp_lock_acquire
                0x080125c8        0xc d:/software/toolchain/gcc-arm-none-eabi-10.3/bin/../lib/gcc/arm-none-eabi/10.3.1/../../../../arm-none-eabi/lib/thumb/v7e-m/nofp\libg.a(lib_a-findfp.o)
                0x080125c8                __sfp_lock_acquire
 .text.__sfp_lock_release
                0x080125d4        0xc d:/software/toolchain/gcc-arm-none-eabi-10.3/bin/../lib/gcc/arm-none-eabi/10.3.1/../../../../arm-none-eabi/lib/thumb/v7e-m/nofp\libg.a(lib_a-findfp.o)
                0x080125d4                __sfp_lock_release
 .text.__libc_fini_array
                0x080125e0       0x2c d:/software/toolchain/gcc-arm-none-eabi-10.3/bin/../lib/gcc/arm-none-eabi/10.3.1/../../../../arm-none-eabi/lib/thumb/v7e-m/nofp\libg.a(lib_a-fini.o)
                0x080125e0                __libc_fini_array
 .text._malloc_trim_r
                0x0801260c       0xa0 d:/software/toolchain/gcc-arm-none-eabi-10.3/bin/../lib/gcc/arm-none-eabi/10.3.1/../../../../arm-none-eabi/lib/thumb/v7e-m/nofp\libg.a(lib_a-freer.o)
                0x0801260c                _malloc_trim_r
 .text._free_r  0x080126ac      0x20c d:/software/toolchain/gcc-arm-none-eabi-10.3/bin/../lib/gcc/arm-none-eabi/10.3.1/../../../../arm-none-eabi/lib/thumb/v7e-m/nofp\libg.a(lib_a-freer.o)
                0x080126ac                _free_r
 .text._fwalk_reent
                0x080128b8       0x48 d:/software/toolchain/gcc-arm-none-eabi-10.3/bin/../lib/gcc/arm-none-eabi/10.3.1/../../../../arm-none-eabi/lib/thumb/v7e-m/nofp\libg.a(lib_a-fwalk.o)
                0x080128b8                _fwalk_reent
 .text._localeconv_r
                0x08012900        0x8 d:/software/toolchain/gcc-arm-none-eabi-10.3/bin/../lib/gcc/arm-none-eabi/10.3.1/../../../../arm-none-eabi/lib/thumb/v7e-m/nofp\libg.a(lib_a-localeconv.o)
                0x08012900                _localeconv_r
 .text.__smakebuf_r
                0x08012908       0xe0 d:/software/toolchain/gcc-arm-none-eabi-10.3/bin/../lib/gcc/arm-none-eabi/10.3.1/../../../../arm-none-eabi/lib/thumb/v7e-m/nofp\libg.a(lib_a-makebuf.o)
                0x08012908                __smakebuf_r
 .text._Balloc  0x080129e8       0x4c d:/software/toolchain/gcc-arm-none-eabi-10.3/bin/../lib/gcc/arm-none-eabi/10.3.1/../../../../arm-none-eabi/lib/thumb/v7e-m/nofp\libg.a(lib_a-mprec.o)
                0x080129e8                _Balloc
 .text._Bfree   0x08012a34       0x14 d:/software/toolchain/gcc-arm-none-eabi-10.3/bin/../lib/gcc/arm-none-eabi/10.3.1/../../../../arm-none-eabi/lib/thumb/v7e-m/nofp\libg.a(lib_a-mprec.o)
                0x08012a34                _Bfree
 .text.__multadd
                0x08012a48       0xa0 d:/software/toolchain/gcc-arm-none-eabi-10.3/bin/../lib/gcc/arm-none-eabi/10.3.1/../../../../arm-none-eabi/lib/thumb/v7e-m/nofp\libg.a(lib_a-mprec.o)
                0x08012a48                __multadd
 .text.__hi0bits
                0x08012ae8       0x40 d:/software/toolchain/gcc-arm-none-eabi-10.3/bin/../lib/gcc/arm-none-eabi/10.3.1/../../../../arm-none-eabi/lib/thumb/v7e-m/nofp\libg.a(lib_a-mprec.o)
                0x08012ae8                __hi0bits
 .text.__lo0bits
                0x08012b28       0x5c d:/software/toolchain/gcc-arm-none-eabi-10.3/bin/../lib/gcc/arm-none-eabi/10.3.1/../../../../arm-none-eabi/lib/thumb/v7e-m/nofp\libg.a(lib_a-mprec.o)
                0x08012b28                __lo0bits
 .text.__i2b    0x08012b84       0x5c d:/software/toolchain/gcc-arm-none-eabi-10.3/bin/../lib/gcc/arm-none-eabi/10.3.1/../../../../arm-none-eabi/lib/thumb/v7e-m/nofp\libg.a(lib_a-mprec.o)
                0x08012b84                __i2b
 .text.__multiply
                0x08012be0      0x15c d:/software/toolchain/gcc-arm-none-eabi-10.3/bin/../lib/gcc/arm-none-eabi/10.3.1/../../../../arm-none-eabi/lib/thumb/v7e-m/nofp\libg.a(lib_a-mprec.o)
                0x08012be0                __multiply
 .text.__pow5mult
                0x08012d3c       0xc0 d:/software/toolchain/gcc-arm-none-eabi-10.3/bin/../lib/gcc/arm-none-eabi/10.3.1/../../../../arm-none-eabi/lib/thumb/v7e-m/nofp\libg.a(lib_a-mprec.o)
                0x08012d3c                __pow5mult
 .text.__lshift
                0x08012dfc       0xf0 d:/software/toolchain/gcc-arm-none-eabi-10.3/bin/../lib/gcc/arm-none-eabi/10.3.1/../../../../arm-none-eabi/lib/thumb/v7e-m/nofp\libg.a(lib_a-mprec.o)
                0x08012dfc                __lshift
 .text.__mcmp   0x08012eec       0x40 d:/software/toolchain/gcc-arm-none-eabi-10.3/bin/../lib/gcc/arm-none-eabi/10.3.1/../../../../arm-none-eabi/lib/thumb/v7e-m/nofp\libg.a(lib_a-mprec.o)
                0x08012eec                __mcmp
 .text.__mdiff  0x08012f2c      0x14c d:/software/toolchain/gcc-arm-none-eabi-10.3/bin/../lib/gcc/arm-none-eabi/10.3.1/../../../../arm-none-eabi/lib/thumb/v7e-m/nofp\libg.a(lib_a-mprec.o)
                0x08012f2c                __mdiff
 .text.__d2b    0x08013078       0xc4 d:/software/toolchain/gcc-arm-none-eabi-10.3/bin/../lib/gcc/arm-none-eabi/10.3.1/../../../../arm-none-eabi/lib/thumb/v7e-m/nofp\libg.a(lib_a-mprec.o)
                0x08013078                __d2b
 .text.frexp    0x0801313c       0x70 d:/software/toolchain/gcc-arm-none-eabi-10.3/bin/../lib/gcc/arm-none-eabi/10.3.1/../../../../arm-none-eabi/lib/thumb/v7e-m/nofp\libg.a(lib_a-s_frexp.o)
                0x0801313c                frexp
 .text.__sread  0x080131ac       0x24 d:/software/toolchain/gcc-arm-none-eabi-10.3/bin/../lib/gcc/arm-none-eabi/10.3.1/../../../../arm-none-eabi/lib/thumb/v7e-m/nofp\libg.a(lib_a-stdio.o)
                0x080131ac                __sread
 .text.__swrite
                0x080131d0       0x40 d:/software/toolchain/gcc-arm-none-eabi-10.3/bin/../lib/gcc/arm-none-eabi/10.3.1/../../../../arm-none-eabi/lib/thumb/v7e-m/nofp\libg.a(lib_a-stdio.o)
                0x080131d0                __swrite
 .text.__sseek  0x08013210       0x20 d:/software/toolchain/gcc-arm-none-eabi-10.3/bin/../lib/gcc/arm-none-eabi/10.3.1/../../../../arm-none-eabi/lib/thumb/v7e-m/nofp\libg.a(lib_a-stdio.o)
                0x08013210                __sseek
 .text.__sclose
                0x08013230        0x8 d:/software/toolchain/gcc-arm-none-eabi-10.3/bin/../lib/gcc/arm-none-eabi/10.3.1/../../../../arm-none-eabi/lib/thumb/v7e-m/nofp\libg.a(lib_a-stdio.o)
                0x08013230                __sclose
 .text.strncpy  0x08013238       0x64 d:/software/toolchain/gcc-arm-none-eabi-10.3/bin/../lib/gcc/arm-none-eabi/10.3.1/../../../../arm-none-eabi/lib/thumb/v7e-m/nofp\libg.a(lib_a-strncpy.o)
                0x08013238                strncpy
 .text.__ssprint_r
                0x0801329c       0xf8 d:/software/toolchain/gcc-arm-none-eabi-10.3/bin/../lib/gcc/arm-none-eabi/10.3.1/../../../../arm-none-eabi/lib/thumb/v7e-m/nofp\libg.a(lib_a-svfiprintf.o)
                0x0801329c                __ssprint_r
 .text.__sprint_r.part.0
                0x08013394       0x78 d:/software/toolchain/gcc-arm-none-eabi-10.3/bin/../lib/gcc/arm-none-eabi/10.3.1/../../../../arm-none-eabi/lib/thumb/v7e-m/nofp\libg.a(lib_a-vfiprintf.o)
 .text.__sprint_r
                0x0801340c       0x14 d:/software/toolchain/gcc-arm-none-eabi-10.3/bin/../lib/gcc/arm-none-eabi/10.3.1/../../../../arm-none-eabi/lib/thumb/v7e-m/nofp\libg.a(lib_a-vfiprintf.o)
                0x0801340c                __sprint_r
 .text._vfiprintf_r
                0x08013420      0xda0 d:/software/toolchain/gcc-arm-none-eabi-10.3/bin/../lib/gcc/arm-none-eabi/10.3.1/../../../../arm-none-eabi/lib/thumb/v7e-m/nofp\libg.a(lib_a-vfiprintf.o)
                0x08013420                _vfiprintf_r
 .text.__sbprintf
                0x080141c0       0x80 d:/software/toolchain/gcc-arm-none-eabi-10.3/bin/../lib/gcc/arm-none-eabi/10.3.1/../../../../arm-none-eabi/lib/thumb/v7e-m/nofp\libg.a(lib_a-vfiprintf.o)
 .text.__register_exitproc
                0x08014240       0x8c d:/software/toolchain/gcc-arm-none-eabi-10.3/bin/../lib/gcc/arm-none-eabi/10.3.1/../../../../arm-none-eabi/lib/thumb/v7e-m/nofp\libg.a(lib_a-__atexit.o)
                0x08014240                __register_exitproc
 .text.__assert_func
                0x080142cc       0x40 d:/software/toolchain/gcc-arm-none-eabi-10.3/bin/../lib/gcc/arm-none-eabi/10.3.1/../../../../arm-none-eabi/lib/thumb/v7e-m/nofp\libg.a(lib_a-assert.o)
                0x080142cc                __assert_func
 .text._calloc_r
                0x0801430c       0x78 d:/software/toolchain/gcc-arm-none-eabi-10.3/bin/../lib/gcc/arm-none-eabi/10.3.1/../../../../arm-none-eabi/lib/thumb/v7e-m/nofp\libg.a(lib_a-callocr.o)
                0x0801430c                _calloc_r
 .text._close_r
                0x08014384       0x24 d:/software/toolchain/gcc-arm-none-eabi-10.3/bin/../lib/gcc/arm-none-eabi/10.3.1/../../../../arm-none-eabi/lib/thumb/v7e-m/nofp\libg.a(lib_a-closer.o)
                0x08014384                _close_r
 .text._fclose_r
                0x080143a8       0xcc d:/software/toolchain/gcc-arm-none-eabi-10.3/bin/../lib/gcc/arm-none-eabi/10.3.1/../../../../arm-none-eabi/lib/thumb/v7e-m/nofp\libg.a(lib_a-fclose.o)
                0x080143a8                _fclose_r
 .text.fiprintf
                0x08014474       0x28 d:/software/toolchain/gcc-arm-none-eabi-10.3/bin/../lib/gcc/arm-none-eabi/10.3.1/../../../../arm-none-eabi/lib/thumb/v7e-m/nofp\libg.a(lib_a-fiprintf.o)
                0x08014474                fiprintf
 .text.__fputwc
                0x0801449c       0xa8 d:/software/toolchain/gcc-arm-none-eabi-10.3/bin/../lib/gcc/arm-none-eabi/10.3.1/../../../../arm-none-eabi/lib/thumb/v7e-m/nofp\libg.a(lib_a-fputwc.o)
                0x0801449c                __fputwc
 .text._fputwc_r
                0x08014544       0x68 d:/software/toolchain/gcc-arm-none-eabi-10.3/bin/../lib/gcc/arm-none-eabi/10.3.1/../../../../arm-none-eabi/lib/thumb/v7e-m/nofp\libg.a(lib_a-fputwc.o)
                0x08014544                _fputwc_r
 .text._fstat_r
                0x080145ac       0x2c d:/software/toolchain/gcc-arm-none-eabi-10.3/bin/../lib/gcc/arm-none-eabi/10.3.1/../../../../arm-none-eabi/lib/thumb/v7e-m/nofp\libg.a(lib_a-fstatr.o)
                0x080145ac                _fstat_r
 .text._isatty_r
                0x080145d8       0x24 d:/software/toolchain/gcc-arm-none-eabi-10.3/bin/../lib/gcc/arm-none-eabi/10.3.1/../../../../arm-none-eabi/lib/thumb/v7e-m/nofp\libg.a(lib_a-isattyr.o)
                0x080145d8                _isatty_r
 .text.__locale_mb_cur_max
                0x080145fc        0xc d:/software/toolchain/gcc-arm-none-eabi-10.3/bin/../lib/gcc/arm-none-eabi/10.3.1/../../../../arm-none-eabi/lib/thumb/v7e-m/nofp\libg.a(lib_a-locale.o)
                0x080145fc                __locale_mb_cur_max
 .text._lseek_r
                0x08014608       0x2c d:/software/toolchain/gcc-arm-none-eabi-10.3/bin/../lib/gcc/arm-none-eabi/10.3.1/../../../../arm-none-eabi/lib/thumb/v7e-m/nofp\libg.a(lib_a-lseekr.o)
                0x08014608                _lseek_r
 .text.__ascii_mbtowc
                0x08014634       0x2c d:/software/toolchain/gcc-arm-none-eabi-10.3/bin/../lib/gcc/arm-none-eabi/10.3.1/../../../../arm-none-eabi/lib/thumb/v7e-m/nofp\libg.a(lib_a-mbtowc_r.o)
                0x08014634                __ascii_mbtowc
 .text._read_r  0x08014660       0x2c d:/software/toolchain/gcc-arm-none-eabi-10.3/bin/../lib/gcc/arm-none-eabi/10.3.1/../../../../arm-none-eabi/lib/thumb/v7e-m/nofp\libg.a(lib_a-readr.o)
                0x08014660                _read_r
 .text._wcrtomb_r
                0x0801468c       0x3c d:/software/toolchain/gcc-arm-none-eabi-10.3/bin/../lib/gcc/arm-none-eabi/10.3.1/../../../../arm-none-eabi/lib/thumb/v7e-m/nofp\libg.a(lib_a-wcrtomb.o)
                0x0801468c                _wcrtomb_r
 .text.__ascii_wctomb
                0x080146c8       0x1c d:/software/toolchain/gcc-arm-none-eabi-10.3/bin/../lib/gcc/arm-none-eabi/10.3.1/../../../../arm-none-eabi/lib/thumb/v7e-m/nofp\libg.a(lib_a-wctomb_r.o)
                0x080146c8                __ascii_wctomb
 *(.glue_7)
 .glue_7        0x080146e4        0x0 linker stubs
 *(.glue_7t)
 .glue_7t       0x080146e4        0x0 linker stubs
 *(.eh_frame)
 .eh_frame      0x080146e4        0x0 d:/software/toolchain/gcc-arm-none-eabi-10.3/bin/../lib/gcc/arm-none-eabi/10.3.1/thumb/v7e-m/nofp/crtbegin.o
 *(.init)
 .init          0x080146e4        0x4 d:/software/toolchain/gcc-arm-none-eabi-10.3/bin/../lib/gcc/arm-none-eabi/10.3.1/thumb/v7e-m/nofp/crti.o
                0x080146e4                _init
 .init          0x080146e8        0x8 d:/software/toolchain/gcc-arm-none-eabi-10.3/bin/../lib/gcc/arm-none-eabi/10.3.1/thumb/v7e-m/nofp/crtn.o
 *(.fini)
 .fini          0x080146f0        0x4 d:/software/toolchain/gcc-arm-none-eabi-10.3/bin/../lib/gcc/arm-none-eabi/10.3.1/thumb/v7e-m/nofp/crti.o
                0x080146f0                _fini
 .fini          0x080146f4        0x8 d:/software/toolchain/gcc-arm-none-eabi-10.3/bin/../lib/gcc/arm-none-eabi/10.3.1/thumb/v7e-m/nofp/crtn.o
                0x080146fc                . = ALIGN (0x4)
                0x080146fc                _etext = .

.vfp11_veneer   0x080146fc        0x0
 .vfp11_veneer  0x080146fc        0x0 linker stubs

.v4_bx          0x080146fc        0x0
 .v4_bx         0x080146fc        0x0 linker stubs

.iplt           0x080146fc        0x0
 .iplt          0x080146fc        0x0 d:/software/toolchain/gcc-arm-none-eabi-10.3/bin/../lib/gcc/arm-none-eabi/10.3.1/thumb/v7e-m/nofp/crtbegin.o

.rodata         0x08014700     0x17cc
                0x08014700                . = ALIGN (0x4)
 *(.rodata)
 .rodata        0x08014700       0x10 CMakeFiles/FocDrive.elf.dir/FocDrive/src/Drivers/Instances/driver_drv8301.cpp.obj
 .rodata        0x08014710      0x7cc d:/software/toolchain/gcc-arm-none-eabi-10.3/bin/../lib/gcc/arm-none-eabi/10.3.1/../../../../arm-none-eabi/lib/thumb/v7e-m/nofp\libstdc++.a(cp-demangle.o)
 *(.rodata*)
 .rodata.AHBPrescTable
                0x08014edc       0x10 CMakeFiles/FocDrive.elf.dir/Core/Src/system_stm32f4xx.c.obj
                0x08014edc                AHBPrescTable
 .rodata.APBPrescTable
                0x08014eec        0x8 CMakeFiles/FocDrive.elf.dir/Core/Src/system_stm32f4xx.c.obj
                0x08014eec                APBPrescTable
 .rodata.flagBitshiftOffset.0
                0x08014ef4        0x8 CMakeFiles/FocDrive.elf.dir/Drivers/STM32F4xx_HAL_Driver/Src/stm32f4xx_hal_dma.c.obj
 .rodata._ZN7Drv83014initEv.str1.4
                0x08014efc       0x5c CMakeFiles/FocDrive.elf.dir/FocDrive/src/Drivers/Instances/driver_drv8301.cpp.obj
 .rodata._ZTS10DriverBase
                0x08014f58        0xd CMakeFiles/FocDrive.elf.dir/FocDrive/src/Drivers/Instances/driver_drv8301.cpp.obj
                0x08014f58                typeinfo name for DriverBase
 *fill*         0x08014f65        0x3 
 .rodata._ZTI10DriverBase
                0x08014f68        0x8 CMakeFiles/FocDrive.elf.dir/FocDrive/src/Drivers/Instances/driver_drv8301.cpp.obj
                0x08014f68                typeinfo for DriverBase
 .rodata._ZTI7Drv8301
                0x08014f70        0xc CMakeFiles/FocDrive.elf.dir/FocDrive/src/Drivers/Instances/driver_drv8301.cpp.obj
                0x08014f70                typeinfo for Drv8301
 .rodata._ZTS7Drv8301
                0x08014f7c        0x9 CMakeFiles/FocDrive.elf.dir/FocDrive/src/Drivers/Instances/driver_drv8301.cpp.obj
                0x08014f7c                typeinfo name for Drv8301
 *fill*         0x08014f85        0x3 
 .rodata._ZTV7Drv8301
                0x08014f88       0x1c CMakeFiles/FocDrive.elf.dir/FocDrive/src/Drivers/Instances/driver_drv8301.cpp.obj
                0x08014f88                vtable for Drv8301
 .rodata.Main.str1.4
                0x08014fa4       0x20 CMakeFiles/FocDrive.elf.dir/UserApp/Main.cpp.obj
 .rodata._ZTV10DriverBase
                0x08014fc4       0x1c CMakeFiles/FocDrive.elf.dir/UserApp/Main.cpp.obj
                0x08014fc4                vtable for DriverBase
 .rodata._ZTIN10__cxxabiv117__class_type_infoE
                0x08014fe0        0xc d:/software/toolchain/gcc-arm-none-eabi-10.3/bin/../lib/gcc/arm-none-eabi/10.3.1/../../../../arm-none-eabi/lib/thumb/v7e-m/nofp\libstdc++.a(class_type_info.o)
                0x08014fe0                typeinfo for __cxxabiv1::__class_type_info
 .rodata._ZTSN10__cxxabiv117__class_type_infoE
                0x08014fec       0x22 d:/software/toolchain/gcc-arm-none-eabi-10.3/bin/../lib/gcc/arm-none-eabi/10.3.1/../../../../arm-none-eabi/lib/thumb/v7e-m/nofp\libstdc++.a(class_type_info.o)
                0x08014fec                typeinfo name for __cxxabiv1::__class_type_info
 *fill*         0x0801500e        0x2 
 .rodata._ZTVN10__cxxabiv117__class_type_infoE
                0x08015010       0x2c d:/software/toolchain/gcc-arm-none-eabi-10.3/bin/../lib/gcc/arm-none-eabi/10.3.1/../../../../arm-none-eabi/lib/thumb/v7e-m/nofp\libstdc++.a(class_type_info.o)
                0x08015010                vtable for __cxxabiv1::__class_type_info
 .rodata.__cxa_pure_virtual.str1.4
                0x0801503c       0x1c d:/software/toolchain/gcc-arm-none-eabi-10.3/bin/../lib/gcc/arm-none-eabi/10.3.1/../../../../arm-none-eabi/lib/thumb/v7e-m/nofp\libstdc++.a(pure.o)
 .rodata._ZTIN10__cxxabiv120__si_class_type_infoE
                0x08015058        0xc d:/software/toolchain/gcc-arm-none-eabi-10.3/bin/../lib/gcc/arm-none-eabi/10.3.1/../../../../arm-none-eabi/lib/thumb/v7e-m/nofp\libstdc++.a(si_class_type_info.o)
                0x08015058                typeinfo for __cxxabiv1::__si_class_type_info
 .rodata._ZTSN10__cxxabiv120__si_class_type_infoE
                0x08015064       0x25 d:/software/toolchain/gcc-arm-none-eabi-10.3/bin/../lib/gcc/arm-none-eabi/10.3.1/../../../../arm-none-eabi/lib/thumb/v7e-m/nofp\libstdc++.a(si_class_type_info.o)
                0x08015064                typeinfo name for __cxxabiv1::__si_class_type_info
 *fill*         0x08015089        0x3 
 .rodata._ZTVN10__cxxabiv120__si_class_type_infoE
                0x0801508c       0x2c d:/software/toolchain/gcc-arm-none-eabi-10.3/bin/../lib/gcc/arm-none-eabi/10.3.1/../../../../arm-none-eabi/lib/thumb/v7e-m/nofp\libstdc++.a(si_class_type_info.o)
                0x0801508c                vtable for __cxxabiv1::__si_class_type_info
 .rodata._ZTISt9type_info
                0x080150b8        0x8 d:/software/toolchain/gcc-arm-none-eabi-10.3/bin/../lib/gcc/arm-none-eabi/10.3.1/../../../../arm-none-eabi/lib/thumb/v7e-m/nofp\libstdc++.a(tinfo.o)
                0x080150b8                typeinfo for std::type_info
 .rodata._ZTSSt9type_info
                0x080150c0        0xd d:/software/toolchain/gcc-arm-none-eabi-10.3/bin/../lib/gcc/arm-none-eabi/10.3.1/../../../../arm-none-eabi/lib/thumb/v7e-m/nofp\libstdc++.a(tinfo.o)
                0x080150c0                typeinfo name for std::type_info
 *fill*         0x080150cd        0x3 
 .rodata._ZN9__gnu_cxx27__verbose_terminate_handlerEv.str1.4
                0x080150d0       0x94 d:/software/toolchain/gcc-arm-none-eabi-10.3/bin/../lib/gcc/arm-none-eabi/10.3.1/../../../../arm-none-eabi/lib/thumb/v7e-m/nofp\libstdc++.a(vterminate.o)
 .rodata.str1.4
                0x08015164      0x899 d:/software/toolchain/gcc-arm-none-eabi-10.3/bin/../lib/gcc/arm-none-eabi/10.3.1/../../../../arm-none-eabi/lib/thumb/v7e-m/nofp\libstdc++.a(cp-demangle.o)
                                0x8e9 (size before relaxing)
 *fill*         0x080159fd        0x3 
 .rodata._ZNKSt13bad_exception4whatEv.str1.4
                0x08015a00       0x13 d:/software/toolchain/gcc-arm-none-eabi-10.3/bin/../lib/gcc/arm-none-eabi/10.3.1/../../../../arm-none-eabi/lib/thumb/v7e-m/nofp\libstdc++.a(eh_exception.o)
 *fill*         0x08015a13        0x1 
 .rodata._ZTIN10__cxxabiv115__forced_unwindE
                0x08015a14        0x8 d:/software/toolchain/gcc-arm-none-eabi-10.3/bin/../lib/gcc/arm-none-eabi/10.3.1/../../../../arm-none-eabi/lib/thumb/v7e-m/nofp\libstdc++.a(eh_exception.o)
                0x08015a14                typeinfo for __cxxabiv1::__forced_unwind
 .rodata._ZTIN10__cxxabiv119__foreign_exceptionE
                0x08015a1c        0x8 d:/software/toolchain/gcc-arm-none-eabi-10.3/bin/../lib/gcc/arm-none-eabi/10.3.1/../../../../arm-none-eabi/lib/thumb/v7e-m/nofp\libstdc++.a(eh_exception.o)
                0x08015a1c                typeinfo for __cxxabiv1::__foreign_exception
 .rodata._ZTISt13bad_exception
                0x08015a24        0xc d:/software/toolchain/gcc-arm-none-eabi-10.3/bin/../lib/gcc/arm-none-eabi/10.3.1/../../../../arm-none-eabi/lib/thumb/v7e-m/nofp\libstdc++.a(eh_exception.o)
                0x08015a24                typeinfo for std::bad_exception
 .rodata._ZTISt9exception
                0x08015a30        0x8 d:/software/toolchain/gcc-arm-none-eabi-10.3/bin/../lib/gcc/arm-none-eabi/10.3.1/../../../../arm-none-eabi/lib/thumb/v7e-m/nofp\libstdc++.a(eh_exception.o)
                0x08015a30                typeinfo for std::exception
 .rodata._ZTSN10__cxxabiv115__forced_unwindE