Archive member included to satisfy reference by file (symbol)

d:/software/sysgcc/arm-eabi/bin/../lib/gcc/arm-none-eabi/10.3.1/../../../../arm-none-eabi/lib/thumb/v7e-m/nofp\libm.a(lib_a-sf_floor.o)
                              CMakeFiles/FocDrive.elf.dir/FocDrive/src/Controller/motor.cpp.obj (floorf)
d:/software/sysgcc/arm-eabi/bin/../lib/gcc/arm-none-eabi/10.3.1/../../../../arm-none-eabi/lib/thumb/v7e-m/nofp\libm.a(lib_a-wf_atan2.o)
                              CMakeFiles/FocDrive.elf.dir/FocDrive/src/Controller/motor.cpp.obj (atan2f)
d:/software/sysgcc/arm-eabi/bin/../lib/gcc/arm-none-eabi/10.3.1/../../../../arm-none-eabi/lib/thumb/v7e-m/nofp\libm.a(lib_a-wf_fmod.o)
                              CMakeFiles/FocDrive.elf.dir/FocDrive/src/Common/math_utils.cpp.obj (fmodf)
d:/software/sysgcc/arm-eabi/bin/../lib/gcc/arm-none-eabi/10.3.1/../../../../arm-none-eabi/lib/thumb/v7e-m/nofp\libm.a(lib_a-ef_atan2.o)
                              d:/software/sysgcc/arm-eabi/bin/../lib/gcc/arm-none-eabi/10.3.1/../../../../arm-none-eabi/lib/thumb/v7e-m/nofp\libm.a(lib_a-wf_atan2.o) (__ieee754_atan2f)
d:/software/sysgcc/arm-eabi/bin/../lib/gcc/arm-none-eabi/10.3.1/../../../../arm-none-eabi/lib/thumb/v7e-m/nofp\libm.a(lib_a-ef_fmod.o)
                              d:/software/sysgcc/arm-eabi/bin/../lib/gcc/arm-none-eabi/10.3.1/../../../../arm-none-eabi/lib/thumb/v7e-m/nofp\libm.a(lib_a-wf_fmod.o) (__ieee754_fmodf)
d:/software/sysgcc/arm-eabi/bin/../lib/gcc/arm-none-eabi/10.3.1/../../../../arm-none-eabi/lib/thumb/v7e-m/nofp\libm.a(lib_a-sf_atan.o)
                              d:/software/sysgcc/arm-eabi/bin/../lib/gcc/arm-none-eabi/10.3.1/../../../../arm-none-eabi/lib/thumb/v7e-m/nofp\libm.a(lib_a-ef_atan2.o) (atanf)
d:/software/sysgcc/arm-eabi/bin/../lib/gcc/arm-none-eabi/10.3.1/../../../../arm-none-eabi/lib/thumb/v7e-m/nofp\libm.a(lib_a-sf_fabs.o)
                              d:/software/sysgcc/arm-eabi/bin/../lib/gcc/arm-none-eabi/10.3.1/../../../../arm-none-eabi/lib/thumb/v7e-m/nofp\libm.a(lib_a-ef_atan2.o) (fabsf)
d:/software/sysgcc/arm-eabi/bin/../lib/gcc/arm-none-eabi/10.3.1/thumb/v7e-m/nofp\libgcc.a(_arm_mulsf3.o)
                              CMakeFiles/FocDrive.elf.dir/FocDrive/src/Common/math_utils.cpp.obj (__aeabi_fmul)
d:/software/sysgcc/arm-eabi/bin/../lib/gcc/arm-none-eabi/10.3.1/thumb/v7e-m/nofp\libgcc.a(_arm_addsubsf3.o)
                              CMakeFiles/FocDrive.elf.dir/FocDrive/src/Common/math_utils.cpp.obj (__aeabi_fsub)
d:/software/sysgcc/arm-eabi/bin/../lib/gcc/arm-none-eabi/10.3.1/thumb/v7e-m/nofp\libgcc.a(_arm_muldivsf3.o)
                              CMakeFiles/FocDrive.elf.dir/FocDrive/src/Controller/lowpass_filter.cpp.obj (__aeabi_fdiv)
d:/software/sysgcc/arm-eabi/bin/../lib/gcc/arm-none-eabi/10.3.1/thumb/v7e-m/nofp\libgcc.a(_arm_cmpsf2.o)
                              CMakeFiles/FocDrive.elf.dir/FocDrive/src/Controller/motor.cpp.obj (__aeabi_fcmpeq)
d:/software/sysgcc/arm-eabi/bin/../lib/gcc/arm-none-eabi/10.3.1/thumb/v7e-m/nofp\libgcc.a(_arm_unordsf2.o)
                              d:/software/sysgcc/arm-eabi/bin/../lib/gcc/arm-none-eabi/10.3.1/../../../../arm-none-eabi/lib/thumb/v7e-m/nofp\libm.a(lib_a-wf_fmod.o) (__aeabi_fcmpun)
d:/software/sysgcc/arm-eabi/bin/../lib/gcc/arm-none-eabi/10.3.1/thumb/v7e-m/nofp\libgcc.a(_arm_fixsfsi.o)
                              CMakeFiles/FocDrive.elf.dir/FocDrive/src/Common/math_utils.cpp.obj (__aeabi_f2iz)
d:/software/sysgcc/arm-eabi/bin/../lib/gcc/arm-none-eabi/10.3.1/thumb/v7e-m/nofp\libgcc.a(_aeabi_uldivmod.o)
                              CMakeFiles/FocDrive.elf.dir/Drivers/STM32F4xx_HAL_Driver/Src/stm32f4xx_hal_rcc.c.obj (__aeabi_uldivmod)
d:/software/sysgcc/arm-eabi/bin/../lib/gcc/arm-none-eabi/10.3.1/thumb/v7e-m/nofp\libgcc.a(_udivmoddi4.o)
                              d:/software/sysgcc/arm-eabi/bin/../lib/gcc/arm-none-eabi/10.3.1/thumb/v7e-m/nofp\libgcc.a(_aeabi_uldivmod.o) (__udivmoddi4)
d:/software/sysgcc/arm-eabi/bin/../lib/gcc/arm-none-eabi/10.3.1/thumb/v7e-m/nofp\libgcc.a(unwind-arm.o)
                              CMakeFiles/FocDrive.elf.dir/FocDrive/src/Controller/lowpass_filter.cpp.obj (__aeabi_unwind_cpp_pr0)
d:/software/sysgcc/arm-eabi/bin/../lib/gcc/arm-none-eabi/10.3.1/thumb/v7e-m/nofp\libgcc.a(libunwind.o)
                              d:/software/sysgcc/arm-eabi/bin/../lib/gcc/arm-none-eabi/10.3.1/thumb/v7e-m/nofp\libgcc.a(unwind-arm.o) (restore_core_regs)
d:/software/sysgcc/arm-eabi/bin/../lib/gcc/arm-none-eabi/10.3.1/thumb/v7e-m/nofp\libgcc.a(pr-support.o)
                              d:/software/sysgcc/arm-eabi/bin/../lib/gcc/arm-none-eabi/10.3.1/thumb/v7e-m/nofp\libgcc.a(unwind-arm.o) (__gnu_unwind_execute)
d:/software/sysgcc/arm-eabi/bin/../lib/gcc/arm-none-eabi/10.3.1/thumb/v7e-m/nofp\libgcc.a(_dvmd_tls.o)
                              d:/software/sysgcc/arm-eabi/bin/../lib/gcc/arm-none-eabi/10.3.1/thumb/v7e-m/nofp\libgcc.a(_aeabi_uldivmod.o) (__aeabi_ldiv0)
[...]
Memory Configuration

Name             Origin             Length             Attributes
CCMRAM           0x10000000         0x00010000         xrw
RAM              0x20000000         0x00020000         xrw
FLASH            0x08000000         0x00100000         xr
*default*        0x00000000         0xffffffff

Linker script and memory map

LOAD d:/software/sysgcc/arm-eabi/bin/../lib/gcc/arm-none-eabi/10.3.1/thumb/v7e-m/nofp/crti.o
LOAD d:/software/sysgcc/arm-eabi/bin/../lib/gcc/arm-none-eabi/10.3.1/thumb/v7e-m/nofp/crtbegin.o
LOAD d:/software/sysgcc/arm-eabi/bin/../lib/gcc/arm-none-eabi/10.3.1/../../../../arm-none-eabi/lib/thumb/v7e-m/nofp/crt0.o
LOAD CMakeFiles/FocDrive.elf.dir/Core/Src/gpio.c.obj
LOAD CMakeFiles/FocDrive.elf.dir/Core/Src/main.c.obj
LOAD CMakeFiles/FocDrive.elf.dir/Core/Src/stm32f4xx_hal_msp.c.obj
LOAD CMakeFiles/FocDrive.elf.dir/Core/Src/stm32f4xx_it.c.obj
LOAD CMakeFiles/FocDrive.elf.dir/Core/Src/syscalls.c.obj
LOAD CMakeFiles/FocDrive.elf.dir/Core/Src/sysmem.c.obj
LOAD CMakeFiles/FocDrive.elf.dir/Core/Src/system_stm32f4xx.c.obj
LOAD CMakeFiles/FocDrive.elf.dir/Core/Src/usart.c.obj
LOAD CMakeFiles/FocDrive.elf.dir/Core/Startup/startup_stm32f405rgtx.s.obj
LOAD CMakeFiles/FocDrive.elf.dir/Drivers/STM32F4xx_HAL_Driver/Src/stm32f4xx_hal.c.obj
LOAD CMakeFiles/FocDrive.elf.dir/Drivers/STM32F4xx_HAL_Driver/Src/stm32f4xx_hal_cortex.c.obj
LOAD CMakeFiles/FocDrive.elf.dir/Drivers/STM32F4xx_HAL_Driver/Src/stm32f4xx_hal_dma.c.obj
LOAD CMakeFiles/FocDrive.elf.dir/Drivers/STM32F4xx_HAL_Driver/Src/stm32f4xx_hal_dma_ex.c.obj
LOAD CMakeFiles/FocDrive.elf.dir/Drivers/STM32F4xx_HAL_Driver/Src/stm32f4xx_hal_exti.c.obj
LOAD CMakeFiles/FocDrive.elf.dir/Drivers/STM32F4xx_HAL_Driver/Src/stm32f4xx_hal_flash.c.obj
LOAD CMakeFiles/FocDrive.elf.dir/Drivers/STM32F4xx_HAL_Driver/Src/stm32f4xx_hal_flash_ex.c.obj
LOAD CMakeFiles/FocDrive.elf.dir/Drivers/STM32F4xx_HAL_Driver/Src/stm32f4xx_hal_flash_ramfunc.c.obj
LOAD CMakeFiles/FocDrive.elf.dir/Drivers/STM32F4xx_HAL_Driver/Src/stm32f4xx_hal_gpio.c.obj
LOAD CMakeFiles/FocDrive.elf.dir/Drivers/STM32F4xx_HAL_Driver/Src/stm32f4xx_hal_pwr.c.obj
LOAD CMakeFiles/FocDrive.elf.dir/Drivers/STM32F4xx_HAL_Driver/Src/stm32f4xx_hal_pwr_ex.c.obj
LOAD CMakeFiles/FocDrive.elf.dir/Drivers/STM32F4xx_HAL_Driver/Src/stm32f4xx_hal_rcc.c.obj
LOAD CMakeFiles/FocDrive.elf.dir/Drivers/STM32F4xx_HAL_Driver/Src/stm32f4xx_hal_rcc_ex.c.obj
LOAD CMakeFiles/FocDrive.elf.dir/Drivers/STM32F4xx_HAL_Driver/Src/stm32f4xx_hal_tim.c.obj
LOAD CMakeFiles/FocDrive.elf.dir/Drivers/STM32F4xx_HAL_Driver/Src/stm32f4xx_hal_tim_ex.c.obj
LOAD CMakeFiles/FocDrive.elf.dir/Drivers/STM32F4xx_HAL_Driver/Src/stm32f4xx_hal_uart.c.obj
LOAD CMakeFiles/FocDrive.elf.dir/FocDrive/src/Common/DriveLog.cpp.obj
LOAD CMakeFiles/FocDrive.elf.dir/FocDrive/src/Common/math_utils.cpp.obj
LOAD CMakeFiles/FocDrive.elf.dir/FocDrive/src/Common/time_utils.cpp.obj
LOAD CMakeFiles/FocDrive.elf.dir/FocDrive/src/Controller/lowpass_filter.cpp.obj
LOAD CMakeFiles/FocDrive.elf.dir/FocDrive/src/Controller/motor.cpp.obj
LOAD CMakeFiles/FocDrive.elf.dir/FocDrive/src/Controller/pid.cpp.obj
LOAD CMakeFiles/FocDrive.elf.dir/FocDrive/src/Drivers/driver_base.cpp.obj
LOAD CMakeFiles/FocDrive.elf.dir/FocDrive/src/Sensors/CurrentSense/current_sense_base.cpp.obj
LOAD CMakeFiles/FocDrive.elf.dir/FocDrive/src/Sensors/Encoder/encoder_base.cpp.obj
LOAD d:/software/sysgcc/arm-eabi/bin/../lib/gcc/arm-none-eabi/10.3.1/../../../../arm-none-eabi/lib/thumb/v7e-m/nofp\libstdc++.a
LOAD d:/software/sysgcc/arm-eabi/bin/../lib/gcc/arm-none-eabi/10.3.1/../../../../arm-none-eabi/lib/thumb/v7e-m/nofp\libm.a
START GROUP
LOAD d:/software/sysgcc/arm-eabi/bin/../lib/gcc/arm-none-eabi/10.3.1/thumb/v7e-m/nofp\libgcc.a
LOAD d:/software/sysgcc/arm-eabi/bin/../lib/gcc/arm-none-eabi/10.3.1/../../../../arm-none-eabi/lib/thumb/v7e-m/nofp\libg.a
LOAD d:/software/sysgcc/arm-eabi/bin/../lib/gcc/arm-none-eabi/10.3.1/../../../../arm-none-eabi/lib/thumb/v7e-m/nofp\libc.a
END GROUP
LOAD d:/software/sysgcc/arm-eabi/bin/../lib/gcc/arm-none-eabi/10.3.1/thumb/v7e-m/nofp/crtend.o
LOAD d:/software/sysgcc/arm-eabi/bin/../lib/gcc/arm-none-eabi/10.3.1/thumb/v7e-m/nofp/crtn.o
                0x20020000                _estack = (ORIGIN (RAM) + LENGTH (RAM))
                0x00000200                _Min_Heap_Size = 0x200
                0x00000400                _Min_Stack_Size = 0x400

.isr_vector     0x08000000      0x188
                0x08000000                . = ALIGN (0x4)
 *(.isr_vector)
 .isr_vector    0x08000000      0x188 CMakeFiles/FocDrive.elf.dir/Core/Startup/startup_stm32f405rgtx.s.obj
                0x08000000                g_pfnVectors
                0x08000188                . = ALIGN (0x4)

.text           0x08000188     0x16dc
                0x08000188                . = ALIGN (0x4)
 *(.text)
 .text          0x08000188       0x40 d:/software/sysgcc/arm-eabi/bin/../lib/gcc/arm-none-eabi/10.3.1/thumb/v7e-m/nofp/crtbegin.o
 .text          0x080001c8       0x30 d:/software/sysgcc/arm-eabi/bin/../lib/gcc/arm-none-eabi/10.3.1/thumb/v7e-m/nofp\libgcc.a(_aeabi_uldivmod.o)
                0x080001c8                __aeabi_uldivmod
 .text          0x080001f8      0x2d0 d:/software/sysgcc/arm-eabi/bin/../lib/gcc/arm-none-eabi/10.3.1/thumb/v7e-m/nofp\libgcc.a(_udivmoddi4.o)
                0x080001f8                __udivmoddi4
 .text          0x080004c8        0x4 d:/software/sysgcc/arm-eabi/bin/../lib/gcc/arm-none-eabi/10.3.1/thumb/v7e-m/nofp\libgcc.a(_dvmd_tls.o)
                0x080004c8                __aeabi_idiv0
                0x080004c8                __aeabi_ldiv0
 *(.text*)
 .text.MX_GPIO_Init
                0x080004cc       0x38 CMakeFiles/FocDrive.elf.dir/Core/Src/gpio.c.obj
                0x080004cc                MX_GPIO_Init
 .text.Error_Handler
                0x08000504        0x4 CMakeFiles/FocDrive.elf.dir/Core/Src/main.c.obj
                0x08000504                Error_Handler
 .text.SystemClock_Config
                0x08000508       0xa8 CMakeFiles/FocDrive.elf.dir/Core/Src/main.c.obj
                0x08000508                SystemClock_Config
 .text.main     0x080005b0       0x2c CMakeFiles/FocDrive.elf.dir/Core/Src/main.c.obj
                0x080005b0                main
 .text.assert_failed
                0x080005dc        0x2 CMakeFiles/FocDrive.elf.dir/Core/Src/main.c.obj
                0x080005dc                assert_failed
 *fill*         0x080005de        0x2 
 .text.HAL_MspInit
                0x080005e0       0x38 CMakeFiles/FocDrive.elf.dir/Core/Src/stm32f4xx_hal_msp.c.obj
                0x080005e0                HAL_MspInit
 .text.NMI_Handler
                0x08000618        0x2 CMakeFiles/FocDrive.elf.dir/Core/Src/stm32f4xx_it.c.obj
                0x08000618                NMI_Handler
 .text.HardFault_Handler
                0x0800061a        0x2 CMakeFiles/FocDrive.elf.dir/Core/Src/stm32f4xx_it.c.obj
                0x0800061a                HardFault_Handler
 .text.MemManage_Handler
                0x0800061c        0x2 CMakeFiles/FocDrive.elf.dir/Core/Src/stm32f4xx_it.c.obj
                0x0800061c                MemManage_Handler
 .text.BusFault_Handler
                0x0800061e        0x2 CMakeFiles/FocDrive.elf.dir/Core/Src/stm32f4xx_it.c.obj
                0x0800061e                BusFault_Handler
 .text.UsageFault_Handler
                0x08000620        0x2 CMakeFiles/FocDrive.elf.dir/Core/Src/stm32f4xx_it.c.obj
                0x08000620                UsageFault_Handler
 .text.SVC_Handler
                0x08000622        0x2 CMakeFiles/FocDrive.elf.dir/Core/Src/stm32f4xx_it.c.obj
                0x08000622                SVC_Handler
 .text.DebugMon_Handler
                0x08000624        0x2 CMakeFiles/FocDrive.elf.dir/Core/Src/stm32f4xx_it.c.obj
                0x08000624                DebugMon_Handler
 .text.PendSV_Handler
                0x08000626        0x2 CMakeFiles/FocDrive.elf.dir/Core/Src/stm32f4xx_it.c.obj
                0x08000626                PendSV_Handler
 .text.SysTick_Handler
                0x08000628        0x8 CMakeFiles/FocDrive.elf.dir/Core/Src/stm32f4xx_it.c.obj
                0x08000628                SysTick_Handler
 .text.SystemInit
                0x08000630        0x2 CMakeFiles/FocDrive.elf.dir/Core/Src/system_stm32f4xx.c.obj
                0x08000630                SystemInit
 *fill*         0x08000632        0x2 
 .text.MX_USART1_UART_Init
                0x08000634       0x34 CMakeFiles/FocDrive.elf.dir/Core/Src/usart.c.obj
                0x08000634                MX_USART1_UART_Init
 .text.HAL_UART_MspInit
                0x08000668       0x74 CMakeFiles/FocDrive.elf.dir/Core/Src/usart.c.obj
                0x08000668                HAL_UART_MspInit
 .text.Reset_Handler
                0x080006dc       0x50 CMakeFiles/FocDrive.elf.dir/Core/Startup/startup_stm32f405rgtx.s.obj
                0x080006dc                Reset_Handler
 .text.Default_Handler
                0x0800072c        0x2 CMakeFiles/FocDrive.elf.dir/Core/Startup/startup_stm32f405rgtx.s.obj
                0x0800072c                RTC_Alarm_IRQHandler
                0x0800072c                HASH_RNG_IRQHandler
                0x0800072c                EXTI2_IRQHandler
                0x0800072c                TIM8_CC_IRQHandler
                0x0800072c                TIM1_CC_IRQHandler
                0x0800072c                DMA2_Stream5_IRQHandler
                0x0800072c                DMA1_Stream5_IRQHandler
                0x0800072c                PVD_IRQHandler
                0x0800072c                SDIO_IRQHandler
                0x0800072c                TAMP_STAMP_IRQHandler
                0x0800072c                CAN2_RX1_IRQHandler
                0x0800072c                EXTI3_IRQHandler
                0x0800072c                TIM8_TRG_COM_TIM14_IRQHandler
                0x0800072c                TIM1_UP_TIM10_IRQHandler
                0x0800072c                TIM8_UP_TIM13_IRQHandler
                0x0800072c                I2C3_ER_IRQHandler
                0x0800072c                EXTI0_IRQHandler
                0x0800072c                I2C2_EV_IRQHandler
                0x0800072c                DMA1_Stream2_IRQHandler
                0x0800072c                CAN1_RX0_IRQHandler
                0x0800072c                FPU_IRQHandler
                0x0800072c                OTG_HS_WKUP_IRQHandler
                0x0800072c                CAN2_SCE_IRQHandler
                0x0800072c                DMA2_Stream2_IRQHandler
                0x0800072c                SPI1_IRQHandler
                0x0800072c                TIM6_DAC_IRQHandler
                0x0800072c                TIM1_BRK_TIM9_IRQHandler
                0x0800072c                CAN2_RX0_IRQHandler
                0x0800072c                DMA2_Stream3_IRQHandler
                0x0800072c                USART6_IRQHandler
                0x0800072c                USART3_IRQHandler
                0x0800072c                CAN1_RX1_IRQHandler
                0x0800072c                UART5_IRQHandler
                0x0800072c                DMA2_Stream0_IRQHandler
                0x0800072c                TIM4_IRQHandler
                0x0800072c                I2C1_EV_IRQHandler
                0x0800072c                DMA1_Stream6_IRQHandler
                0x0800072c                DMA1_Stream1_IRQHandler
                0x0800072c                UART4_IRQHandler
                0x0800072c                TIM3_IRQHandler
                0x0800072c                RCC_IRQHandler
                0x0800072c                TIM8_BRK_TIM12_IRQHandler
                0x0800072c                Default_Handler
                0x0800072c                EXTI15_10_IRQHandler
                0x0800072c                ADC_IRQHandler
                0x0800072c                DMA1_Stream7_IRQHandler
                0x0800072c                TIM7_IRQHandler
                0x0800072c                CAN2_TX_IRQHandler
                0x0800072c                TIM5_IRQHandler
                0x0800072c                DMA2_Stream7_IRQHandler
                0x0800072c                I2C3_EV_IRQHandler
                0x0800072c                EXTI9_5_IRQHandler
                0x0800072c                RTC_WKUP_IRQHandler
                0x0800072c                SPI2_IRQHandler
                0x0800072c                OTG_HS_EP1_IN_IRQHandler
                0x0800072c                DMA1_Stream0_IRQHandler
                0x0800072c                CAN1_TX_IRQHandler
                0x0800072c                EXTI4_IRQHandler
                0x0800072c                FSMC_IRQHandler
                0x0800072c                OTG_HS_EP1_OUT_IRQHandler
                0x0800072c                WWDG_IRQHandler
                0x0800072c                TIM2_IRQHandler
                0x0800072c                OTG_FS_WKUP_IRQHandler
                0x0800072c                TIM1_TRG_COM_TIM11_IRQHandler
                0x0800072c                OTG_HS_IRQHandler
                0x0800072c                EXTI1_IRQHandler
                0x0800072c                USART2_IRQHandler
                0x0800072c                I2C2_ER_IRQHandler
                0x0800072c                DMA2_Stream1_IRQHandler
                0x0800072c                CAN1_SCE_IRQHandler
                0x0800072c                FLASH_IRQHandler
                0x0800072c                DMA2_Stream4_IRQHandler
                0x0800072c                USART1_IRQHandler
                0x0800072c                OTG_FS_IRQHandler
                0x0800072c                SPI3_IRQHandler
                0x0800072c                DMA1_Stream4_IRQHandler
                0x0800072c                I2C1_ER_IRQHandler
                0x0800072c                DMA2_Stream6_IRQHandler
                0x0800072c                DMA1_Stream3_IRQHandler
 *fill*         0x0800072e        0x2 
 .text.HAL_InitTick
                0x08000730       0x4c CMakeFiles/FocDrive.elf.dir/Drivers/STM32F4xx_HAL_Driver/Src/stm32f4xx_hal.c.obj
                0x08000730                HAL_InitTick
 .text.HAL_Init
                0x0800077c       0x34 CMakeFiles/FocDrive.elf.dir/Drivers/STM32F4xx_HAL_Driver/Src/stm32f4xx_hal.c.obj
                0x0800077c                HAL_Init
 .text.HAL_IncTick
                0x080007b0       0x18 CMakeFiles/FocDrive.elf.dir/Drivers/STM32F4xx_HAL_Driver/Src/stm32f4xx_hal.c.obj
                0x080007b0                HAL_IncTick
 .text.HAL_GetTick
                0x080007c8        0xc CMakeFiles/FocDrive.elf.dir/Drivers/STM32F4xx_HAL_Driver/Src/stm32f4xx_hal.c.obj
                0x080007c8                HAL_GetTick
 .text.HAL_NVIC_SetPriorityGrouping
                0x080007d4       0x3c CMakeFiles/FocDrive.elf.dir/Drivers/STM32F4xx_HAL_Driver/Src/stm32f4xx_hal_cortex.c.obj
                0x080007d4                HAL_NVIC_SetPriorityGrouping
 .text.HAL_NVIC_SetPriority
                0x08000810       0x8c CMakeFiles/FocDrive.elf.dir/Drivers/STM32F4xx_HAL_Driver/Src/stm32f4xx_hal_cortex.c.obj
                0x08000810                HAL_NVIC_SetPriority
 .text.HAL_SYSTICK_Config
                0x0800089c       0x28 CMakeFiles/FocDrive.elf.dir/Drivers/STM32F4xx_HAL_Driver/Src/stm32f4xx_hal_cortex.c.obj
                0x0800089c                HAL_SYSTICK_Config
 .text.HAL_GPIO_Init
                0x080008c4      0x2e8 CMakeFiles/FocDrive.elf.dir/Drivers/STM32F4xx_HAL_Driver/Src/stm32f4xx_hal_gpio.c.obj
                0x080008c4                HAL_GPIO_Init
 .text.HAL_RCC_OscConfig
                0x08000bac      0x4fc CMakeFiles/FocDrive.elf.dir/Drivers/STM32F4xx_HAL_Driver/Src/stm32f4xx_hal_rcc.c.obj
                0x08000bac                HAL_RCC_OscConfig
 .text.HAL_RCC_GetSysClockFreq
                0x080010a8       0xd4 CMakeFiles/FocDrive.elf.dir/Drivers/STM32F4xx_HAL_Driver/Src/stm32f4xx_hal_rcc.c.obj
                0x080010a8                HAL_RCC_GetSysClockFreq
 .text.HAL_RCC_ClockConfig
                0x0800117c      0x21c CMakeFiles/FocDrive.elf.dir/Drivers/STM32F4xx_HAL_Driver/Src/stm32f4xx_hal_rcc.c.obj
                0x0800117c                HAL_RCC_ClockConfig
 .text.HAL_RCC_GetHCLKFreq
                0x08001398        0xc CMakeFiles/FocDrive.elf.dir/Drivers/STM32F4xx_HAL_Driver/Src/stm32f4xx_hal_rcc.c.obj
                0x08001398                HAL_RCC_GetHCLKFreq
 .text.HAL_RCC_GetPCLK1Freq
                0x080013a4       0x20 CMakeFiles/FocDrive.elf.dir/Drivers/STM32F4xx_HAL_Driver/Src/stm32f4xx_hal_rcc.c.obj
                0x080013a4                HAL_RCC_GetPCLK1Freq
 .text.HAL_RCC_GetPCLK2Freq
                0x080013c4       0x20 CMakeFiles/FocDrive.elf.dir/Drivers/STM32F4xx_HAL_Driver/Src/stm32f4xx_hal_rcc.c.obj
                0x080013c4                HAL_RCC_GetPCLK2Freq
 .text.UART_SetConfig
                0x080013e4      0x174 CMakeFiles/FocDrive.elf.dir/Drivers/STM32F4xx_HAL_Driver/Src/stm32f4xx_hal_uart.c.obj
 .text.HAL_UART_Init
                0x08001558      0x128 CMakeFiles/FocDrive.elf.dir/Drivers/STM32F4xx_HAL_Driver/Src/stm32f4xx_hal_uart.c.obj
                0x08001558                HAL_UART_Init
 .text.__libc_init_array
                0x08001680       0x48 d:/software/sysgcc/arm-eabi/bin/../lib/gcc/arm-none-eabi/10.3.1/../../../../arm-none-eabi/lib/thumb/v7e-m/nofp\libg.a(lib_a-init.o)
                0x08001680                __libc_init_array
 .text.memset   0x080016c8       0xa4 d:/software/sysgcc/arm-eabi/bin/../lib/gcc/arm-none-eabi/10.3.1/../../../../arm-none-eabi/lib/thumb/v7e-m/nofp\libg.a(lib_a-memset.o)
                0x080016c8                memset
 .text.startup.register_fini
                0x0800176c       0x14 d:/software/sysgcc/arm-eabi/bin/../lib/gcc/arm-none-eabi/10.3.1/../../../../arm-none-eabi/lib/thumb/v7e-m/nofp\libg.a(lib_a-__call_atexit.o)
 .text.atexit   0x08001780        0xc d:/software/sysgcc/arm-eabi/bin/../lib/gcc/arm-none-eabi/10.3.1/../../../../arm-none-eabi/lib/thumb/v7e-m/nofp\libg.a(lib_a-atexit.o)
                0x08001780                atexit
 .text.__libc_fini_array
                0x0800178c       0x2c d:/software/sysgcc/arm-eabi/bin/../lib/gcc/arm-none-eabi/10.3.1/../../../../arm-none-eabi/lib/thumb/v7e-m/nofp\libg.a(lib_a-fini.o)
                0x0800178c                __libc_fini_array
 .text.__retarget_lock_acquire_recursive
                0x080017b8        0x4 d:/software/sysgcc/arm-eabi/bin/../lib/gcc/arm-none-eabi/10.3.1/../../../../arm-none-eabi/lib/thumb/v7e-m/nofp\libg.a(lib_a-lock.o)
                0x080017b8                __retarget_lock_acquire_recursive
 .text.__retarget_lock_release_recursive
                0x080017bc        0x4 d:/software/sysgcc/arm-eabi/bin/../lib/gcc/arm-none-eabi/10.3.1/../../../../arm-none-eabi/lib/thumb/v7e-m/nofp\libg.a(lib_a-lock.o)
                0x080017bc                __retarget_lock_release_recursive
 .text.__register_exitproc
                0x080017c0       0x8c d:/software/sysgcc/arm-eabi/bin/../lib/gcc/arm-none-eabi/10.3.1/../../../../arm-none-eabi/lib/thumb/v7e-m/nofp\libg.a(lib_a-__atexit.o)
                0x080017c0                __register_exitproc
 *(.glue_7)
 .glue_7        0x0800184c        0x0 linker stubs
 *(.glue_7t)
 .glue_7t       0x0800184c        0x0 linker stubs
 *(.eh_frame)
 .eh_frame      0x0800184c        0x0 d:/software/sysgcc/arm-eabi/bin/../lib/gcc/arm-none-eabi/10.3.1/thumb/v7e-m/nofp/crtbegin.o
 *(.init)
 .init          0x0800184c        0x4 d:/software/sysgcc/arm-eabi/bin/../lib/gcc/arm-none-eabi/10.3.1/thumb/v7e-m/nofp/crti.o
                0x0800184c                _init
 .init          0x08001850        0x8 d:/software/sysgcc/arm-eabi/bin/../lib/gcc/arm-none-eabi/10.3.1/thumb/v7e-m/nofp/crtn.o
 *(.fini)
 .fini          0x08001858        0x4 d:/software/sysgcc/arm-eabi/bin/../lib/gcc/arm-none-eabi/10.3.1/thumb/v7e-m/nofp/crti.o
                0x08001858                _fini
 .fini          0x0800185c        0x8 d:/software/sysgcc/arm-eabi/bin/../lib/gcc/arm-none-eabi/10.3.1/thumb/v7e-m/nofp/crtn.o
                0x08001864                . = ALIGN (0x4)
                0x08001864                _etext = .

.vfp11_veneer   0x08001864        0x0
 .vfp11_veneer  0x08001864        0x0 linker stubs

.v4_bx          0x08001864        0x0
 .v4_bx         0x08001864        0x0 linker stubs

.iplt           0x08001864        0x0
 .iplt          0x08001864        0x0 d:/software/sysgcc/arm-eabi/bin/../lib/gcc/arm-none-eabi/10.3.1/thumb/v7e-m/nofp/crtbegin.o

.rodata         0x08001864      0x1a8
                0x08001864                . = ALIGN (0x4)
 *(.rodata)
 *(.rodata*)
 .rodata.AHBPrescTable
                0x08001864       0x10 CMakeFiles/FocDrive.elf.dir/Core/Src/system_stm32f4xx.c.obj
                0x08001864                AHBPrescTable
 .rodata.APBPrescTable
                0x08001874        0x8 CMakeFiles/FocDrive.elf.dir/Core/Src/system_stm32f4xx.c.obj
                0x08001874                APBPrescTable
 .rodata.HAL_NVIC_SetPriorityGrouping.str1.4
                0x0800187c       0x63 CMakeFiles/FocDrive.elf.dir/Drivers/STM32F4xx_HAL_Driver/Src/stm32f4xx_hal_cortex.c.obj
 *fill*         0x080018df        0x1 
 .rodata.HAL_GPIO_Init.str1.4
                0x080018e0       0x61 CMakeFiles/FocDrive.elf.dir/Drivers/STM32F4xx_HAL_Driver/Src/stm32f4xx_hal_gpio.c.obj
 *fill*         0x08001941        0x3 
 .rodata.HAL_RCC_OscConfig.str1.4
                0x08001944       0x60 CMakeFiles/FocDrive.elf.dir/Drivers/STM32F4xx_HAL_Driver/Src/stm32f4xx_hal_rcc.c.obj
 .rodata.UART_SetConfig.str1.4
                0x080019a4       0x61 CMakeFiles/FocDrive.elf.dir/Drivers/STM32F4xx_HAL_Driver/Src/stm32f4xx_hal_uart.c.obj
 *fill*         0x08001a05        0x3 
 .rodata._global_impure_ptr
                0x08001a08        0x4 d:/software/sysgcc/arm-eabi/bin/../lib/gcc/arm-none-eabi/10.3.1/../../../../arm-none-eabi/lib/thumb/v7e-m/nofp\libg.a(lib_a-impure.o)
                0x08001a08                _global_impure_ptr
                0x08001a0c                . = ALIGN (0x4)

.ARM.extab      0x08001a0c        0x0
                0x08001a0c                . = ALIGN (0x4)
 *(.ARM.extab* .gnu.linkonce.armextab.*)
                0x08001a0c                . = ALIGN (0x4)

.ARM            0x08001a0c        0x8
                0x08001a0c                . = ALIGN (0x4)
                0x08001a0c                __exidx_start = .
 *(.ARM.exidx*)
 .ARM.exidx     0x08001a0c        0x8 d:/software/sysgcc/arm-eabi/bin/../lib/gcc/arm-none-eabi/10.3.1/thumb/v7e-m/nofp\libgcc.a(_udivmoddi4.o)
                0x08001a14                __exidx_end = .
                0x08001a14                . = ALIGN (0x4)

.rel.dyn        0x08001a14        0x0
 .rel.iplt      0x08001a14        0x0 d:/software/sysgcc/arm-eabi/bin/../lib/gcc/arm-none-eabi/10.3.1/thumb/v7e-m/nofp/crtbegin.o

.preinit_array  0x08001a14        0x0
                0x08001a14                . = ALIGN (0x4)
                0x08001a14                PROVIDE (__preinit_array_start = .)
 *(.preinit_array*)
                0x08001a14                PROVIDE (__preinit_array_end = .)
                0x08001a14                . = ALIGN (0x4)

.init_array     0x08001a14        0x8
                0x08001a14                . = ALIGN (0x4)
                0x08001a14                PROVIDE (__init_array_start = .)
 *(SORT_BY_NAME(.init_array.*))
 .init_array.00000
                0x08001a14        0x4 d:/software/sysgcc/arm-eabi/bin/../lib/gcc/arm-none-eabi/10.3.1/../../../../arm-none-eabi/lib/thumb/v7e-m/nofp\libg.a(lib_a-__call_atexit.o)
 *(.init_array*)
 .init_array    0x08001a18        0x4 d:/software/sysgcc/arm-eabi/bin/../lib/gcc/arm-none-eabi/10.3.1/thumb/v7e-m/nofp/crtbegin.o
                0x08001a1c                PROVIDE (__init_array_end = .)
                0x08001a1c                . = ALIGN (0x4)

.fini_array     0x08001a1c        0x4
                0x08001a1c                . = ALIGN (0x4)
                0x08001a1c                PROVIDE (__fini_array_start = .)
 *(SORT_BY_NAME(.fini_array.*))
 *(.fini_array*)
 .fini_array    0x08001a1c        0x4 d:/software/sysgcc/arm-eabi/bin/../lib/gcc/arm-none-eabi/10.3.1/thumb/v7e-m/nofp/crtbegin.o
                0x08001a20                PROVIDE (__fini_array_end = .)
                0x08001a20                . = ALIGN (0x4)
                0x08001a20                _sidata = LOADADDR (.data)

.data           0x20000000      0x43c load address 0x08001a20
                0x20000000                . = ALIGN (0x4)
                0x20000000                _sdata = .
 *(.data)
 *(.data*)
 .data.SystemCoreClock
                0x20000000        0x4 CMakeFiles/FocDrive.elf.dir/Core/Src/system_stm32f4xx.c.obj
                0x20000000                SystemCoreClock
 .data.uwTickFreq
                0x20000004        0x1 CMakeFiles/FocDrive.elf.dir/Drivers/STM32F4xx_HAL_Driver/Src/stm32f4xx_hal.c.obj
                0x20000004                uwTickFreq
 *fill*         0x20000005        0x3 
 .data.uwTickPrio
                0x20000008        0x4 CMakeFiles/FocDrive.elf.dir/Drivers/STM32F4xx_HAL_Driver/Src/stm32f4xx_hal.c.obj
                0x20000008                uwTickPrio
 *fill*         0x2000000c        0x4 
 .data.impure_data
                0x20000010      0x428 d:/software/sysgcc/arm-eabi/bin/../lib/gcc/arm-none-eabi/10.3.1/../../../../arm-none-eabi/lib/thumb/v7e-m/nofp\libg.a(lib_a-impure.o)
 .data.__atexit_recursive_mutex
                0x20000438        0x4 d:/software/sysgcc/arm-eabi/bin/../lib/gcc/arm-none-eabi/10.3.1/../../../../arm-none-eabi/lib/thumb/v7e-m/nofp\libg.a(lib_a-__call_atexit.o)
                0x20000438                __atexit_recursive_mutex
 *(.RamFunc)
 *(.RamFunc*)
                0x2000043c                . = ALIGN (0x4)
                0x2000043c                _edata = .
                0x08001e5c                _siccmram = LOADADDR (.ccmram)

.igot.plt       0x2000043c        0x0 load address 0x08001e5c
 .igot.plt      0x2000043c        0x0 d:/software/sysgcc/arm-eabi/bin/../lib/gcc/arm-none-eabi/10.3.1/thumb/v7e-m/nofp/crtbegin.o

.ccmram         0x10000000     0x1000 load address 0x08001e5c
                0x10000000                . = ALIGN (0x4)
                0x10000000                _sccmram = .
 *(.ccmram)
 .ccmram        0x10000000     0x1000 CMakeFiles/FocDrive.elf.dir/Core/Src/main.c.obj
                0x10000000                test
 *(.ccmram*)
                0x10001000                . = ALIGN (0x4)
                0x10001000                _eccmram = .
                0x10001000                . = ALIGN (0x4)

.bss            0x2000043c       0x68
                0x2000043c                _sbss = .
                0x2000043c                __bss_start__ = _sbss
 *(.bss)
 .bss           0x2000043c       0x1c d:/software/sysgcc/arm-eabi/bin/../lib/gcc/arm-none-eabi/10.3.1/thumb/v7e-m/nofp/crtbegin.o
 *(.bss*)
 .bss.huart1    0x20000458       0x44 CMakeFiles/FocDrive.elf.dir/Core/Src/usart.c.obj
                0x20000458                huart1
 .bss.uwTick    0x2000049c        0x4 CMakeFiles/FocDrive.elf.dir/Drivers/STM32F4xx_HAL_Driver/Src/stm32f4xx_hal.c.obj
                0x2000049c                uwTick
 .bss.__lock___atexit_recursive_mutex
                0x200004a0        0x1 d:/software/sysgcc/arm-eabi/bin/../lib/gcc/arm-none-eabi/10.3.1/../../../../arm-none-eabi/lib/thumb/v7e-m/nofp\libg.a(lib_a-lock.o)
                0x200004a0                __lock___atexit_recursive_mutex
 *(COMMON)
                0x200004a4                . = ALIGN (0x4)
 *fill*         0x200004a1        0x3 
                0x200004a4                _ebss = .
                0x200004a4                __bss_end__ = _ebss

._user_heap_stack
                0x200004a4      0x604
                0x200004a8                . = ALIGN (0x8)
 *fill*         0x200004a4        0x4 
                [!provide]                PROVIDE (end = .)
                0x200004a8                PROVIDE (_end = .)
                0x200006a8                . = (. + _Min_Heap_Size)
 *fill*         0x200004a8      0x200 
                0x20000aa8                . = (. + _Min_Stack_Size)
 *fill*         0x200006a8      0x400 
                0x20000aa8                . = ALIGN (0x8)

/DISCARD/
 libc.a(*)
 libm.a(*)
 libgcc.a(*)

.ARM.attributes
                0x00000000       0x2a
 *(.ARM.attributes)
 .ARM.attributes
                0x00000000       0x1e d:/software/sysgcc/arm-eabi/bin/../lib/gcc/arm-none-eabi/10.3.1/thumb/v7e-m/nofp/crti.o
 .ARM.attributes
                0x0000001e       0x2e d:/software/sysgcc/arm-eabi/bin/../lib/gcc/arm-none-eabi/10.3.1/thumb/v7e-m/nofp/crtbegin.o
 .ARM.attributes
                0x0000004c       0x2e CMakeFiles/FocDrive.elf.dir/Core/Src/gpio.c.obj
 .ARM.attributes
                0x0000007a       0x2e CMakeFiles/FocDrive.elf.dir/Core/Src/main.c.obj
 .ARM.attributes
                0x000000a8       0x2e CMakeFiles/FocDrive.elf.dir/Core/Src/stm32f4xx_hal_msp.c.obj
 .ARM.attributes
                0x000000d6       0x2e CMakeFiles/FocDrive.elf.dir/Core/Src/stm32f4xx_it.c.obj
 .ARM.attributes
                0x00000104       0x2e CMakeFiles/FocDrive.elf.dir/Core/Src/system_stm32f4xx.c.obj
 .ARM.attributes
                0x00000132       0x2e CMakeFiles/FocDrive.elf.dir/Core/Src/usart.c.obj
 .ARM.attributes
                0x00000160       0x21 CMakeFiles/FocDrive.elf.dir/Core/Startup/startup_stm32f405rgtx.s.obj
 .ARM.attributes
                0x00000181       0x2e CMakeFiles/FocDrive.elf.dir/Drivers/STM32F4xx_HAL_Driver/Src/stm32f4xx_hal.c.obj
 .ARM.attributes
                0x000001af       0x2e CMakeFiles/FocDrive.elf.dir/Drivers/STM32F4xx_HAL_Driver/Src/stm32f4xx_hal_cortex.c.obj
 .ARM.attributes
                0x000001dd       0x2e CMakeFiles/FocDrive.elf.dir/Drivers/STM32F4xx_HAL_Driver/Src/stm32f4xx_hal_gpio.c.obj
 .ARM.attributes
                0x0000020b       0x2e CMakeFiles/FocDrive.elf.dir/Drivers/STM32F4xx_HAL_Driver/Src/stm32f4xx_hal_rcc.c.obj
 .ARM.attributes
                0x00000239       0x2e CMakeFiles/FocDrive.elf.dir/Drivers/STM32F4xx_HAL_Driver/Src/stm32f4xx_hal_uart.c.obj
 .ARM.attributes
                0x00000267       0x1e d:/software/sysgcc/arm-eabi/bin/../lib/gcc/arm-none-eabi/10.3.1/thumb/v7e-m/nofp\libgcc.a(_aeabi_uldivmod.o)
 .ARM.attributes
                0x00000285       0x2e d:/software/sysgcc/arm-eabi/bin/../lib/gcc/arm-none-eabi/10.3.1/thumb/v7e-m/nofp\libgcc.a(_udivmoddi4.o)
 .ARM.attributes
                0x000002b3       0x1e d:/software/sysgcc/arm-eabi/bin/../lib/gcc/arm-none-eabi/10.3.1/thumb/v7e-m/nofp\libgcc.a(_dvmd_tls.o)
 .ARM.attributes
                0x000002d1       0x2e d:/software/sysgcc/arm-eabi/bin/../lib/gcc/arm-none-eabi/10.3.1/../../../../arm-none-eabi/lib/thumb/v7e-m/nofp\libg.a(lib_a-impure.o)
 .ARM.attributes
                0x000002ff       0x2e d:/software/sysgcc/arm-eabi/bin/../lib/gcc/arm-none-eabi/10.3.1/../../../../arm-none-eabi/lib/thumb/v7e-m/nofp\libg.a(lib_a-init.o)
 .ARM.attributes
                0x0000032d       0x2e d:/software/sysgcc/arm-eabi/bin/../lib/gcc/arm-none-eabi/10.3.1/../../../../arm-none-eabi/lib/thumb/v7e-m/nofp\libg.a(lib_a-memset.o)
 .ARM.attributes
                0x0000035b       0x2e d:/software/sysgcc/arm-eabi/bin/../lib/gcc/arm-none-eabi/10.3.1/../../../../arm-none-eabi/lib/thumb/v7e-m/nofp\libg.a(lib_a-__call_atexit.o)
 .ARM.attributes
                0x00000389       0x2e d:/software/sysgcc/arm-eabi/bin/../lib/gcc/arm-none-eabi/10.3.1/../../../../arm-none-eabi/lib/thumb/v7e-m/nofp\libg.a(lib_a-atexit.o)
 .ARM.attributes
                0x000003b7       0x2e d:/software/sysgcc/arm-eabi/bin/../lib/gcc/arm-none-eabi/10.3.1/../../../../arm-none-eabi/lib/thumb/v7e-m/nofp\libg.a(lib_a-fini.o)
 .ARM.attributes
                0x000003e5       0x2e d:/software/sysgcc/arm-eabi/bin/../lib/gcc/arm-none-eabi/10.3.1/../../../../arm-none-eabi/lib/thumb/v7e-m/nofp\libg.a(lib_a-lock.o)
 .ARM.attributes
                0x00000413       0x2e d:/software/sysgcc/arm-eabi/bin/../lib/gcc/arm-none-eabi/10.3.1/../../../../arm-none-eabi/lib/thumb/v7e-m/nofp\libg.a(lib_a-__atexit.o)
 .ARM.attributes
                0x00000441       0x1e d:/software/sysgcc/arm-eabi/bin/../lib/gcc/arm-none-eabi/10.3.1/thumb/v7e-m/nofp/crtn.o
OUTPUT(FocDrive.elf elf32-littlearm)
LOAD linker stubs
LOAD d:/software/sysgcc/arm-eabi/bin/../lib/gcc/arm-none-eabi/10.3.1/../../../../arm-none-eabi/lib/thumb/v7e-m/nofp\libc.a
LOAD d:/software/sysgcc/arm-eabi/bin/../lib/gcc/arm-none-eabi/10.3.1/../../../../arm-none-eabi/lib/thumb/v7e-m/nofp\libm.a
LOAD d:/software/sysgcc/arm-eabi/bin/../lib/gcc/arm-none-eabi/10.3.1/thumb/v7e-m/nofp\libgcc.a

.debug_info     0x00000000     0x935a
 .debug_info    0x00000000      0x2a4 CMakeFiles/FocDrive.elf.dir/Core/Src/gpio.c.obj
 .debug_info    0x000002a4      0x603 CMakeFiles/FocDrive.elf.dir/Core/Src/main.c.obj
 .debug_info    0x000008a7      0x2a4 CMakeFiles/FocDrive.elf.dir/Core/Src/stm32f4xx_hal_msp.c.obj
 .debug_info    0x00000b4b      0x12f CMakeFiles/FocDrive.elf.dir/Core/Src/stm32f4xx_it.c.obj
 .debug_info    0x00000c7a      0x37d CMakeFiles/FocDrive.elf.dir/Core/Src/system_stm32f4xx.c.obj
 .debug_info    0x00000ff7      0x9ce CMakeFiles/FocDrive.elf.dir/Core/Src/usart.c.obj
 .debug_info    0x000019c5       0x22 CMakeFiles/FocDrive.elf.dir/Core/Startup/startup_stm32f405rgtx.s.obj
 .debug_info    0x000019e7      0xa21 CMakeFiles/FocDrive.elf.dir/Drivers/STM32F4xx_HAL_Driver/Src/stm32f4xx_hal.c.obj
 .debug_info    0x00002408     0x132a CMakeFiles/FocDrive.elf.dir/Drivers/STM32F4xx_HAL_Driver/Src/stm32f4xx_hal_cortex.c.obj
 .debug_info    0x00003732      0x941 CMakeFiles/FocDrive.elf.dir/Drivers/STM32F4xx_HAL_Driver/Src/stm32f4xx_hal_gpio.c.obj
 .debug_info    0x00004073      0xd9e CMakeFiles/FocDrive.elf.dir/Drivers/STM32F4xx_HAL_Driver/Src/stm32f4xx_hal_rcc.c.obj
 .debug_info    0x00004e11     0x4549 CMakeFiles/FocDrive.elf.dir/Drivers/STM32F4xx_HAL_Driver/Src/stm32f4xx_hal_uart.c.obj

.debug_abbrev   0x00000000     0x1478
 .debug_abbrev  0x00000000       0xd1 CMakeFiles/FocDrive.elf.dir/Core/Src/gpio.c.obj
 .debug_abbrev  0x000000d1      0x201 CMakeFiles/FocDrive.elf.dir/Core/Src/main.c.obj
 .debug_abbrev  0x000002d2       0xd1 CMakeFiles/FocDrive.elf.dir/Core/Src/stm32f4xx_hal_msp.c.obj
 .debug_abbrev  0x000003a3       0x7e CMakeFiles/FocDrive.elf.dir/Core/Src/stm32f4xx_it.c.obj
 .debug_abbrev  0x00000421      0x119 CMakeFiles/FocDrive.elf.dir/Core/Src/system_stm32f4xx.c.obj
 .debug_abbrev  0x0000053a      0x1da CMakeFiles/FocDrive.elf.dir/Core/Src/usart.c.obj
 .debug_abbrev  0x00000714       0x12 CMakeFiles/FocDrive.elf.dir/Core/Startup/startup_stm32f405rgtx.s.obj
 .debug_abbrev  0x00000726      0x206 CMakeFiles/FocDrive.elf.dir/Drivers/STM32F4xx_HAL_Driver/Src/stm32f4xx_hal.c.obj
 .debug_abbrev  0x0000092c      0x387 CMakeFiles/FocDrive.elf.dir/Drivers/STM32F4xx_HAL_Driver/Src/stm32f4xx_hal_cortex.c.obj
 .debug_abbrev  0x00000cb3      0x22b CMakeFiles/FocDrive.elf.dir/Drivers/STM32F4xx_HAL_Driver/Src/stm32f4xx_hal_gpio.c.obj
 .debug_abbrev  0x00000ede      0x29d CMakeFiles/FocDrive.elf.dir/Drivers/STM32F4xx_HAL_Driver/Src/stm32f4xx_hal_rcc.c.obj
 .debug_abbrev  0x0000117b      0x2fd CMakeFiles/FocDrive.elf.dir/Drivers/STM32F4xx_HAL_Driver/Src/stm32f4xx_hal_uart.c.obj

.debug_aranges  0x00000000      0x5d0
 .debug_aranges
                0x00000000       0x20 CMakeFiles/FocDrive.elf.dir/Core/Src/gpio.c.obj
 .debug_aranges
                0x00000020       0x38 CMakeFiles/FocDrive.elf.dir/Core/Src/main.c.obj
 .debug_aranges
                0x00000058       0x20 CMakeFiles/FocDrive.elf.dir/Core/Src/stm32f4xx_hal_msp.c.obj
 .debug_aranges
                0x00000078       0x60 CMakeFiles/FocDrive.elf.dir/Core/Src/stm32f4xx_it.c.obj
 .debug_aranges
                0x000000d8       0x28 CMakeFiles/FocDrive.elf.dir/Core/Src/system_stm32f4xx.c.obj
 .debug_aranges
                0x00000100       0x30 CMakeFiles/FocDrive.elf.dir/Core/Src/usart.c.obj
 .debug_aranges
                0x00000130       0x28 CMakeFiles/FocDrive.elf.dir/Core/Startup/startup_stm32f405rgtx.s.obj
 .debug_aranges
                0x00000158       0xf0 CMakeFiles/FocDrive.elf.dir/Drivers/STM32F4xx_HAL_Driver/Src/stm32f4xx_hal.c.obj
 .debug_aranges
                0x00000248       0xa8 CMakeFiles/FocDrive.elf.dir/Drivers/STM32F4xx_HAL_Driver/Src/stm32f4xx_hal_cortex.c.obj
 .debug_aranges
                0x000002f0       0x58 CMakeFiles/FocDrive.elf.dir/Drivers/STM32F4xx_HAL_Driver/Src/stm32f4xx_hal_gpio.c.obj
 .debug_aranges
                0x00000348       0x88 CMakeFiles/FocDrive.elf.dir/Drivers/STM32F4xx_HAL_Driver/Src/stm32f4xx_hal_rcc.c.obj
 .debug_aranges
                0x000003d0      0x200 CMakeFiles/FocDrive.elf.dir/Drivers/STM32F4xx_HAL_Driver/Src/stm32f4xx_hal_uart.c.obj

.debug_ranges   0x00000000      0x5d8
 .debug_ranges  0x00000000       0x10 CMakeFiles/FocDrive.elf.dir/Core/Src/gpio.c.obj
 .debug_ranges  0x00000010       0x28 CMakeFiles/FocDrive.elf.dir/Core/Src/main.c.obj
 .debug_ranges  0x00000038       0x10 CMakeFiles/FocDrive.elf.dir/Core/Src/stm32f4xx_hal_msp.c.obj
 .debug_ranges  0x00000048       0x50 CMakeFiles/FocDrive.elf.dir/Core/Src/stm32f4xx_it.c.obj
 .debug_ranges  0x00000098       0x18 CMakeFiles/FocDrive.elf.dir/Core/Src/system_stm32f4xx.c.obj
 .debug_ranges  0x000000b0       0x20 CMakeFiles/FocDrive.elf.dir/Core/Src/usart.c.obj
 .debug_ranges  0x000000d0       0x20 CMakeFiles/FocDrive.elf.dir/Core/Startup/startup_stm32f405rgtx.s.obj
 .debug_ranges  0x000000f0       0xe0 CMakeFiles/FocDrive.elf.dir/Drivers/STM32F4xx_HAL_Driver/Src/stm32f4xx_hal.c.obj
 .debug_ranges  0x000001d0      0x128 CMakeFiles/FocDrive.elf.dir/Drivers/STM32F4xx_HAL_Driver/Src/stm32f4xx_hal_cortex.c.obj
 .debug_ranges  0x000002f8       0x48 CMakeFiles/FocDrive.elf.dir/Drivers/STM32F4xx_HAL_Driver/Src/stm32f4xx_hal_gpio.c.obj
 .debug_ranges  0x00000340       0x90 CMakeFiles/FocDrive.elf.dir/Drivers/STM32F4xx_HAL_Driver/Src/stm32f4xx_hal_rcc.c.obj
 .debug_ranges  0x000003d0      0x208 CMakeFiles/FocDrive.elf.dir/Drivers/STM32F4xx_HAL_Driver/Src/stm32f4xx_hal_uart.c.obj

.debug_line     0x00000000     0x7d3d
 .debug_line    0x00000000      0x175 CMakeFiles/FocDrive.elf.dir/Core/Src/gpio.c.obj
 .debug_line    0x00000175      0x400 CMakeFiles/FocDrive.elf.dir/Core/Src/main.c.obj
 .debug_line    0x00000575      0x182 CMakeFiles/FocDrive.elf.dir/Core/Src/stm32f4xx_hal_msp.c.obj
 .debug_line    0x000006f7      0x1cd CMakeFiles/FocDrive.elf.dir/Core/Src/stm32f4xx_it.c.obj
 .debug_line    0x000008c4      0x24b CMakeFiles/FocDrive.elf.dir/Core/Src/system_stm32f4xx.c.obj
 .debug_line    0x00000b0f      0x343 CMakeFiles/FocDrive.elf.dir/Core/Src/usart.c.obj
 .debug_line    0x00000e52       0xb0 CMakeFiles/FocDrive.elf.dir/Core/Startup/startup_stm32f405rgtx.s.obj
 .debug_line    0x00000f02      0x646 CMakeFiles/FocDrive.elf.dir/Drivers/STM32F4xx_HAL_Driver/Src/stm32f4xx_hal.c.obj
 .debug_line    0x00001548      0x95d CMakeFiles/FocDrive.elf.dir/Drivers/STM32F4xx_HAL_Driver/Src/stm32f4xx_hal_cortex.c.obj
 .debug_line    0x00001ea5      0x8e1 CMakeFiles/FocDrive.elf.dir/Drivers/STM32F4xx_HAL_Driver/Src/stm32f4xx_hal_gpio.c.obj
 .debug_line    0x00002786      0xd08 CMakeFiles/FocDrive.elf.dir/Drivers/STM32F4xx_HAL_Driver/Src/stm32f4xx_hal_rcc.c.obj
 .debug_line    0x0000348e     0x48af CMakeFiles/FocDrive.elf.dir/Drivers/STM32F4xx_HAL_Driver/Src/stm32f4xx_hal_uart.c.obj

.debug_str      0x00000000     0x2319
 .debug_str     0x00000000      0x2af CMakeFiles/FocDrive.elf.dir/Core/Src/gpio.c.obj
                                0x2f1 (size before relaxing)
 .debug_str     0x000002af      0x22a CMakeFiles/FocDrive.elf.dir/Core/Src/main.c.obj
                                0x4ef (size before relaxing)
 .debug_str     0x000004d9       0x54 CMakeFiles/FocDrive.elf.dir/Core/Src/stm32f4xx_hal_msp.c.obj
                                0x2fd (size before relaxing)
 .debug_str     0x0000052d       0xdf CMakeFiles/FocDrive.elf.dir/Core/Src/stm32f4xx_it.c.obj
                                0x271 (size before relaxing)
 .debug_str     0x0000060c       0xaf CMakeFiles/FocDrive.elf.dir/Core/Src/system_stm32f4xx.c.obj
                                0x363 (size before relaxing)
 .debug_str     0x000006bb      0x4f4 CMakeFiles/FocDrive.elf.dir/Core/Src/usart.c.obj
                                0x83e (size before relaxing)
 .debug_str     0x00000baf       0x5e CMakeFiles/FocDrive.elf.dir/Core/Startup/startup_stm32f405rgtx.s.obj
                                 0x9b (size before relaxing)
 .debug_str     0x00000c0d      0x86b CMakeFiles/FocDrive.elf.dir/Drivers/STM32F4xx_HAL_Driver/Src/stm32f4xx_hal.c.obj
                                0xb9b (size before relaxing)
 .debug_str     0x00001478      0x4da CMakeFiles/FocDrive.elf.dir/Drivers/STM32F4xx_HAL_Driver/Src/stm32f4xx_hal_cortex.c.obj
                                0xc6f (size before relaxing)
 .debug_str     0x00001952      0x17e CMakeFiles/FocDrive.elf.dir/Drivers/STM32F4xx_HAL_Driver/Src/stm32f4xx_hal_gpio.c.obj
                                0x530 (size before relaxing)
 .debug_str     0x00001ad0      0x1cc CMakeFiles/FocDrive.elf.dir/Drivers/STM32F4xx_HAL_Driver/Src/stm32f4xx_hal_rcc.c.obj
                                0x756 (size before relaxing)
 .debug_str     0x00001c9c      0x67d CMakeFiles/FocDrive.elf.dir/Drivers/STM32F4xx_HAL_Driver/Src/stm32f4xx_hal_uart.c.obj
                                0xda9 (size before relaxing)

.comment        0x00000000       0x49
 .comment       0x00000000       0x49 CMakeFiles/FocDrive.elf.dir/Core/Src/gpio.c.obj
                                 0x4a (size before relaxing)
 .comment       0x00000049       0x4a CMakeFiles/FocDrive.elf.dir/Core/Src/main.c.obj
 .comment       0x00000049       0x4a CMakeFiles/FocDrive.elf.dir/Core/Src/stm32f4xx_hal_msp.c.obj
 .comment       0x00000049       0x4a CMakeFiles/FocDrive.elf.dir/Core/Src/stm32f4xx_it.c.obj
 .comment       0x00000049       0x4a CMakeFiles/FocDrive.elf.dir/Core/Src/system_stm32f4xx.c.obj
 .comment       0x00000049       0x4a CMakeFiles/FocDrive.elf.dir/Core/Src/usart.c.obj
 .comment       0x00000049       0x4a CMakeFiles/FocDrive.elf.dir/Drivers/STM32F4xx_HAL_Driver/Src/stm32f4xx_hal.c.obj
 .comment       0x00000049       0x4a CMakeFiles/FocDrive.elf.dir/Drivers/STM32F4xx_HAL_Driver/Src/stm32f4xx_hal_cortex.c.obj
 .comment       0x00000049       0x4a CMakeFiles/FocDrive.elf.dir/Drivers/STM32F4xx_HAL_Driver/Src/stm32f4xx_hal_gpio.c.obj
 .comment       0x00000049       0x4a CMakeFiles/FocDrive.elf.dir/Drivers/STM32F4xx_HAL_Driver/Src/stm32f4xx_hal_rcc.c.obj
 .comment       0x00000049       0x4a CMakeFiles/FocDrive.elf.dir/Drivers/STM32F4xx_HAL_Driver/Src/stm32f4xx_hal_uart.c.obj

.debug_frame    0x00000000     0x1018
 .debug_frame   0x00000000       0x28 CMakeFiles/FocDrive.elf.dir/Core/Src/gpio.c.obj
 .debug_frame   0x00000028       0x68 CMakeFiles/FocDrive.elf.dir/Core/Src/main.c.obj
 .debug_frame   0x00000090       0x28 CMakeFiles/FocDrive.elf.dir/Core/Src/stm32f4xx_hal_msp.c.obj
 .debug_frame   0x000000b8       0xa8 CMakeFiles/FocDrive.elf.dir/Core/Src/stm32f4xx_it.c.obj
 .debug_frame   0x00000160       0x30 CMakeFiles/FocDrive.elf.dir/Core/Src/system_stm32f4xx.c.obj
 .debug_frame   0x00000190       0x60 CMakeFiles/FocDrive.elf.dir/Core/Src/usart.c.obj
 .debug_frame   0x000001f0      0x1f0 CMakeFiles/FocDrive.elf.dir/Drivers/STM32F4xx_HAL_Driver/Src/stm32f4xx_hal.c.obj
 .debug_frame   0x000003e0      0x19c CMakeFiles/FocDrive.elf.dir/Drivers/STM32F4xx_HAL_Driver/Src/stm32f4xx_hal_cortex.c.obj
 .debug_frame   0x0000057c       0xf8 CMakeFiles/FocDrive.elf.dir/Drivers/STM32F4xx_HAL_Driver/Src/stm32f4xx_hal_gpio.c.obj
 .debug_frame   0x00000674      0x16c CMakeFiles/FocDrive.elf.dir/Drivers/STM32F4xx_HAL_Driver/Src/stm32f4xx_hal_rcc.c.obj
 .debug_frame   0x000007e0      0x5ec CMakeFiles/FocDrive.elf.dir/Drivers/STM32F4xx_HAL_Driver/Src/stm32f4xx_hal_uart.c.obj
 .debug_frame   0x00000dcc       0x2c d:/software/sysgcc/arm-eabi/bin/../lib/gcc/arm-none-eabi/10.3.1/thumb/v7e-m/nofp\libgcc.a(_aeabi_uldivmod.o)
 .debug_frame   0x00000df8       0x34 d:/software/sysgcc/arm-eabi/bin/../lib/gcc/arm-none-eabi/10.3.1/thumb/v7e-m/nofp\libgcc.a(_udivmoddi4.o)
 .debug_frame   0x00000e2c       0x2c d:/software/sysgcc/arm-eabi/bin/../lib/gcc/arm-none-eabi/10.3.1/../../../../arm-none-eabi/lib/thumb/v7e-m/nofp\libg.a(lib_a-init.o)
 .debug_frame   0x00000e58       0x2c d:/software/sysgcc/arm-eabi/bin/../lib/gcc/arm-none-eabi/10.3.1/../../../../arm-none-eabi/lib/thumb/v7e-m/nofp\libg.a(lib_a-memset.o)
 .debug_frame   0x00000e84       0x5c d:/software/sysgcc/arm-eabi/bin/../lib/gcc/arm-none-eabi/10.3.1/../../../../arm-none-eabi/lib/thumb/v7e-m/nofp\libg.a(lib_a-__call_atexit.o)
 .debug_frame   0x00000ee0       0x20 d:/software/sysgcc/arm-eabi/bin/../lib/gcc/arm-none-eabi/10.3.1/../../../../arm-none-eabi/lib/thumb/v7e-m/nofp\libg.a(lib_a-atexit.o)
 .debug_frame   0x00000f00       0x34 d:/software/sysgcc/arm-eabi/bin/../lib/gcc/arm-none-eabi/10.3.1/../../../../arm-none-eabi/lib/thumb/v7e-m/nofp\libg.a(lib_a-fini.o)
 .debug_frame   0x00000f34       0xb0 d:/software/sysgcc/arm-eabi/bin/../lib/gcc/arm-none-eabi/10.3.1/../../../../arm-none-eabi/lib/thumb/v7e-m/nofp\libg.a(lib_a-lock.o)
 .debug_frame   0x00000fe4       0x34 d:/software/sysgcc/arm-eabi/bin/../lib/gcc/arm-none-eabi/10.3.1/../../../../arm-none-eabi/lib/thumb/v7e-m/nofp\libg.a(lib_a-__atexit.o)

.debug_loc      0x00000000     0x6109
 .debug_loc     0x00000000       0x23 CMakeFiles/FocDrive.elf.dir/Core/Src/main.c.obj
 .debug_loc     0x00000023      0x158 CMakeFiles/FocDrive.elf.dir/Core/Src/system_stm32f4xx.c.obj
 .debug_loc     0x0000017b       0x84 CMakeFiles/FocDrive.elf.dir/Core/Src/usart.c.obj
 .debug_loc     0x000001ff      0x130 CMakeFiles/FocDrive.elf.dir/Drivers/STM32F4xx_HAL_Driver/Src/stm32f4xx_hal.c.obj
 .debug_loc     0x0000032f      0x92e CMakeFiles/FocDrive.elf.dir/Drivers/STM32F4xx_HAL_Driver/Src/stm32f4xx_hal_cortex.c.obj
 .debug_loc     0x00000c5d      0x677 CMakeFiles/FocDrive.elf.dir/Drivers/STM32F4xx_HAL_Driver/Src/stm32f4xx_hal_gpio.c.obj
 .debug_loc     0x000012d4      0x56f CMakeFiles/FocDrive.elf.dir/Drivers/STM32F4xx_HAL_Driver/Src/stm32f4xx_hal_rcc.c.obj
 .debug_loc     0x00001843     0x48c6 CMakeFiles/FocDrive.elf.dir/Drivers/STM32F4xx_HAL_Driver/Src/stm32f4xx_hal_uart.c.obj
