Component: Arm Compiler for Embedded 6.19 Tool: armlink [5e73cb00]

==============================================================================

Section Cross References

    startup_stm32f405xx.o(STACK) refers (Special) to heapauxi.o(.text) for __use_two_region_memory
    startup_stm32f405xx.o(HEAP) refers (Special) to heapauxi.o(.text) for __use_two_region_memory
    startup_stm32f405xx.o(RESET) refers (Special) to heapauxi.o(.text) for __use_two_region_memory
    startup_stm32f405xx.o(RESET) refers to startup_stm32f405xx.o(STACK) for __initial_sp
    startup_stm32f405xx.o(RESET) refers to startup_stm32f405xx.o(.text) for Reset_Handler
    startup_stm32f405xx.o(RESET) refers to lto-llvm-a785ef.o(.text.NMI_Handler) for NMI_Handler
    startup_stm32f405xx.o(RESET) refers to lto-llvm-a785ef.o(.text.HardFault_Handler) for HardFault_Handler
    startup_stm32f405xx.o(RESET) refers to lto-llvm-a785ef.o(.text.MemManage_Handler) for MemManage_Handler
    startup_stm32f405xx.o(RESET) refers to lto-llvm-a785ef.o(.text.BusFault_Handler) for BusFault_Handler
    startup_stm32f405xx.o(RESET) refers to lto-llvm-a785ef.o(.text.UsageFault_Handler) for UsageFault_Handler
    startup_stm32f405xx.o(RESET) refers to lto-llvm-a785ef.o(.text.SVC_Handler) for SVC_Handler
    startup_stm32f405xx.o(RESET) refers to lto-llvm-a785ef.o(.text.DebugMon_Handler) for DebugMon_Handler
    startup_stm32f405xx.o(RESET) refers to lto-llvm-a785ef.o(.text.PendSV_Handler) for PendSV_Handler
    startup_stm32f405xx.o(RESET) refers to lto-llvm-a785ef.o(.text.SysTick_Handler) for SysTick_Handler
    startup_stm32f405xx.o(RESET) refers to lto-llvm-a785ef.o(.text.DMA1_Stream5_IRQHandler) for DMA1_Stream5_IRQHandler
    startup_stm32f405xx.o(RESET) refers to lto-llvm-a785ef.o(.text.DMA1_Stream6_IRQHandler) for DMA1_Stream6_IRQHandler
    startup_stm32f405xx.o(RESET) refers to lto-llvm-a785ef.o(.text.ADC_IRQHandler) for ADC_IRQHandler
    startup_stm32f405xx.o(RESET) refers to lto-llvm-a785ef.o(.text.USART2_IRQHandler) for USART2_IRQHandler
    startup_stm32f405xx.o(RESET) refers to lto-llvm-a785ef.o(.text.TIM8_TRG_COM_TIM14_IRQHandler) for TIM8_TRG_COM_TIM14_IRQHandler
    startup_stm32f405xx.o(RESET) refers to lto-llvm-a785ef.o(.text.DMA2_Stream2_IRQHandler) for DMA2_Stream2_IRQHandler
    startup_stm32f405xx.o(.text) refers (Special) to heapauxi.o(.text) for __use_two_region_memory
    startup_stm32f405xx.o(.text) refers to lto-llvm-a785ef.o(.text.SystemInit) for SystemInit
    startup_stm32f405xx.o(.text) refers to __main.o(!!!main) for __main
    startup_stm32f405xx.o(.text) refers to startup_stm32f405xx.o(HEAP) for Heap_Mem
    startup_stm32f405xx.o(.text) refers to startup_stm32f405xx.o(STACK) for Stack_Mem
    printf.o(.text) refers (Special) to _printf_a.o(.ARM.Collect$$_printf_percent$$00000006) for _printf_a
    printf.o(.text) refers (Special) to _printf_c.o(.ARM.Collect$$_printf_percent$$00000013) for _printf_c
    printf.o(.text) refers (Special) to _printf_charcount.o(.text) for _printf_charcount
    printf.o(.text) refers (Special) to _printf_d.o(.ARM.Collect$$_printf_percent$$00000009) for _printf_d
    printf.o(.text) refers (Special) to _printf_e.o(.ARM.Collect$$_printf_percent$$00000004) for _printf_e
    printf.o(.text) refers (Special) to _printf_f.o(.ARM.Collect$$_printf_percent$$00000003) for _printf_f
    printf.o(.text) refers (Special) to printf1.o(x$fpl$printf1) for _printf_fp_dec
    printf.o(.text) refers (Special) to printf2.o(x$fpl$printf2) for _printf_fp_hex
    printf.o(.text) refers (Special) to _printf_g.o(.ARM.Collect$$_printf_percent$$00000005) for _printf_g
    printf.o(.text) refers (Special) to _printf_i.o(.ARM.Collect$$_printf_percent$$00000008) for _printf_i
    printf.o(.text) refers (Special) to _printf_dec.o(.text) for _printf_int_dec
    printf.o(.text) refers (Special) to _printf_l.o(.ARM.Collect$$_printf_percent$$00000012) for _printf_l
    printf.o(.text) refers (Special) to _printf_lc.o(.ARM.Collect$$_printf_percent$$00000015) for _printf_lc
    printf.o(.text) refers (Special) to _printf_ll.o(.ARM.Collect$$_printf_percent$$00000007) for _printf_ll
    printf.o(.text) refers (Special) to _printf_lld.o(.ARM.Collect$$_printf_percent$$0000000E) for _printf_lld
    printf.o(.text) refers (Special) to _printf_lli.o(.ARM.Collect$$_printf_percent$$0000000D) for _printf_lli
    printf.o(.text) refers (Special) to _printf_llo.o(.ARM.Collect$$_printf_percent$$00000010) for _printf_llo
    printf.o(.text) refers (Special) to _printf_llu.o(.ARM.Collect$$_printf_percent$$0000000F) for _printf_llu
    printf.o(.text) refers (Special) to _printf_llx.o(.ARM.Collect$$_printf_percent$$00000011) for _printf_llx
    printf.o(.text) refers (Special) to _printf_longlong_dec.o(.text) for _printf_longlong_dec
    printf.o(.text) refers (Special) to _printf_hex_int_ll_ptr.o(.text) for _printf_longlong_hex
[...]
    0x08006e8e   0x08006e8e   0x00000002   PAD
    0x08006e90   0x08006e90   0x000000a2   Code   RO         1623    .text.HAL_UART_Init  lto-llvm-a785ef.o
    0x08006f32   0x08006f32   0x00000002   PAD
    0x08006f34   0x08006f34   0x0000013e   Code   RO         1487    .text.HAL_UART_MspInit  lto-llvm-a785ef.o
    0x08007072   0x08007072   0x00000002   PAD
    0x08007074   0x08007074   0x00000086   Code   RO         1637    .text.HAL_UART_Receive_DMA  lto-llvm-a785ef.o
    0x080070fa   0x080070fa   0x00000002   PAD
    0x080070fc   0x080070fc   0x00000008   Code   RO         1649    .text.HAL_UART_RxCpltCallback  lto-llvm-a785ef.o
    0x08007104   0x08007104   0x00000008   Code   RO         1647    .text.HAL_UART_RxHalfCpltCallback  lto-llvm-a785ef.o
    0x0800710c   0x0800710c   0x00000008   Code   RO         1635    .text.HAL_UART_TxCpltCallback  lto-llvm-a785ef.o
    0x08007114   0x08007114   0x00000004   Code   RO         1447    .text.HardFault_Handler  lto-llvm-a785ef.o
    0x08007118   0x08007118   0x00000106   Code   RO         1415    .text.MX_ADC1_Init  lto-llvm-a785ef.o
    0x0800721e   0x0800721e   0x00000002   PAD
    0x08007220   0x08007220   0x0000010e   Code   RO         1417    .text.MX_ADC2_Init  lto-llvm-a785ef.o
    0x0800732e   0x0800732e   0x00000002   PAD
    0x08007330   0x08007330   0x00000076   Code   RO         1421    .text.MX_DMA_Init   lto-llvm-a785ef.o
    0x080073a6   0x080073a6   0x00000002   PAD
    0x080073a8   0x080073a8   0x00000118   Code   RO         1423    .text.MX_GPIO_Init  lto-llvm-a785ef.o
    0x080074c0   0x080074c0   0x00000042   Code   RO         1425    .text.MX_I2C1_Init  lto-llvm-a785ef.o
    0x08007502   0x08007502   0x00000002   PAD
    0x08007504   0x08007504   0x0000004e   Code   RO         1437    .text.MX_SPI3_Init  lto-llvm-a785ef.o
    0x08007552   0x08007552   0x00000002   PAD
    0x08007554   0x08007554   0x00000112   Code   RO         1477    .text.MX_TIM1_Init  lto-llvm-a785ef.o
    0x08007666   0x08007666   0x00000002   PAD
    0x08007668   0x08007668   0x00000136   Code   RO         1481    .text.MX_TIM8_Init  lto-llvm-a785ef.o
    0x0800779e   0x0800779e   0x00000002   PAD
    0x080077a0   0x080077a0   0x00000050   Code   RO         1485    .text.MX_USART2_UART_Init  lto-llvm-a785ef.o
    0x080077f0   0x080077f0   0x00000144   Code   RO         1841    .text.Main          lto-llvm-a785ef.o
    0x08007934   0x08007934   0x00000004   Code   RO         1449    .text.MemManage_Handler  lto-llvm-a785ef.o
    0x08007938   0x08007938   0x00000004   Code   RO         1445    .text.NMI_Handler   lto-llvm-a785ef.o
    0x0800793c   0x0800793c   0x00000062   Code   RO         1525    .text.NVIC_EncodePriority  lto-llvm-a785ef.o
    0x0800799e   0x0800799e   0x00000002   PAD
    0x080079a0   0x080079a0   0x00000002   Code   RO         1459    .text.PendSV_Handler  lto-llvm-a785ef.o
    0x080079a2   0x080079a2   0x00000002   PAD
    0x080079a4   0x080079a4   0x0000009e   Code   RO         1575    .text.SPI_EndRxTxTransaction  lto-llvm-a785ef.o
    0x08007a42   0x08007a42   0x00000002   PAD
    0x08007a44   0x08007a44   0x00000126   Code   RO         1577    .text.SPI_WaitFlagStateUntilTimeout  lto-llvm-a785ef.o
    0x08007b6a   0x08007b6a   0x00000002   PAD
    0x08007b6c   0x08007b6c   0x00000002   Code   RO         1455    .text.SVC_Handler   lto-llvm-a785ef.o
    0x08007b6e   0x08007b6e   0x00000002   PAD
    0x08007b70   0x08007b70   0x00000002   Code   RO         1461    .text.SysTick_Handler  lto-llvm-a785ef.o
    0x08007b72   0x08007b72   0x00000002   PAD
    0x08007b74   0x08007b74   0x000000b8   Code   RO         1431    .text.SystemClock_Config  lto-llvm-a785ef.o
    0x08007c2c   0x08007c2c   0x00000012   Code   RO         1475    .text.SystemInit    lto-llvm-a785ef.o
    0x08007c3e   0x08007c3e   0x00000002   PAD
    0x08007c40   0x08007c40   0x0000001c   Code   RO         1471    .text.TIM8_TRG_COM_TIM14_IRQHandler  lto-llvm-a785ef.o
    0x08007c5c   0x08007c5c   0x0000019a   Code   RO         1585    .text.TIM_Base_SetConfig  lto-llvm-a785ef.o
    0x08007df6   0x08007df6   0x00000002   PAD
    0x08007df8   0x08007df8   0x00000036   Code   RO         1589    .text.TIM_CCxChannelCmd  lto-llvm-a785ef.o
    0x08007e2e   0x08007e2e   0x00000002   PAD
    0x08007e30   0x08007e30   0x000000ea   Code   RO         1605    .text.TIM_OC1_SetConfig  lto-llvm-a785ef.o
    0x08007f1a   0x08007f1a   0x00000002   PAD
    0x08007f1c   0x08007f1c   0x000000f4   Code   RO         1607    .text.TIM_OC2_SetConfig  lto-llvm-a785ef.o
    0x08008010   0x08008010   0x000000f2   Code   RO         1609    .text.TIM_OC3_SetConfig  lto-llvm-a785ef.o
    0x08008102   0x08008102   0x00000002   PAD
    0x08008104   0x08008104   0x000000a4   Code   RO         1611    .text.TIM_OC4_SetConfig  lto-llvm-a785ef.o
    0x080081a8   0x080081a8   0x00000020   Code   RO         1657    .text.UART_DMAAbortOnError  lto-llvm-a785ef.o
    0x080081c8   0x080081c8   0x0000007c   Code   RO         1627    .text.UART_DMAError  lto-llvm-a785ef.o
    0x08008244   0x08008244   0x000000ee   Code   RO         1641    .text.UART_DMAReceiveCplt  lto-llvm-a785ef.o
    0x08008332   0x08008332   0x00000002   PAD
    0x08008334   0x08008334   0x0000002e   Code   RO         1643    .text.UART_DMARxHalfCplt  lto-llvm-a785ef.o
    0x08008362   0x08008362   0x00000002   PAD
    0x08008364   0x08008364   0x00000094   Code   RO         1631    .text.UART_EndRxTransfer  lto-llvm-a785ef.o
    0x080083f8   0x080083f8   0x00000024   Code   RO         1661    .text.UART_EndTransmit_IT  lto-llvm-a785ef.o
    0x0800841c   0x0800841c   0x00000036   Code   RO         1629    .text.UART_EndTxTransfer  lto-llvm-a785ef.o
    0x08008452   0x08008452   0x00000002   PAD
    0x08008454   0x08008454   0x00000160   Code   RO         1655    .text.UART_Receive_IT  lto-llvm-a785ef.o
    0x080085b4   0x080085b4   0x0000012c   Code   RO         1625    .text.UART_SetConfig  lto-llvm-a785ef.o
    0x080086e0   0x080086e0   0x00000116   Code   RO         1639    .text.UART_Start_Receive_DMA  lto-llvm-a785ef.o
    0x080087f6   0x080087f6   0x00000002   PAD
    0x080087f8   0x080087f8   0x00000090   Code   RO         1659    .text.UART_Transmit_IT  lto-llvm-a785ef.o
    0x08008888   0x08008888   0x0000000c   Code   RO         1469    .text.USART2_IRQHandler  lto-llvm-a785ef.o
    0x08008894   0x08008894   0x00000004   Code   RO         1453    .text.UsageFault_Handler  lto-llvm-a785ef.o
    0x08008898   0x08008898   0x0000001a   Code   RO         1792    .text._GLOBAL__sub_I_Main.cpp  lto-llvm-a785ef.o
    0x080088b2   0x080088b2   0x00000002   Code   RO          495    .text._Unwind_Complete  libunwind_wx.l(Unwind-EHABI.cpp.o)
    0x080088b4   0x080088b4   0x0000000c   Code   RO          507    .text._Unwind_DeleteException  libunwind_wx.l(Unwind-EHABI.cpp.o)
    0x080088c0   0x080088c0   0x0000002e   Code   RO          503    .text._Unwind_ForcedUnwind  libunwind_wx.l(Unwind-EHABI.cpp.o)
    0x080088ee   0x080088ee   0x00000018   Code   RO          501    .text._Unwind_GetLanguageSpecificData  libunwind_wx.l(Unwind-EHABI.cpp.o)
    0x08008906   0x08008906   0x00000018   Code   RO          505    .text._Unwind_GetRegionStart  libunwind_wx.l(Unwind-EHABI.cpp.o)
    0x0800891e   0x0800891e   0x00000002   PAD
    0x08008920   0x08008920   0x0000007a   Code   RO          491    .text._Unwind_RaiseException  libunwind_wx.l(Unwind-EHABI.cpp.o)
    0x0800899a   0x0800899a   0x00000038   Code   RO          497    .text._Unwind_Resume  libunwind_wx.l(Unwind-EHABI.cpp.o)
    0x080089d2   0x080089d2   0x0000006e   Code   RO          477    .text._Unwind_VRS_Get  libunwind_wx.l(Unwind-EHABI.cpp.o)
    0x08008a40   0x08008a40   0x0000020c   Code   RO          475    .text._Unwind_VRS_Interpret  libunwind_wx.l(Unwind-EHABI.cpp.o)
    0x08008c4c   0x08008c4c   0x00000118   Code   RO          481    .text._Unwind_VRS_Pop  libunwind_wx.l(Unwind-EHABI.cpp.o)
    0x08008d64   0x08008d64   0x00000072   Code   RO          479    .text._Unwind_VRS_Set  libunwind_wx.l(Unwind-EHABI.cpp.o)
    0x08008dd6   0x08008dd6   0x00000002   PAD
    0x08008dd8   0x08008dd8   0x00000032   Code   RO         1671    .text._Z11_sqrtApproxf  lto-llvm-a785ef.o
    0x08008e0a   0x08008e0a   0x00000002   PAD
    0x08008e0c   0x08008e0c   0x00000014   Code   RO         1788    .text._Z15__libcpp_strchrB6v16000PKci  lto-llvm-a785ef.o
    0x08008e20   0x08008e20   0x00000040   Code   RO         1665    .text._Z15_normalizeAnglef  lto-llvm-a785ef.o
    0x08008e60   0x08008e60   0x0000001c   Code   RO         1669    .text._Z16_electricalAnglefi  lto-llvm-a785ef.o
    0x08008e7c   0x08008e7c   0x00000012   Code   RO         1712    .text._Z3absB6v16000f  lto-llvm-a785ef.o
    0x08008e8e   0x08008e8e   0x00000002   PAD
    0x08008e90   0x08008e90   0x00000248   Code   RO         1663    .text._Z4_sinf      lto-llvm-a785ef.o
    0x080090d8   0x080090d8   0x00000012   Code   RO         1714    .text._Z4fabsB6v16000f  lto-llvm-a785ef.o
    0x080090ea   0x080090ea   0x00000002   PAD
    0x080090ec   0x080090ec   0x00000022   Code   RO         1667    .text._Z4fmodB6v16000ff  lto-llvm-a785ef.o
    0x0800910e   0x0800910e   0x00000002   PAD
    0x08009110   0x08009110   0x0000001c   Code   RO         1696    .text._Z5atan2B6v16000ff  lto-llvm-a785ef.o
    0x0800912c   0x0800912c   0x00000010   Code   RO         1698    .text._Z5floorB6v16000f  lto-llvm-a785ef.o
    0x0800913c   0x0800913c   0x0000003e   Code   RO         1835    .text._Z6DC_CALb    lto-llvm-a785ef.o
    0x0800917a   0x0800917a   0x00000002   PAD
    0x0800917c   0x0800917c   0x0000003e   Code   RO         1833    .text._Z6EnGateb    lto-llvm-a785ef.o
    0x080091ba   0x080091ba   0x00000002   PAD
    0x080091bc   0x080091bc   0x00000012   Code   RO         1675    .text._Z6_delaym    lto-llvm-a785ef.o
    0x080091ce   0x080091ce   0x00000002   PAD
    0x080091d0   0x080091d0   0x00000014   Code   RO         1780    .text._Z6strchrB6v16000Ua9enable_ifILb1EEPci  lto-llvm-a785ef.o
    0x080091e4   0x080091e4   0x00000036   Code   RO         1673    .text._Z7_microsv   lto-llvm-a785ef.o
    0x0800921a   0x0800921a   0x00000002   PAD
    0x0800921c   0x0800921c   0x00000026   Code   RO         1677    .text._Z8_delayUsm  lto-llvm-a785ef.o
    0x08009242   0x08009242   0x00000002   PAD
    0x08009244   0x08009244   0x00000010   Code   RO         1831    .text._Z8doTargetPc  lto-llvm-a785ef.o
    0x08009254   0x08009254   0x000000a6   Code   RO          493    .text._ZL13unwind_phase2P13unw_context_tP12unw_cursor_tP21_Unwind_Control_Blockb  libunwind_wx.l(Unwind-EHABI.cpp.o)
    0x080092fa   0x080092fa   0x00000002   PAD
    0x080092fc   0x080092fc   0x0000008e   Code   RO          499    .text._ZL20unwind_phase2_forcedP13unw_context_tP12unw_cursor_tP21_Unwind_Control_BlockPF19_Unwind_Reason_Codei14_Unwind_ActionPhS4_P15_Unwind_ContextPvESA_  libunwind_wx.l(Unwind-EHABI.cpp.o)
    0x0800938a   0x0800938a   0x00000002   PAD
    0x0800938c   0x0800938c   0x0000002e   Code   RO         1810    .text._ZN10DriverBaseC2Eff  lto-llvm-a785ef.o
    0x080093ba   0x080093ba   0x00000004   Code   RO          724    .text._ZN10__cxxabiv116__shim_type_infoD2Ev  libcppabi_wx.l(private_typeinfo.cpp.o)
    0x080093be   0x080093be   0x00000010   Code   RO          740    .text._ZN10__cxxabiv117__class_type_infoD0Ev  libcppabi_wx.l(private_typeinfo.cpp.o)
    0x080093ce   0x080093ce   0x00000010   Code   RO          742    .text._ZN10__cxxabiv120__si_class_type_infoD0Ev  libcppabi_wx.l(private_typeinfo.cpp.o)
    0x080093de   0x080093de   0x00000028   Code   RO          348    .text._ZN10__cxxabiv121__isOurExceptionClassEPK21_Unwind_Control_Block  libcppabi_wx.l(cxa_exception.cpp.o)
    0x08009406   0x08009406   0x00000020   Code   RO          714    .text._ZN10__cxxabiv128__aligned_free_with_fallbackEPv  libcppabi_wx.l(fallback_malloc.cpp.o)
    0x08009426   0x08009426   0x0000002a   Code   RO          708    .text._ZN10__cxxabiv130__aligned_malloc_with_fallbackEj  libcppabi_wx.l(fallback_malloc.cpp.o)
    0x08009450   0x08009450   0x0000035e   Code   RO          422    .text._ZN10__cxxabiv1L11scan_eh_tabERNS_12_GLOBAL__N_112scan_resultsE14_Unwind_ActionbP21_Unwind_Control_BlockP15_Unwind_Context  libcppabi_wx.l(cxa_personality.cpp.o)
    0x080097ae   0x080097ae   0x00000010   Code   RO          367    .text._ZN10__cxxabiv1L12failed_throwEPNS_15__cxa_exceptionE  libcppabi_wx.l(cxa_exception.cpp.o)
    0x080097be   0x080097be   0x0000005c   Code   RO          426    .text._ZN10__cxxabiv1L13set_registersEP21_Unwind_Control_BlockP15_Unwind_ContextRKNS_12_GLOBAL__N_112scan_resultsE  libcppabi_wx.l(cxa_personality.cpp.o)
    0x0800981a   0x0800981a   0x0000001a   Code   RO          424    .text._ZN10__cxxabiv1L14call_terminateEbP21_Unwind_Control_Block  libcppabi_wx.l(cxa_personality.cpp.o)
    0x08009834   0x08009834   0x0000013a   Code   RO          431    .text._ZN10__cxxabiv1L18readEncodedPointerEPPKhhj  libcppabi_wx.l(cxa_personality.cpp.o)
    0x0800996e   0x0800996e   0x00000016   Code   RO          365    .text._ZN10__cxxabiv1L22exception_cleanup_funcE19_Unwind_Reason_CodeP21_Unwind_Control_Block  libcppabi_wx.l(cxa_exception.cpp.o)
    0x08009984   0x08009984   0x0000004c   Code   RO          433    .text._ZN10__cxxabiv1L24exception_spec_can_catchExPKhhPKNS_16__shim_type_infoEPvP21_Unwind_Control_Blockj  libcppabi_wx.l(cxa_personality.cpp.o)
    0x080099d0   0x080099d0   0x0000008c   Code   RO          716    .text._ZN12_GLOBAL__N_113fallback_freeEPv  libcppabi_wx.l(fallback_malloc.cpp.o)
    0x08009a5c   0x08009a5c   0x000000dc   Code   RO          485    .text._ZN12_GLOBAL__N_114unwindOneFrameEjP21_Unwind_Control_BlockP15_Unwind_Context  libunwind_wx.l(Unwind-EHABI.cpp.o)
    0x08009b38   0x08009b38   0x00000098   Code   RO          710    .text._ZN12_GLOBAL__N_115fallback_mallocEj  libcppabi_wx.l(fallback_malloc.cpp.o)
    0x08009bd0   0x08009bd0   0x00000020   Code   RO         1823    .text._ZN13LowPassFilterC2Ef  lto-llvm-a785ef.o
    0x08009bf0   0x08009bf0   0x000000c8   Code   RO         1679    .text._ZN13LowPassFilterclEf  lto-llvm-a785ef.o
    0x08009cb8   0x08009cb8   0x00000044   Code   RO         1825    .text._ZN13PIDControllerC2Efffff  lto-llvm-a785ef.o
    0x08009cfc   0x08009cfc   0x0000020c   Code   RO         1724    .text._ZN13PIDControllerclEf  lto-llvm-a785ef.o
    0x08009f08   0x08009f08   0x00000014   Code   RO         1754    .text._ZN16CurrentSenseBase12getDCCurrentEf  lto-llvm-a785ef.o
    0x08009f1c   0x08009f1c   0x0000001a   Code   RO         1756    .text._ZN16CurrentSenseBase14getFOCCurrentsEf  lto-llvm-a785ef.o
    0x08009f36   0x08009f36   0x00000002   PAD
    0x08009f38   0x08009f38   0x00000022   Code   RO         1814    .text._ZN16CurrentSenseBaseC2Ev  lto-llvm-a785ef.o
    0x08009f5a   0x08009f5a   0x00000002   PAD
    0x08009f5c   0x08009f5c   0x0000000e   Code   RO         1748    .text._ZN19LowSideCurrentSense11driverAlignEf  lto-llvm-a785ef.o
    0x08009f6a   0x08009f6a   0x00000002   PAD
    0x08009f6c   0x08009f6c   0x00000100   Code   RO         1752    .text._ZN19LowSideCurrentSense16calibrateOffsetsEv  lto-llvm-a785ef.o
    0x0800a06c   0x0800a06c   0x000000b4   Code   RO         1750    .text._ZN19LowSideCurrentSense16getPhaseCurrentsEv  lto-llvm-a785ef.o
    0x0800a120   0x0800a120   0x00000010   Code   RO         1746    .text._ZN19LowSideCurrentSense4initEv  lto-llvm-a785ef.o
    0x0800a130   0x0800a130   0x00000098   Code   RO         1812    .text._ZN19LowSideCurrentSenseC2Effbbb  lto-llvm-a785ef.o
    0x0800a1c8   0x0800a1c8   0x00000022   Code   RO         1722    .text._ZN5Motor10linkDriverEP10DriverBase  lto-llvm-a785ef.o
    0x0800a1ea   0x0800a1ea   0x00000002   PAD
    0x0800a1ec   0x0800a1ec   0x0000005a   Code   RO         1700    .text._ZN5Motor10shaftAngleEv  lto-llvm-a785ef.o
    0x0800a246   0x0800a246   0x00000002   PAD
    0x0800a248   0x0800a248   0x000002ec   Code   RO         1719    .text._ZN5Motor11alignSensorEv  lto-llvm-a785ef.o
    0x0800a534   0x0800a534   0x00000004   PAD
    0x0800a538   0x0800a538   0x000001e8   Code   RO         1709    .text._ZN5Motor13angleOpenLoopEf  lto-llvm-a785ef.o
    0x0800a720   0x0800a720   0x00000052   Code   RO         1703    .text._ZN5Motor13shaftVelocityEv  lto-llvm-a785ef.o
    0x0800a772   0x0800a772   0x00000002   PAD
    0x0800a774   0x0800a774   0x0000005a   Code   RO         1716    .text._ZN5Motor15electricalAngleEv  lto-llvm-a785ef.o
    0x0800a7ce   0x0800a7ce   0x00000002   PAD
    0x0800a7d0   0x0800a7d0   0x00000334   Code   RO         1693    .text._ZN5Motor15setPhaseVoltageEfff  lto-llvm-a785ef.o
    0x0800ab04   0x0800ab04   0x00000004   PAD
    0x0800ab08   0x0800ab08   0x000001b8   Code   RO         1706    .text._ZN5Motor16velocityOpenLoopEf  lto-llvm-a785ef.o
    0x0800acc0   0x0800acc0   0x00000188   Code   RO         1685    .text._ZN5Motor4initEfN11EncoderBase9DirectionE  lto-llvm-a785ef.o
    0x0800ae48   0x0800ae48   0x000005f4   Code   RO         1691    .text._ZN5Motor4moveEf  lto-llvm-a785ef.o
    0x0800b43c   0x0800b43c   0x00000038   Code   RO         1681    .text._ZN5Motor6enableEv  lto-llvm-a785ef.o
    0x0800b474   0x0800b474   0x00000038   Code   RO         1683    .text._ZN5Motor7disableEv  lto-llvm-a785ef.o
    0x0800b4ac   0x0800b4ac   0x00000004   PAD
    0x0800b4b0   0x0800b4b0   0x00000110   Code   RO         1687    .text._ZN5Motor7initFOCEN11EncoderBase9DirectionEf  lto-llvm-a785ef.o
    0x0800b5c0   0x0800b5c0   0x00000288   Code   RO         1689    .text._ZN5Motor7loopFOCEv  lto-llvm-a785ef.o
    0x0800b848   0x0800b848   0x000001c0   Code   RO         1820    .text._ZN5MotorC2Eifff  lto-llvm-a785ef.o
    0x0800ba08   0x0800ba08   0x0000010e   Code   RO         1726    .text._ZN7Drv83014initEv  lto-llvm-a785ef.o
    0x0800bb16   0x0800bb16   0x00000002   PAD
    0x0800bb18   0x0800bb18   0x00000100   Code   RO         1744    .text._ZN7Drv83016configEf  lto-llvm-a785ef.o
    0x0800bc18   0x0800bc18   0x00000020   Code   RO         1728    .text._ZN7Drv83016enableEv  lto-llvm-a785ef.o
    0x0800bc38   0x0800bc38   0x00000210   Code   RO         1734    .text._ZN7Drv83016setPwmEfff  lto-llvm-a785ef.o
    0x0800be48   0x0800be48   0x00000020   Code   RO         1730    .text._ZN7Drv83017disableEv  lto-llvm-a785ef.o
    0x0800be68   0x0800be68   0x00000024   Code   RO         1732    .text._ZN7Drv83017isReadyEv  lto-llvm-a785ef.o
    0x0800be8c   0x0800be8c   0x00000068   Code   RO         1736    .text._ZN7Drv83017readRegEh  lto-llvm-a785ef.o
    0x0800bef4   0x0800bef4   0x00000034   Code   RO         1742    .text._ZN7Drv83018getErrorEv  lto-llvm-a785ef.o
    0x0800bf28   0x0800bf28   0x00000016   Code   RO         1740    .text._ZN7Drv83018getFaultEv  lto-llvm-a785ef.o
    0x0800bf3e   0x0800bf3e   0x00000002   PAD
    0x0800bf40   0x0800bf40   0x00000048   Code   RO         1738    .text._ZN7Drv83018writeRegEht  lto-llvm-a785ef.o
    0x0800bf88   0x0800bf88   0x00000112   Code   RO         1808    .text._ZN7Drv8301C2Eff9Stm32GpioS0_S0_  lto-llvm-a785ef.o
    0x0800c09a   0x0800c09a   0x00000002   PAD
    0x0800c09c   0x0800c09c   0x000001aa   Code   RO         1778    .text._ZN9Commander10inputCheckEPc  lto-llvm-a785ef.o
    0x0800c246   0x0800c246   0x00000002   PAD
    0x0800c248   0x0800c248   0x0000006c   Code   RO         1766    .text._ZN9Commander3addEPKcPFvPcES1_  lto-llvm-a785ef.o
    0x0800c2b4   0x0800c2b4   0x0000008c   Code   RO         1768    .text._ZN9Commander3runEv  lto-llvm-a785ef.o
    0x0800c340   0x0800c340   0x0000001a   Code   RO         1786    .text._ZN9Commander5printEPKc  lto-llvm-a785ef.o
    0x0800c35a   0x0800c35a   0x00000002   PAD
    0x0800c35c   0x0800c35c   0x0000001e   Code   RO         1774    .text._ZN9Commander5printEc  lto-llvm-a785ef.o
    0x0800c37a   0x0800c37a   0x00000002   PAD
    0x0800c37c   0x0800c37c   0x00000052   Code   RO         1776    .text._ZN9Commander6isEndsEc  lto-llvm-a785ef.o
    0x0800c3ce   0x0800c3ce   0x00000002   PAD
    0x0800c3d0   0x0800c3d0   0x0000003e   Code   RO         1790    .text._ZN9Commander6scalarEPfPc  lto-llvm-a785ef.o
    0x0800c40e   0x0800c40e   0x00000002   PAD
    0x0800c410   0x0800c410   0x0000001a   Code   RO         1782    .text._ZN9Commander7printlnEPKc  lto-llvm-a785ef.o
    0x0800c42a   0x0800c42a   0x00000002   PAD
    0x0800c42c   0x0800c42c   0x00000020   Code   RO         1784    .text._ZN9Commander7printlnEc  lto-llvm-a785ef.o
    0x0800c44c   0x0800c44c   0x0000007a   Code   RO         1762    .text._ZN9CommanderC2Ejccb  lto-llvm-a785ef.o
    0x0800c4c6   0x0800c4c6   0x00000002   PAD
    0x0800c4c8   0x0800c4c8   0x00000010   Code   RO         1816    .text._ZN9CommanderD2Ev  lto-llvm-a785ef.o
    0x0800c4d8   0x0800c4d8   0x00000052   Code   RO         1772    .text._ZN9FifoArrayIcE4readEv  lto-llvm-a785ef.o
    0x0800c52a   0x0800c52a   0x00000002   PAD
    0x0800c52c   0x0800c52c   0x000000b0   Code   RO         1829    .text._ZN9FifoArrayIcE5writeEPcj  lto-llvm-a785ef.o
    0x0800c5dc   0x0800c5dc   0x0000000c   Code   RO         1770    .text._ZN9FifoArrayIcE9availableEv  lto-llvm-a785ef.o
    0x0800c5e8   0x0800c5e8   0x0000005c   Code   RO         1764    .text._ZN9FifoArrayIcEC2Ejb  lto-llvm-a785ef.o
    0x0800c644   0x0800c644   0x0000002a   Code   RO         1818    .text._ZN9FifoArrayIcED2Ev  lto-llvm-a785ef.o
    0x0800c66e   0x0800c66e   0x00000002   PAD
    0x0800c670   0x0800c670   0x00000028   Code   RO         1760    .text._ZN9Stm32Gpio4readEv  lto-llvm-a785ef.o
    0x0800c698   0x0800c698   0x00000028   Code   RO         1758    .text._ZN9Stm32Gpio5writeEb  lto-llvm-a785ef.o
    0x0800c6c0   0x0800c6c0   0x00000024   Code   RO         1804    .text._ZN9Stm32GpioC2EP12GPIO_TypeDefj  lto-llvm-a785ef.o
    0x0800c6e4   0x0800c6e4   0x0000001c   Code   RO         1806    .text._ZN9Stm32GpioC2Ev  lto-llvm-a785ef.o
    0x0800c700   0x0800c700   0x00000008   Code   RO         1051    .text._ZN9libunwind12UnwindCursorINS_17LocalAddressSpaceENS_13Registers_armEE10saveVFPAsXEv  libunwind_wx.l(libunwind.cpp.o)
    0x0800c708   0x0800c708   0x00000064   Code   RO         1033    .text._ZN9libunwind12UnwindCursorINS_17LocalAddressSpaceENS_13Registers_armEE11getFloatRegEi  libunwind_wx.l(libunwind.cpp.o)
    0x0800c76c   0x0800c76c   0x0000006e   Code   RO         1035    .text._ZN9libunwind12UnwindCursorINS_17LocalAddressSpaceENS_13Registers_armEE11setFloatRegEiy  libunwind_wx.l(libunwind.cpp.o)
    0x0800c7da   0x0800c7da   0x00000006   Code   RO         1043    .text._ZN9libunwind12UnwindCursorINS_17LocalAddressSpaceENS_13Registers_armEE13isSignalFrameEv  libunwind_wx.l(libunwind.cpp.o)
    0x0800c7e0   0x0800c7e0   0x00000030   Code   RO         1053    .text._ZN9libunwind12UnwindCursorINS_17LocalAddressSpaceENS_13Registers_armEE13stepWithEHABIEv  libunwind_wx.l(libunwind.cpp.o)
    0x0800c810   0x0800c810   0x00000010   Code   RO         1031    .text._ZN9libunwind12UnwindCursorINS_17LocalAddressSpaceENS_13Registers_armEE13validFloatRegEi  libunwind_wx.l(libunwind.cpp.o)
    0x0800c820   0x0800c820   0x00000010   Code   RO         1045    .text._ZN9libunwind12UnwindCursorINS_17LocalAddressSpaceENS_13Registers_armEE15getFunctionNameEPcjPj  libunwind_wx.l(libunwind.cpp.o)
    0x0800c830   0x0800c830   0x00000006   Code   RO         1049    .text._ZN9libunwind12UnwindCursorINS_17LocalAddressSpaceENS_13Registers_armEE15getRegisterNameEi  libunwind_wx.l(libunwind.cpp.o)
    0x0800c836   0x0800c836   0x00000002   PAD
    0x0800c838   0x0800c838   0x000001ae   Code   RO         1057    .text._ZN9libunwind12UnwindCursorINS_17LocalAddressSpaceENS_13Registers_armEE23getInfoFromEHABISectionEjRKNS_18UnwindInfoSectionsE  libunwind_wx.l(libunwind.cpp.o)
    0x0800c9e6   0x0800c9e6   0x0000008a   Code   RO         1047    .text._ZN9libunwind12UnwindCursorINS_17LocalAddressSpaceENS_13Registers_armEE24setInfoBasedOnIPRegisterEb  libunwind_wx.l(libunwind.cpp.o)
    0x0800ca70   0x0800ca70   0x00000030   Code   RO         1037    .text._ZN9libunwind12UnwindCursorINS_17LocalAddressSpaceENS_13Registers_armEE4stepEv  libunwind_wx.l(libunwind.cpp.o)
    0x0800caa0   0x0800caa0   0x0000003a   Code   RO         1027    .text._ZN9libunwind12UnwindCursorINS_17LocalAddressSpaceENS_13Registers_armEE6getRegEi  libunwind_wx.l(libunwind.cpp.o)
    0x0800cada   0x0800cada   0x00000016   Code   RO         1041    .text._ZN9libunwind12UnwindCursorINS_17LocalAddressSpaceENS_13Registers_armEE6jumptoEv  libunwind_wx.l(libunwind.cpp.o)
    0x0800caf0   0x0800caf0   0x00000040   Code   RO         1029    .text._ZN9libunwind12UnwindCursorINS_17LocalAddressSpaceENS_13Registers_armEE6setRegEij  libunwind_wx.l(libunwind.cpp.o)
    0x0800cb30   0x0800cb30   0x00000040   Code   RO         1039    .text._ZN9libunwind12UnwindCursorINS_17LocalAddressSpaceENS_13Registers_armEE7getInfoEP15unw_proc_info_t  libunwind_wx.l(libunwind.cpp.o)
    0x0800cb70   0x0800cb70   0x0000000c   Code   RO         1025    .text._ZN9libunwind12UnwindCursorINS_17LocalAddressSpaceENS_13Registers_armEE8validRegEi  libunwind_wx.l(libunwind.cpp.o)
    0x0800cb7c   0x0800cb7c   0x00000002   Code   RO         1023    .text._ZN9libunwind12UnwindCursorINS_17LocalAddressSpaceENS_13Registers_armEED0Ev  libunwind_wx.l(libunwind.cpp.o)
    0x0800cb7e   0x0800cb7e   0x00000002   PAD
    0x0800cb80   0x0800cb80   0x00000394   Code   RO         1059    .text._ZN9libunwind13Registers_arm15getRegisterNameEi  libunwind_wx.l(libunwind.cpp.o)
    0x0800cf14   0x0800cf14   0x00000034   Code   RO         1055    .text._ZN9libunwind13Registers_arm26restoreSavedFloatRegistersEv  libunwind_wx.l(libunwind.cpp.o)
    0x0800cf48   0x0800cf48   0x00000002   Code   RO         1021    .text._ZN9libunwind20AbstractUnwindCursorD2Ev  libunwind_wx.l(libunwind.cpp.o)
    0x0800cf4a   0x0800cf4a   0x00000002   Code   RO          728    .text._ZNK10__cxxabiv116__shim_type_info5noop1Ev  libcppabi_wx.l(private_typeinfo.cpp.o)
    0x0800cf4c   0x0800cf4c   0x00000002   Code   RO          730    .text._ZNK10__cxxabiv116__shim_type_info5noop2Ev  libcppabi_wx.l(private_typeinfo.cpp.o)
    0x0800cf4e   0x0800cf4e   0x0000003e   Code   RO          802    .text._ZNK10__cxxabiv117__class_type_info16search_above_dstEPNS_19__dynamic_cast_infoEPKvS4_ib  libcppabi_wx.l(private_typeinfo.cpp.o)
    0x0800cf8c   0x0800cf8c   0x000000a0   Code   RO          796    .text._ZNK10__cxxabiv117__class_type_info16search_below_dstEPNS_19__dynamic_cast_infoEPKvib  libcppabi_wx.l(private_typeinfo.cpp.o)
    0x0800d02c   0x0800d02c   0x00000044   Code   RO          766    .text._ZNK10__cxxabiv117__class_type_info27has_unambiguous_public_baseEPNS_19__dynamic_cast_infoEPvi  libcppabi_wx.l(private_typeinfo.cpp.o)
    0x0800d070   0x0800d070   0x00000062   Code   RO          784    .text._ZNK10__cxxabiv117__class_type_info29process_static_type_above_dstEPNS_19__dynamic_cast_infoEPKvS4_i  libcppabi_wx.l(private_typeinfo.cpp.o)
    0x0800d0d2   0x0800d0d2   0x00000072   Code   RO          760    .text._ZNK10__cxxabiv117__class_type_info9can_catchEPKNS_16__shim_type_infoERPv  libcppabi_wx.l(private_typeinfo.cpp.o)
    0x0800d144   0x0800d144   0x00000056   Code   RO          800    .text._ZNK10__cxxabiv120__si_class_type_info16search_above_dstEPNS_19__dynamic_cast_infoEPKvS4_ib  libcppabi_wx.l(private_typeinfo.cpp.o)
    0x0800d19a   0x0800d19a   0x000000e2   Code   RO          794    .text._ZNK10__cxxabiv120__si_class_type_info16search_below_dstEPNS_19__dynamic_cast_infoEPKvib  libcppabi_wx.l(private_typeinfo.cpp.o)
    0x0800d27c   0x0800d27c   0x00000052   Code   RO          768    .text._ZNK10__cxxabiv120__si_class_type_info27has_unambiguous_public_baseEPNS_19__dynamic_cast_infoEPvi  libcppabi_wx.l(private_typeinfo.cpp.o)
    0x0800d2ce   0x0800d2ce   0x00000002   PAD
    0x0800d2d0   0x0800d2d0   0x00000018   Code   RO          445    .text._ZNKSt13bad_exception4whatEv  libcppabi_wx.l(stdlib_exception.cpp.o)
    0x0800d2e8   0x0800d2e8   0x00000014   Code   RO          451    .text._ZNKSt9bad_alloc4whatEv  libcppabi_wx.l(stdlib_exception.cpp.o)
    0x0800d2fc   0x0800d2fc   0x00000006   Code   RO          443    .text._ZNSt13bad_exceptionD0Ev  libcppabi_wx.l(stdlib_exception.cpp.o)
    0x0800d302   0x0800d302   0x0000000e   Code   RO          447    .text._ZNSt9bad_allocC2Ev  libcppabi_wx.l(stdlib_exception.cpp.o)
    0x0800d310   0x0800d310   0x00000006   Code   RO          449    .text._ZNSt9bad_allocD0Ev  libcppabi_wx.l(stdlib_exception.cpp.o)
    0x0800d316   0x0800d316   0x00000002   Code   RO          437    .text._ZNSt9exceptionD2Ev  libcppabi_wx.l(stdlib_exception.cpp.o)
    0x0800d318   0x0800d318   0x00000002   Code   RO         1196    .text._ZNSt9type_infoD2Ev  libcppabi_wx.l(stdlib_typeinfo.cpp.o)
    0x0800d31a   0x0800d31a   0x00000002   PAD
    0x0800d31c   0x0800d31c   0x00000074   Code   RO          413    .text._ZSt11__terminatePFvvE  libcppabi_wx.l(cxa_handlers.cpp.o)
    0x0800d390   0x0800d390   0x00000038   Code   RO          407    .text._ZSt12__unexpectedPFvvE  libcppabi_wx.l(cxa_handlers.cpp.o)
    0x0800d3c8   0x0800d3c8   0x0000000c   Code   RO          411    .text._ZSt13get_terminatev  libcppabi_wx.l(cxa_handlers.cpp.o)
    0x0800d3d4   0x0800d3d4   0x0000000c   Code   RO          402    .text._ZSt14get_unexpectedv  libcppabi_wx.l(cxa_handlers.cpp.o)
    0x0800d3e0   0x0800d3e0   0x0000000c   Code   RO          416    .text._ZSt15get_new_handlerv  libcppabi_wx.l(cxa_handlers.cpp.o)
    0x0800d3ec   0x0800d3ec   0x00000030   Code   RO          404    .text._ZSt9terminatev  libcppabi_wx.l(cxa_handlers.cpp.o)
    0x0800d41c   0x0800d41c   0x00000004   Code   RO           99    .text._ZdaPv        libcpp_wx.l(new.cpp.o)
    0x0800d420   0x0800d420   0x00000004   Code   RO           93    .text._ZdlPv        libcpp_wx.l(new.cpp.o)
    0x0800d424   0x0800d424   0x00000004   Code   RO           97    .text._ZdlPvj       libcpp_wx.l(new.cpp.o)
    0x0800d428   0x0800d428   0x00000004   Code   RO           88    .text._Znaj         libcpp_wx.l(new.cpp.o)
    0x0800d42c   0x0800d42c   0x0000003e   Code   RO           83    .text._Znwj         libcpp_wx.l(new.cpp.o)
    0x0800d46a   0x0800d46a   0x00000002   PAD
    0x0800d46c   0x0800d46c   0x00000032   Code   RO         1531    .text.__NVIC_EnableIRQ  lto-llvm-a785ef.o
    0x0800d49e   0x0800d49e   0x00000002   PAD
    0x0800d4a0   0x0800d4a0   0x00000010   Code   RO         1523    .text.__NVIC_GetPriorityGrouping  lto-llvm-a785ef.o
    0x0800d4b0   0x0800d4b0   0x00000042   Code   RO         1527    .text.__NVIC_SetPriority  lto-llvm-a785ef.o
    0x0800d4f2   0x0800d4f2   0x00000002   PAD
    0x0800d4f4   0x0800d4f4   0x0000003c   Code   RO         1519    .text.__NVIC_SetPriorityGrouping  lto-llvm-a785ef.o
    0x0800d530   0x0800d530   0x00000008   Code   RO          483    .text.__aeabi_unwind_cpp_pr0  libunwind_wx.l(Unwind-EHABI.cpp.o)
    0x0800d538   0x0800d538   0x00000008   Code   RO          487    .text.__aeabi_unwind_cpp_pr1  libunwind_wx.l(Unwind-EHABI.cpp.o)
    0x0800d540   0x0800d540   0x00000008   Code   RO          489    .text.__aeabi_unwind_cpp_pr2  libunwind_wx.l(Unwind-EHABI.cpp.o)
    0x0800d548   0x0800d548   0x00000008   Code   RO          129    .text.__clang_call_terminate  libcpp_wx.l(new.cpp.o)
    0x0800d550   0x0800d550   0x00000028   Code   RO          350    .text.__cxa_allocate_exception  libcppabi_wx.l(cxa_exception.cpp.o)
    0x0800d578   0x0800d578   0x0000006c   Code   RO          353    .text.__cxa_begin_catch  libcppabi_wx.l(cxa_exception.cpp.o)
    0x0800d5e4   0x0800d5e4   0x00000058   Code   RO          371    .text.__cxa_begin_cleanup  libcppabi_wx.l(cxa_exception.cpp.o)
    0x0800d63c   0x0800d63c   0x00000176   Code   RO          428    .text.__cxa_call_unexpected  libcppabi_wx.l(cxa_personality.cpp.o)
    0x0800d7b2   0x0800d7b2   0x0000002e   Code   RO          378    .text.__cxa_decrement_exception_refcount  libcppabi_wx.l(cxa_exception.cpp.o)
    0x0800d7e0   0x0800d7e0   0x0000007c   Code   RO          376    .text.__cxa_end_catch  libcppabi_wx.l(cxa_exception.cpp.o)
    0x0800d85c   0x0800d85c   0x00000018   Code   RO          343    .text.__cxa_end_cleanup  libcppabi_wx.l(cxa_exception.cpp.o)
    0x0800d874   0x0800d874   0x00000060   Code   RO          374    .text.__cxa_end_cleanup_impl  libcppabi_wx.l(cxa_exception.cpp.o)
    0x0800d8d4   0x0800d8d4   0x0000000a   Code   RO          701    .text.__cxa_get_globals  libcppabi_wx.l(cxa_exception_storage.cpp.o)
    0x0800d8de   0x0800d8de   0x0000000a   Code   RO          703    .text.__cxa_get_globals_fast  libcppabi_wx.l(cxa_exception_storage.cpp.o)
    0x0800d8e8   0x0800d8e8   0x00000028   Code   RO          132    .text.__cxa_pure_virtual  libcppabi_wx.l(cxa_virtual.cpp.o)
    0x0800d910   0x0800d910   0x0000005a   Code   RO          383    .text.__cxa_rethrow  libcppabi_wx.l(cxa_exception.cpp.o)
    0x0800d96a   0x0800d96a   0x00000060   Code   RO          363    .text.__cxa_throw   libcppabi_wx.l(cxa_exception.cpp.o)
    0x0800d9ca   0x0800d9ca   0x00000002   PAD
    0x0800d9cc   0x0800d9cc   0x00000004   Code   RO         1794    .text.__cxx_global_var_init  lto-llvm-a785ef.o
    0x0800d9d0   0x0800d9d0   0x0000003e   Code   RO         1796    .text.__cxx_global_var_init.1  lto-llvm-a785ef.o
    0x0800da0e   0x0800da0e   0x00000002   PAD
    0x0800da10   0x0800da10   0x00000004   Code   RO         1798    .text.__cxx_global_var_init.2  lto-llvm-a785ef.o
    0x0800da14   0x0800da14   0x000000be   Code   RO         1800    .text.__cxx_global_var_init.3  lto-llvm-a785ef.o
    0x0800dad2   0x0800dad2   0x00000002   PAD
    0x0800dad4   0x0800dad4   0x000000be   Code   RO         1802    .text.__cxx_global_var_init.4  lto-llvm-a785ef.o
    0x0800db92   0x0800db92   0x00000002   PAD
    0x0800db94   0x0800db94   0x000000aa   Code   RO          762    .text.__dynamic_cast  libcppabi_wx.l(private_typeinfo.cpp.o)
    0x0800dc3e   0x0800dc3e   0x00000018   Code   RO          509    .text.__gnu_unwind_frame  libunwind_wx.l(Unwind-EHABI.cpp.o)
    0x0800dc56   0x0800dc56   0x0000013a   Code   RO          420    .text.__gxx_personality_v0  libcppabi_wx.l(cxa_personality.cpp.o)
    0x0800dd90   0x0800dd90   0x0000002e   Code   RO          997    .text.__unw_get_fpreg  libunwind_wx.l(libunwind.cpp.o)
    0x0800ddbe   0x0800ddbe   0x0000001c   Code   RO         1003    .text.__unw_get_proc_info  libunwind_wx.l(libunwind.cpp.o)
    0x0800ddda   0x0800ddda   0x0000002c   Code   RO          993    .text.__unw_get_reg  libunwind_wx.l(libunwind.cpp.o)
    0x0800de06   0x0800de06   0x00000048   Code   RO          991    .text.__unw_init_local  libunwind_wx.l(libunwind.cpp.o)
    0x0800de4e   0x0800de4e   0x00000012   Code   RO         1005    .text.__unw_resume  libunwind_wx.l(libunwind.cpp.o)
    0x0800de60   0x0800de60   0x00000006   Code   RO         1015    .text.__unw_save_vfp_as_X  libunwind_wx.l(libunwind.cpp.o)
    0x0800de66   0x0800de66   0x00000036   Code   RO          999    .text.__unw_set_fpreg  libunwind_wx.l(libunwind.cpp.o)
    0x0800de9c   0x0800de9c   0x00000068   Code   RO          995    .text.__unw_set_reg  libunwind_wx.l(libunwind.cpp.o)
    0x0800df04   0x0800df04   0x00000006   Code   RO         1001    .text.__unw_step    libunwind_wx.l(libunwind.cpp.o)
    0x0800df0a   0x0800df0a   0x00000006   Code   RO          339    .text.abort_message  libcppabi_wx.l(abort_message.cpp.o)
    0x0800df10   0x0800df10   0x00000052   Code   RO          473    .text.decode_eht_entry  libunwind_wx.l(Unwind-EHABI.cpp.o)
    0x0800df62   0x0800df62   0x00000002   PAD
    0x0800df64   0x0800df64   0x0000003c   Code   RO         1429    .text.main          lto-llvm-a785ef.o
    0x0800dfa0   0x0800dfa0   0x0000001c   Code   RO         1827    .text.receivedCommand  lto-llvm-a785ef.o
    0x0800dfbc   0x0800dfbc   0x0000007a   Code   RO         1489    .text.uartIdleHandle  lto-llvm-a785ef.o
    0x0800e036   0x0800e036   0x0000003e   Code   RO         1107    CL$$btod_d2e        c_w.l(btod.o)
    0x0800e074   0x0800e074   0x00000046   Code   RO         1109    CL$$btod_d2e_denorm_low  c_w.l(btod.o)
    0x0800e0ba   0x0800e0ba   0x00000060   Code   RO         1108    CL$$btod_d2e_norm_op1  c_w.l(btod.o)
    0x0800e11a   0x0800e11a   0x00000002   PAD
    0x0800e11c   0x0800e11c   0x00000338   Code   RO         1117    CL$$btod_div_common  c_w.l(btod.o)
    0x0800e454   0x0800e454   0x00000084   Code   RO         1115    CL$$btod_e2d        c_w.l(btod.o)
    0x0800e4d8   0x0800e4d8   0x000000dc   Code   RO         1114    CL$$btod_e2e        c_w.l(btod.o)
    0x0800e5b4   0x0800e5b4   0x0000002a   Code   RO         1111    CL$$btod_ediv       c_w.l(btod.o)
    0x0800e5de   0x0800e5de   0x0000002a   Code   RO         1113    CL$$btod_edivd      c_w.l(btod.o)
    0x0800e608   0x0800e608   0x0000002a   Code   RO         1110    CL$$btod_emul       c_w.l(btod.o)
    0x0800e632   0x0800e632   0x0000002a   Code   RO         1112    CL$$btod_emuld      c_w.l(btod.o)
    0x0800e65c   0x0800e65c   0x00000244   Code   RO         1116    CL$$btod_mult_common  c_w.l(btod.o)
    0x0800e8a0   0x0800e8a0   0x00000030   Code   RO         1227    i.__ARM_fpclassify  m_wm.l(fpclassify.o)
    0x0800e8d0   0x0800e8d0   0x00000026   Code   RO          512    i.__ARM_fpclassifyf  m_wm.l(fpclassifyf.o)
    0x0800e8f6   0x0800e8f6   0x00000002   PAD
    0x0800e8f8   0x0800e8f8   0x000000f8   Code   RO         1288    i.__hardfp___mathlib_tofloat  m_wm.l(narrow.o)
    0x0800e9f0   0x0800e9f0   0x000002ac   Code   RO          137    i.__hardfp_atan2f   m_wm.l(atan2f.o)
    0x0800ec9c   0x0800ec9c   0x00000004   PAD
    0x0800eca0   0x0800eca0   0x00000038   Code   RO          143    i.__hardfp_atof     m_wm.l(atof.o)
    0x0800ecd8   0x0800ecd8   0x00000070   Code   RO         1893    i.__hardfp_floorf   m_wm.l(floorf.o)
    0x0800ed48   0x0800ed48   0x000000b0   Code   RO          149    i.__hardfp_fmodf    m_wm.l(fmodf.o)
    0x0800edf8   0x0800edf8   0x000000d0   Code   RO         1360    i.__hardfp_ldexp    m_wm.l(ldexp.o)
    0x0800eec8   0x0800eec8   0x00000020   Code   RO         1388    i.__mathlib_dbl_overflow  m_wm.l(dunder.o)
    0x0800eee8   0x0800eee8   0x00000020   Code   RO         1390    i.__mathlib_dbl_underflow  m_wm.l(dunder.o)
    0x0800ef08   0x0800ef08   0x00000006   Code   RO          516    i.__mathlib_flt_infnan2  m_wm.l(funder.o)
    0x0800ef0e   0x0800ef0e   0x00000002   PAD
    0x0800ef10   0x0800ef10   0x00000010   Code   RO          517    i.__mathlib_flt_invalid  m_wm.l(funder.o)
    0x0800ef20   0x0800ef20   0x00000010   Code   RO          520    i.__mathlib_flt_underflow  m_wm.l(funder.o)
    0x0800ef30   0x0800ef30   0x00000012   Code   RO         1289    i.__mathlib_narrow  m_wm.l(narrow.o)
    0x0800ef42   0x0800ef42   0x00000014   Code   RO         1362    i.__support_ldexp   m_wm.l(ldexp.o)
    0x0800ef56   0x0800ef56   0x0000000e   Code   RO          280    i._is_digit         c_w.l(__printf_wp.o)
    0x0800ef64   0x0800ef64   0x0000001c   Code   RO          603    i.fputc             c_w.l(fputc.o)
    0x0800ef80   0x0800ef80   0x0000008c   Code   RO         1335    i.frexp             m_wm.l(frexp.o)
    0x0800f00c   0x0800f00c   0x0000002c   Code   RO          617    locale$$code        c_w.l(lc_numeric_c.o)
    0x0800f038   0x0800f038   0x0000002c   Code   RO         1260    locale$$code        c_w.l(lc_ctype_c.o)
    0x0800f064   0x0800f064   0x00000062   Code   RO         1327    x$fpl$d2f           fz_wm.l(d2f.o)
    0x0800f0c6   0x0800f0c6   0x00000002   PAD
    0x0800f0c8   0x0800f0c8   0x00000010   Code   RO         1404    x$fpl$dcheck1       fz_wm.l(dcheck1.o)
    0x0800f0d8   0x0800f0d8   0x00000018   Code   RO         1350    x$fpl$dcmpinf       fz_wm.l(dcmpi.o)
    0x0800f0f0   0x0800f0f0   0x00000078   Code   RO         1329    x$fpl$deqf          fz_wm.l(deqf.o)
    0x0800f168   0x0800f168   0x00000078   Code   RO         1907    x$fpl$dgeqf         fz_wm.l(dgeqf.o)
    0x0800f1e0   0x0800f1e0   0x00000078   Code   RO         1352    x$fpl$dleqf         fz_wm.l(dleqf.o)
    0x0800f258   0x0800f258   0x00000154   Code   RO         1354    x$fpl$dmul          fz_wm.l(dmul.o)
    0x0800f3ac   0x0800f3ac   0x0000009c   Code   RO         1356    x$fpl$dnaninf       fz_wm.l(dnaninf.o)
    0x0800f448   0x0800f448   0x0000000c   Code   RO         1380    x$fpl$dretinf       fz_wm.l(dretinf.o)
    0x0800f454   0x0800f454   0x0000006c   Code   RO         1331    x$fpl$drleqf        fz_wm.l(drleqf.o)
    0x0800f4c0   0x0800f4c0   0x00000056   Code   RO         1891    x$fpl$f2d           fz_wm.l(f2d.o)
    0x0800f516   0x0800f516   0x00000054   Code   RO         1889    x$fpl$fcmp          fz_wm.l(dcmp.o)
    0x0800f56a   0x0800f56a   0x0000008c   Code   RO          685    x$fpl$fnaninf       fz_wm.l(fnaninf.o)
    0x0800f5f6   0x0800f5f6   0x0000001a   Code   RO         1191    x$fpl$fpinit        fz_wm.l(fpinit.o)
    0x0800f610   0x0800f610   0x000000f4   Code   RO          327    x$fpl$frem          fz_wm.l(frem_clz.o)
    0x0800f704   0x0800f704   0x0000000a   Code   RO         1358    x$fpl$fretinf       fz_wm.l(fretinf.o)
    0x0800f70e   0x0800f70e   0x00000006   Code   RO         1193    x$fpl$ieeestatus    fz_wm.l(istatus.o)
    0x0800f714   0x0800f714   0x00000004   Code   RO          329    x$fpl$printf1       fz_wm.l(printf1.o)
    0x0800f718   0x0800f718   0x00000004   Code   RO          331    x$fpl$printf2       fz_wm.l(printf2.o)
    0x0800f71c   0x0800f71c   0x00000064   Code   RO         1410    x$fpl$retnan        fz_wm.l(retnan.o)
    0x0800f780   0x0800f780   0x0000005c   Code   RO         1382    x$fpl$scalbn        fz_wm.l(scalbn.o)
    0x0800f7dc   0x0800f7dc   0x00000004   Code   RO          687    x$fpl$scanf1        fz_wm.l(scanf1.o)
    0x0800f7e0   0x0800f7e0   0x00000008   Code   RO         1282    x$fpl$scanf2        fz_wm.l(scanf2.o)
    0x0800f7e8   0x0800f7e8   0x00000030   Code   RO         1412    x$fpl$trapveneer    fz_wm.l(trapv.o)
    0x0800f818   0x0800f818   0x00000000   Code   RO          337    x$fpl$usenofp       fz_wm.l(usenofp.o)
    0x0800f818   0x0800f818   0x0000000c   Data   RO         1701    .ARM.extab.text._ZN5Motor10shaftAngleEv  lto-llvm-a785ef.o
    0x0800f824   0x0800f824   0x0000000c   Data   RO         1720    .ARM.extab.text._ZN5Motor11alignSensorEv  lto-llvm-a785ef.o
    0x0800f830   0x0800f830   0x0000000c   Data   RO         1710    .ARM.extab.text._ZN5Motor13angleOpenLoopEf  lto-llvm-a785ef.o
    0x0800f83c   0x0800f83c   0x0000000c   Data   RO         1704    .ARM.extab.text._ZN5Motor13shaftVelocityEv  lto-llvm-a785ef.o
    0x0800f848   0x0800f848   0x0000000c   Data   RO         1717    .ARM.extab.text._ZN5Motor15electricalAngleEv  lto-llvm-a785ef.o
    0x0800f854   0x0800f854   0x0000000c   Data   RO         1694    .ARM.extab.text._ZN5Motor15setPhaseVoltageEfff  lto-llvm-a785ef.o
    0x0800f860   0x0800f860   0x0000000c   Data   RO         1707    .ARM.extab.text._ZN5Motor16velocityOpenLoopEf  lto-llvm-a785ef.o
    0x0800f86c   0x0800f86c   0x0000000c   Data   RO         1821    .ARM.extab.text._ZN5MotorC2Eifff  lto-llvm-a785ef.o
    0x0800f878   0x0800f878   0x00000020   Data   RO          414    .ARM.extab.text._ZSt11__terminatePFvvE  libcppabi_wx.l(cxa_handlers.cpp.o)
    0x0800f898   0x0800f898   0x00000018   Data   RO          405    .ARM.extab.text._ZSt9terminatev  libcppabi_wx.l(cxa_handlers.cpp.o)
    0x0800f8b0   0x0800f8b0   0x0000001c   Data   RO          351    .ARM.extab.text.__cxa_allocate_exception  libcppabi_wx.l(cxa_exception.cpp.o)
    0x0800f8cc   0x0800f8cc   0x0000001c   Data   RO          354    .ARM.extab.text.__cxa_begin_catch  libcppabi_wx.l(cxa_exception.cpp.o)
    0x0800f8e8   0x0800f8e8   0x0000001c   Data   RO          372    .ARM.extab.text.__cxa_begin_cleanup  libcppabi_wx.l(cxa_exception.cpp.o)
    0x0800f904   0x0800f904   0x0000005c   Data   RO          429    .ARM.extab.text.__cxa_call_unexpected  libcppabi_wx.l(cxa_personality.cpp.o)
    0x0800f960   0x0800f960   0x0000001c   Data   RO          379    .ARM.extab.text.__cxa_decrement_exception_refcount  libcppabi_wx.l(cxa_exception.cpp.o)
    0x0800f97c   0x0800f97c   0x00000008   Data   RO          239    .constdata          c_w.l(_printf_wctomb.o)
    0x0800f984   0x0800f984   0x00000028   Data   RO          268    .constdata          c_w.l(_printf_hex_int_ll_ptr.o)
    0x0800f9ac   0x0800f9ac   0x00000011   Data   RO          288    .constdata          c_w.l(__printf_flags_ss_wp.o)
    0x0800f9bd   0x0800f9bd   0x00000026   Data   RO          589    .constdata          c_w.l(_printf_fp_hex.o)
    0x0800f9e3   0x0800f9e3   0x00000004   Data   RO         1067    .constdata          c_w.l(sys_io_names.o)
    0x0800f9e7   0x0800f9e7   0x00000004   Data   RO         1068    .constdata          c_w.l(sys_io_names.o)
    0x0800f9eb   0x0800f9eb   0x00000004   Data   RO         1069    .constdata          c_w.l(sys_io_names.o)
    0x0800f9ef   0x0800f9ef   0x00000001   PAD
    0x0800f9f0   0x0800f9f0   0x00000094   Data   RO         1105    .constdata          c_w.l(bigflt0.o)
    0x0800fa84   0x0800fa84   0x00000320   Data   RO         1858    .rodata._ZL10sine_array  lto-llvm-a785ef.o
    0x0800fda4   0x0800fda4   0x0000000c   Data   RO          805    .rodata._ZTIN10__cxxabiv116__shim_type_infoE  libcppabi_wx.l(private_typeinfo.cpp.o)
    0x0800fdb0   0x0800fdb0   0x0000000c   Data   RO          807    .rodata._ZTIN10__cxxabiv117__class_type_infoE  libcppabi_wx.l(private_typeinfo.cpp.o)
    0x0800fdbc   0x0800fdbc   0x0000000c   Data   RO          982    .rodata._ZTIN10__cxxabiv120__si_class_type_infoE  libcppabi_wx.l(private_typeinfo.cpp.o)
    0x0800fdc8   0x0800fdc8   0x0000000c   Data   RO          466    .rodata._ZTISt13bad_exception  libcppabi_wx.l(stdlib_exception.cpp.o)
    0x0800fdd4   0x0800fdd4   0x0000000c   Data   RO          469    .rodata._ZTISt9bad_alloc  libcppabi_wx.l(stdlib_exception.cpp.o)
    0x0800fde0   0x0800fde0   0x00000008   Data   RO          463    .rodata._ZTISt9exception  libcppabi_wx.l(stdlib_exception.cpp.o)
    0x0800fde8   0x0800fde8   0x00000008   Data   RO         1220    .rodata._ZTISt9type_info  libcppabi_wx.l(stdlib_typeinfo.cpp.o)
    0x0800fdf0   0x0800fdf0   0x00000021   Data   RO          804    .rodata._ZTSN10__cxxabiv116__shim_type_infoE  libcppabi_wx.l(private_typeinfo.cpp.o)
    0x0800fe11   0x0800fe11   0x00000022   Data   RO          806    .rodata._ZTSN10__cxxabiv117__class_type_infoE  libcppabi_wx.l(private_typeinfo.cpp.o)
    0x0800fe33   0x0800fe33   0x00000025   Data   RO          981    .rodata._ZTSN10__cxxabiv120__si_class_type_infoE  libcppabi_wx.l(private_typeinfo.cpp.o)
    0x0800fe58   0x0800fe58   0x00000012   Data   RO          465    .rodata._ZTSSt13bad_exception  libcppabi_wx.l(stdlib_exception.cpp.o)
    0x0800fe6a   0x0800fe6a   0x0000000d   Data   RO          468    .rodata._ZTSSt9bad_alloc  libcppabi_wx.l(stdlib_exception.cpp.o)
    0x0800fe77   0x0800fe77   0x0000000d   Data   RO          462    .rodata._ZTSSt9exception  libcppabi_wx.l(stdlib_exception.cpp.o)
    0x0800fe84   0x0800fe84   0x0000000d   Data   RO         1219    .rodata._ZTSSt9type_info  libcppabi_wx.l(stdlib_typeinfo.cpp.o)
    0x0800fe91   0x0800fe91   0x00000003   PAD
    0x0800fe94   0x0800fe94   0x0000001c   Data   RO         1874    .rodata._ZTV10DriverBase  lto-llvm-a785ef.o
    0x0800feb0   0x0800feb0   0x0000001c   Data   RO         1872    .rodata._ZTV16CurrentSenseBase  lto-llvm-a785ef.o
    0x0800fecc   0x0800fecc   0x0000001c   Data   RO         1871    .rodata._ZTV19LowSideCurrentSense  lto-llvm-a785ef.o
    0x0800fee8   0x0800fee8   0x00000024   Data   RO         1870    .rodata._ZTV5Motor  lto-llvm-a785ef.o
    0x0800ff0c   0x0800ff0c   0x0000001c   Data   RO         1873    .rodata._ZTV7Drv8301  lto-llvm-a785ef.o
    0x0800ff28   0x0800ff28   0x00000028   Data   RO          979    .rodata._ZTVN10__cxxabiv117__class_type_infoE  libcppabi_wx.l(private_typeinfo.cpp.o)
    0x0800ff50   0x0800ff50   0x00000028   Data   RO          980    .rodata._ZTVN10__cxxabiv120__si_class_type_infoE  libcppabi_wx.l(private_typeinfo.cpp.o)
    0x0800ff78   0x0800ff78   0x00000048   Data   RO         1061    .rodata._ZTVN9libunwind12UnwindCursorINS_17LocalAddressSpaceENS_13Registers_armEEE  libunwind_wx.l(libunwind.cpp.o)
    0x0800ffc0   0x0800ffc0   0x00000014   Data   RO          464    .rodata._ZTVSt13bad_exception  libcppabi_wx.l(stdlib_exception.cpp.o)
    0x0800ffd4   0x0800ffd4   0x00000014   Data   RO          459    .rodata._ZTVSt9bad_alloc  libcppabi_wx.l(stdlib_exception.cpp.o)
    0x0800ffe8   0x0800ffe8   0x00000020   Data   RO         1854    .rodata.cst16       lto-llvm-a785ef.o
    0x08010008   0x08010008   0x00000010   Data   RO         1853    .rodata.cst8        lto-llvm-a785ef.o
    0x08010018   0x08010018   0x00000003   Data   RO         1019    .rodata.str1.1      libunwind_wx.l(libunwind.cpp.o)
    0x0801001b   0x0801001b   0x0000030c   Data   RO         1859    .rodata.str1.1      lto-llvm-a785ef.o
    0x08010327   0x08010327   0x00000001   PAD
    0x08010328   0x08010328   0x00000020   Data   RO         1915    Region$$Table       anon$$obj.o
    0x08010348   0x08010348   0x00000008   Data   RO         1278    c$$dinf             fz_wm.l(fpconst.o)
    0x08010350   0x08010350   0x00000008   Data   RO         1281    c$$dmax             fz_wm.l(fpconst.o)
    0x08010358   0x08010358   0x0000001c   Data   RO          616    locale$$data        c_w.l(lc_numeric_c.o)
    0x08010374   0x08010374   0x00000110   Data   RO         1259    locale$$data        c_w.l(lc_ctype_c.o)
    0x08010484   0x08010484   0x00000004   Data   RO         1861    .init_array         lto-llvm-a785ef.o
    0x08010488   0x08010484   0x00000000   Data   RO         1884    .init_array         c_w.l(init_aeabi.o)
    0x08010488   0x08010484   0x00000008   Data   RO          544    .ARM.exidx          c_w.l(__rtentry4.o)
    0x08010490   0x08010484   0x00000008   Data   RO         1840    .ARM.exidx.text.HAL_ADCEx_InjectedConvCpltCallback  lto-llvm-a785ef.o
    0x08010498   0x08010484   0x00000008   Data   RO         1514    .ARM.exidx.text.HAL_ADCEx_InjectedGetValue  lto-llvm-a785ef.o
    0x080104a0   0x08010484   0x00000008   Data   RO         1842    .ARM.exidx.text.Main  lto-llvm-a785ef.o
    0x080104a8   0x08010484   0x00000008   Data   RO         1450    .ARM.exidx.text.MemManage_Handler  lto-llvm-a785ef.o
    0x080104b0   0x08010484   0x00000008   Data   RO         1793    .ARM.exidx.text._GLOBAL__sub_I_Main.cpp  lto-llvm-a785ef.o
    0x080104b8   0x08010484   0x00000008   Data   RO          496    .ARM.exidx.text._Unwind_Complete  libunwind_wx.l(Unwind-EHABI.cpp.o)
    0x080104c0   0x08010484   0x00000008   Data   RO          504    .ARM.exidx.text._Unwind_ForcedUnwind  libunwind_wx.l(Unwind-EHABI.cpp.o)
    0x080104c8   0x08010484   0x00000008   Data   RO          502    .ARM.exidx.text._Unwind_GetLanguageSpecificData  libunwind_wx.l(Unwind-EHABI.cpp.o)
    0x080104d0   0x08010484   0x00000008   Data   RO          492    .ARM.exidx.text._Unwind_RaiseException  libunwind_wx.l(Unwind-EHABI.cpp.o)
    0x080104d8   0x08010484   0x00000008   Data   RO          498    .ARM.exidx.text._Unwind_Resume  libunwind_wx.l(Unwind-EHABI.cpp.o)
    0x080104e0   0x08010484   0x00000008   Data   RO          478    .ARM.exidx.text._Unwind_VRS_Get  libunwind_wx.l(Unwind-EHABI.cpp.o)
    0x080104e8   0x08010484   0x00000008   Data   RO          476    .ARM.exidx.text._Unwind_VRS_Interpret  libunwind_wx.l(Unwind-EHABI.cpp.o)
    0x080104f0   0x08010484   0x00000008   Data   RO          482    .ARM.exidx.text._Unwind_VRS_Pop  libunwind_wx.l(Unwind-EHABI.cpp.o)
    0x080104f8   0x08010484   0x00000008   Data   RO          480    .ARM.exidx.text._Unwind_VRS_Set  libunwind_wx.l(Unwind-EHABI.cpp.o)
    0x08010500   0x08010484   0x00000008   Data   RO         1672    .ARM.exidx.text._Z11_sqrtApproxf  lto-llvm-a785ef.o
    0x08010508   0x08010484   0x00000008   Data   RO         1836    .ARM.exidx.text._Z6DC_CALb  lto-llvm-a785ef.o
    0x08010510   0x08010484   0x00000008   Data   RO         1674    .ARM.exidx.text._Z7_microsv  lto-llvm-a785ef.o
    0x08010518   0x08010484   0x00000008   Data   RO         1678    .ARM.exidx.text._Z8_delayUsm  lto-llvm-a785ef.o
    0x08010520   0x08010484   0x00000008   Data   RO          494    .ARM.exidx.text._ZL13unwind_phase2P13unw_context_tP12unw_cursor_tP21_Unwind_Control_Blockb  libunwind_wx.l(Unwind-EHABI.cpp.o)
    0x08010528   0x08010484   0x00000008   Data   RO          500    .ARM.exidx.text._ZL20unwind_phase2_forcedP13unw_context_tP12unw_cursor_tP21_Unwind_Control_BlockPF19_Unwind_Reason_Codei14_Unwind_ActionPhS4_P15_Unwind_ContextPvESA_  libunwind_wx.l(Unwind-EHABI.cpp.o)
    0x08010530   0x08010484   0x00000008   Data   RO         1811    .ARM.exidx.text._ZN10DriverBaseC2Eff  lto-llvm-a785ef.o
    0x08010538   0x08010484   0x00000008   Data   RO          725    .ARM.exidx.text._ZN10__cxxabiv116__shim_type_infoD2Ev  libcppabi_wx.l(private_typeinfo.cpp.o)
    0x08010540   0x08010484   0x00000008   Data   RO          741    .ARM.exidx.text._ZN10__cxxabiv117__class_type_infoD0Ev  libcppabi_wx.l(private_typeinfo.cpp.o)
    0x08010548   0x08010484   0x00000008   Data   RO          349    .ARM.exidx.text._ZN10__cxxabiv121__isOurExceptionClassEPK21_Unwind_Control_Block  libcppabi_wx.l(cxa_exception.cpp.o)
    0x08010550   0x08010484   0x00000008   Data   RO          709    .ARM.exidx.text._ZN10__cxxabiv130__aligned_malloc_with_fallbackEj  libcppabi_wx.l(fallback_malloc.cpp.o)
    0x08010558   0x08010484   0x00000008   Data   RO          423    .ARM.exidx.text._ZN10__cxxabiv1L11scan_eh_tabERNS_12_GLOBAL__N_112scan_resultsE14_Unwind_ActionbP21_Unwind_Control_BlockP15_Unwind_Context  libcppabi_wx.l(cxa_personality.cpp.o)
    0x08010560   0x08010484   0x00000008   Data   RO          368    .ARM.exidx.text._ZN10__cxxabiv1L12failed_throwEPNS_15__cxa_exceptionE  libcppabi_wx.l(cxa_exception.cpp.o)
    0x08010568   0x08010484   0x00000008   Data   RO          427    .ARM.exidx.text._ZN10__cxxabiv1L13set_registersEP21_Unwind_Control_BlockP15_Unwind_ContextRKNS_12_GLOBAL__N_112scan_resultsE  libcppabi_wx.l(cxa_personality.cpp.o)
    0x08010570   0x08010484   0x00000008   Data   RO          425    .ARM.exidx.text._ZN10__cxxabiv1L14call_terminateEbP21_Unwind_Control_Block  libcppabi_wx.l(cxa_personality.cpp.o)
    0x08010578   0x08010484   0x00000008   Data   RO          432    .ARM.exidx.text._ZN10__cxxabiv1L18readEncodedPointerEPPKhhj  libcppabi_wx.l(cxa_personality.cpp.o)
    0x08010580   0x08010484   0x00000008   Data   RO          366    .ARM.exidx.text._ZN10__cxxabiv1L22exception_cleanup_funcE19_Unwind_Reason_CodeP21_Unwind_Control_Block  libcppabi_wx.l(cxa_exception.cpp.o)
    0x08010588   0x08010484   0x00000008   Data   RO          434    .ARM.exidx.text._ZN10__cxxabiv1L24exception_spec_can_catchExPKhhPKNS_16__shim_type_infoEPvP21_Unwind_Control_Blockj  libcppabi_wx.l(cxa_personality.cpp.o)
    0x08010590   0x08010484   0x00000008   Data   RO          717    .ARM.exidx.text._ZN12_GLOBAL__N_113fallback_freeEPv  libcppabi_wx.l(fallback_malloc.cpp.o)
    0x08010598   0x08010484   0x00000008   Data   RO          486    .ARM.exidx.text._ZN12_GLOBAL__N_114unwindOneFrameEjP21_Unwind_Control_BlockP15_Unwind_Context  libunwind_wx.l(Unwind-EHABI.cpp.o)
    0x080105a0   0x08010484   0x00000008   Data   RO          711    .ARM.exidx.text._ZN12_GLOBAL__N_115fallback_mallocEj  libcppabi_wx.l(fallback_malloc.cpp.o)
    0x080105a8   0x08010484   0x00000008   Data   RO         1824    .ARM.exidx.text._ZN13LowPassFilterC2Ef  lto-llvm-a785ef.o
    0x080105b0   0x08010484   0x00000008   Data   RO         1680    .ARM.exidx.text._ZN13LowPassFilterclEf  lto-llvm-a785ef.o
    0x080105b8   0x08010484   0x00000008   Data   RO         1826    .ARM.exidx.text._ZN13PIDControllerC2Efffff  lto-llvm-a785ef.o
    0x080105c0   0x08010484   0x00000008   Data   RO         1725    .ARM.exidx.text._ZN13PIDControllerclEf  lto-llvm-a785ef.o
    0x080105c8   0x08010484   0x00000008   Data   RO         1755    .ARM.exidx.text._ZN16CurrentSenseBase12getDCCurrentEf  lto-llvm-a785ef.o
    0x080105d0   0x08010484   0x00000008   Data   RO         1753    .ARM.exidx.text._ZN19LowSideCurrentSense16calibrateOffsetsEv  lto-llvm-a785ef.o
    0x080105d8   0x08010484   0x00000008   Data   RO         1747    .ARM.exidx.text._ZN19LowSideCurrentSense4initEv  lto-llvm-a785ef.o
    0x080105e0   0x08010484   0x00000008   Data   RO         1813    .ARM.exidx.text._ZN19LowSideCurrentSenseC2Effbbb  lto-llvm-a785ef.o
    0x080105e8   0x08010484   0x00000008   Data   RO         1702    .ARM.exidx.text._ZN5Motor10shaftAngleEv  lto-llvm-a785ef.o
    0x080105f0   0x08010484   0x00000008   Data   RO         1721    .ARM.exidx.text._ZN5Motor11alignSensorEv  lto-llvm-a785ef.o
    0x080105f8   0x08010484   0x00000008   Data   RO         1711    .ARM.exidx.text._ZN5Motor13angleOpenLoopEf  lto-llvm-a785ef.o
    0x08010600   0x08010484   0x00000008   Data   RO         1705    .ARM.exidx.text._ZN5Motor13shaftVelocityEv  lto-llvm-a785ef.o
    0x08010608   0x08010484   0x00000008   Data   RO         1718    .ARM.exidx.text._ZN5Motor15electricalAngleEv  lto-llvm-a785ef.o
    0x08010610   0x08010484   0x00000008   Data   RO         1695    .ARM.exidx.text._ZN5Motor15setPhaseVoltageEfff  lto-llvm-a785ef.o
    0x08010618   0x08010484   0x00000008   Data   RO         1708    .ARM.exidx.text._ZN5Motor16velocityOpenLoopEf  lto-llvm-a785ef.o
    0x08010620   0x08010484   0x00000008   Data   RO         1686    .ARM.exidx.text._ZN5Motor4initEfN11EncoderBase9DirectionE  lto-llvm-a785ef.o
    0x08010628   0x08010484   0x00000008   Data   RO         1692    .ARM.exidx.text._ZN5Motor4moveEf  lto-llvm-a785ef.o
    0x08010630   0x08010484   0x00000008   Data   RO         1688    .ARM.exidx.text._ZN5Motor7initFOCEN11EncoderBase9DirectionEf  lto-llvm-a785ef.o
    0x08010638   0x08010484   0x00000008   Data   RO         1822    .ARM.exidx.text._ZN5MotorC2Eifff  lto-llvm-a785ef.o
    0x08010640   0x08010484   0x00000008   Data   RO         1727    .ARM.exidx.text._ZN7Drv83014initEv  lto-llvm-a785ef.o
    0x08010648   0x08010484   0x00000008   Data   RO         1745    .ARM.exidx.text._ZN7Drv83016configEf  lto-llvm-a785ef.o
    0x08010650   0x08010484   0x00000008   Data   RO         1729    .ARM.exidx.text._ZN7Drv83016enableEv  lto-llvm-a785ef.o
    0x08010658   0x08010484   0x00000008   Data   RO         1735    .ARM.exidx.text._ZN7Drv83016setPwmEfff  lto-llvm-a785ef.o
    0x08010660   0x08010484   0x00000008   Data   RO         1731    .ARM.exidx.text._ZN7Drv83017disableEv  lto-llvm-a785ef.o
    0x08010668   0x08010484   0x00000008   Data   RO         1733    .ARM.exidx.text._ZN7Drv83017isReadyEv  lto-llvm-a785ef.o
    0x08010670   0x08010484   0x00000008   Data   RO         1737    .ARM.exidx.text._ZN7Drv83017readRegEh  lto-llvm-a785ef.o
    0x08010678   0x08010484   0x00000008   Data   RO         1743    .ARM.exidx.text._ZN7Drv83018getErrorEv  lto-llvm-a785ef.o
    0x08010680   0x08010484   0x00000008   Data   RO         1741    .ARM.exidx.text._ZN7Drv83018getFaultEv  lto-llvm-a785ef.o
    0x08010688   0x08010484   0x00000008   Data   RO         1739    .ARM.exidx.text._ZN7Drv83018writeRegEht  lto-llvm-a785ef.o
    0x08010690   0x08010484   0x00000008   Data   RO         1809    .ARM.exidx.text._ZN7Drv8301C2Eff9Stm32GpioS0_S0_  lto-llvm-a785ef.o
    0x08010698   0x08010484   0x00000008   Data   RO         1779    .ARM.exidx.text._ZN9Commander10inputCheckEPc  lto-llvm-a785ef.o
    0x080106a0   0x08010484   0x00000008   Data   RO         1767    .ARM.exidx.text._ZN9Commander3addEPKcPFvPcES1_  lto-llvm-a785ef.o
    0x080106a8   0x08010484   0x00000008   Data   RO         1769    .ARM.exidx.text._ZN9Commander3runEv  lto-llvm-a785ef.o
    0x080106b0   0x08010484   0x00000008   Data   RO         1787    .ARM.exidx.text._ZN9Commander5printEPKc  lto-llvm-a785ef.o
    0x080106b8   0x08010484   0x00000008   Data   RO         1777    .ARM.exidx.text._ZN9Commander6isEndsEc  lto-llvm-a785ef.o
    0x080106c0   0x08010484   0x00000008   Data   RO         1783    .ARM.exidx.text._ZN9Commander7printlnEPKc  lto-llvm-a785ef.o
    0x080106c8   0x08010484   0x00000008   Data   RO         1763    .ARM.exidx.text._ZN9CommanderC2Ejccb  lto-llvm-a785ef.o
    0x080106d0   0x08010484   0x00000008   Data   RO         1817    .ARM.exidx.text._ZN9CommanderD2Ev  lto-llvm-a785ef.o
    0x080106d8   0x08010484   0x00000008   Data   RO         1765    .ARM.exidx.text._ZN9FifoArrayIcEC2Ejb  lto-llvm-a785ef.o
    0x080106e0   0x08010484   0x00000008   Data   RO         1819    .ARM.exidx.text._ZN9FifoArrayIcED2Ev  lto-llvm-a785ef.o
    0x080106e8   0x08010484   0x00000008   Data   RO         1761    .ARM.exidx.text._ZN9Stm32Gpio4readEv  lto-llvm-a785ef.o
    0x080106f0   0x08010484   0x00000008   Data   RO         1805    .ARM.exidx.text._ZN9Stm32GpioC2EP12GPIO_TypeDefj  lto-llvm-a785ef.o
    0x080106f8   0x08010484   0x00000008   Data   RO         1052    .ARM.exidx.text._ZN9libunwind12UnwindCursorINS_17LocalAddressSpaceENS_13Registers_armEE10saveVFPAsXEv  libunwind_wx.l(libunwind.cpp.o)
    0x08010700   0x08010484   0x00000008   Data   RO         1034    .ARM.exidx.text._ZN9libunwind12UnwindCursorINS_17LocalAddressSpaceENS_13Registers_armEE11getFloatRegEi  libunwind_wx.l(libunwind.cpp.o)
    0x08010708   0x08010484   0x00000008   Data   RO         1036    .ARM.exidx.text._ZN9libunwind12UnwindCursorINS_17LocalAddressSpaceENS_13Registers_armEE11setFloatRegEiy  libunwind_wx.l(libunwind.cpp.o)
    0x08010710   0x08010484   0x00000008   Data   RO         1044    .ARM.exidx.text._ZN9libunwind12UnwindCursorINS_17LocalAddressSpaceENS_13Registers_armEE13isSignalFrameEv  libunwind_wx.l(libunwind.cpp.o)
    0x08010718   0x08010484   0x00000008   Data   RO         1054    .ARM.exidx.text._ZN9libunwind12UnwindCursorINS_17LocalAddressSpaceENS_13Registers_armEE13stepWithEHABIEv  libunwind_wx.l(libunwind.cpp.o)
    0x08010720   0x08010484   0x00000008   Data   RO         1032    .ARM.exidx.text._ZN9libunwind12UnwindCursorINS_17LocalAddressSpaceENS_13Registers_armEE13validFloatRegEi  libunwind_wx.l(libunwind.cpp.o)
    0x08010728   0x08010484   0x00000008   Data   RO         1046    .ARM.exidx.text._ZN9libunwind12UnwindCursorINS_17LocalAddressSpaceENS_13Registers_armEE15getFunctionNameEPcjPj  libunwind_wx.l(libunwind.cpp.o)
    0x08010730   0x08010484   0x00000008   Data   RO         1050    .ARM.exidx.text._ZN9libunwind12UnwindCursorINS_17LocalAddressSpaceENS_13Registers_armEE15getRegisterNameEi  libunwind_wx.l(libunwind.cpp.o)
    0x08010738   0x08010484   0x00000008   Data   RO         1058    .ARM.exidx.text._ZN9libunwind12UnwindCursorINS_17LocalAddressSpaceENS_13Registers_armEE23getInfoFromEHABISectionEjRKNS_18UnwindInfoSectionsE  libunwind_wx.l(libunwind.cpp.o)
    0x08010740   0x08010484   0x00000008   Data   RO         1048    .ARM.exidx.text._ZN9libunwind12UnwindCursorINS_17LocalAddressSpaceENS_13Registers_armEE24setInfoBasedOnIPRegisterEb  libunwind_wx.l(libunwind.cpp.o)
    0x08010748   0x08010484   0x00000008   Data   RO         1038    .ARM.exidx.text._ZN9libunwind12UnwindCursorINS_17LocalAddressSpaceENS_13Registers_armEE4stepEv  libunwind_wx.l(libunwind.cpp.o)
    0x08010750   0x08010484   0x00000008   Data   RO         1028    .ARM.exidx.text._ZN9libunwind12UnwindCursorINS_17LocalAddressSpaceENS_13Registers_armEE6getRegEi  libunwind_wx.l(libunwind.cpp.o)
    0x08010758   0x08010484   0x00000008   Data   RO         1042    .ARM.exidx.text._ZN9libunwind12UnwindCursorINS_17LocalAddressSpaceENS_13Registers_armEE6jumptoEv  libunwind_wx.l(libunwind.cpp.o)
    0x08010760   0x08010484   0x00000008   Data   RO         1030    .ARM.exidx.text._ZN9libunwind12UnwindCursorINS_17LocalAddressSpaceENS_13Registers_armEE6setRegEij  libunwind_wx.l(libunwind.cpp.o)
    0x08010768   0x08010484   0x00000008   Data   RO         1040    .ARM.exidx.text._ZN9libunwind12UnwindCursorINS_17LocalAddressSpaceENS_13Registers_armEE7getInfoEP15unw_proc_info_t  libunwind_wx.l(libunwind.cpp.o)
    0x08010770   0x08010484   0x00000008   Data   RO         1026    .ARM.exidx.text._ZN9libunwind12UnwindCursorINS_17LocalAddressSpaceENS_13Registers_armEE8validRegEi  libunwind_wx.l(libunwind.cpp.o)
    0x08010778   0x08010484   0x00000008   Data   RO         1056    .ARM.exidx.text._ZN9libunwind13Registers_arm26restoreSavedFloatRegistersEv  libunwind_wx.l(libunwind.cpp.o)
    0x08010780   0x08010484   0x00000008   Data   RO         1022    .ARM.exidx.text._ZN9libunwind20AbstractUnwindCursorD2Ev  libunwind_wx.l(libunwind.cpp.o)
    0x08010788   0x08010484   0x00000008   Data   RO          803    .ARM.exidx.text._ZNK10__cxxabiv117__class_type_info16search_above_dstEPNS_19__dynamic_cast_infoEPKvS4_ib  libcppabi_wx.l(private_typeinfo.cpp.o)
    0x08010790   0x08010484   0x00000008   Data   RO          797    .ARM.exidx.text._ZNK10__cxxabiv117__class_type_info16search_below_dstEPNS_19__dynamic_cast_infoEPKvib  libcppabi_wx.l(private_typeinfo.cpp.o)
    0x08010798   0x08010484   0x00000008   Data   RO          767    .ARM.exidx.text._ZNK10__cxxabiv117__class_type_info27has_unambiguous_public_baseEPNS_19__dynamic_cast_infoEPvi  libcppabi_wx.l(private_typeinfo.cpp.o)
    0x080107a0   0x08010484   0x00000008   Data   RO          761    .ARM.exidx.text._ZNK10__cxxabiv117__class_type_info9can_catchEPKNS_16__shim_type_infoERPv  libcppabi_wx.l(private_typeinfo.cpp.o)
    0x080107a8   0x08010484   0x00000008   Data   RO          801    .ARM.exidx.text._ZNK10__cxxabiv120__si_class_type_info16search_above_dstEPNS_19__dynamic_cast_infoEPKvS4_ib  libcppabi_wx.l(private_typeinfo.cpp.o)
    0x080107b0   0x08010484   0x00000008   Data   RO          769    .ARM.exidx.text._ZNK10__cxxabiv120__si_class_type_info27has_unambiguous_public_baseEPNS_19__dynamic_cast_infoEPvi  libcppabi_wx.l(private_typeinfo.cpp.o)
    0x080107b8   0x08010484   0x00000008   Data   RO          446    .ARM.exidx.text._ZNKSt13bad_exception4whatEv  libcppabi_wx.l(stdlib_exception.cpp.o)
    0x080107c0   0x08010484   0x00000008   Data   RO          415    .ARM.exidx.text._ZSt11__terminatePFvvE  libcppabi_wx.l(cxa_handlers.cpp.o)
    0x080107c8   0x08010484   0x00000008   Data   RO          408    .ARM.exidx.text._ZSt12__unexpectedPFvvE  libcppabi_wx.l(cxa_handlers.cpp.o)
    0x080107d0   0x08010484   0x00000008   Data   RO          412    .ARM.exidx.text._ZSt13get_terminatev  libcppabi_wx.l(cxa_handlers.cpp.o)
    0x080107d8   0x08010484   0x00000008   Data   RO          406    .ARM.exidx.text._ZSt9terminatev  libcppabi_wx.l(cxa_handlers.cpp.o)
    0x080107e0   0x08010484   0x00000008   Data   RO          100    .ARM.exidx.text._ZdaPv  libcpp_wx.l(new.cpp.o)
    0x080107e8   0x08010484   0x00000008   Data   RO           84    .ARM.exidx.text._Znwj  libcpp_wx.l(new.cpp.o)
    0x080107f0   0x08010484   0x00000008   Data   RO         1532    .ARM.exidx.text.__NVIC_EnableIRQ  lto-llvm-a785ef.o
    0x080107f8   0x08010484   0x00000008   Data   RO          484    .ARM.exidx.text.__aeabi_unwind_cpp_pr0  libunwind_wx.l(Unwind-EHABI.cpp.o)
    0x08010800   0x08010484   0x00000008   Data   RO          130    .ARM.exidx.text.__clang_call_terminate  libcpp_wx.l(new.cpp.o)
    0x08010808   0x08010484   0x00000008   Data   RO          352    .ARM.exidx.text.__cxa_allocate_exception  libcppabi_wx.l(cxa_exception.cpp.o)
    0x08010810   0x08010484   0x00000008   Data   RO          355    .ARM.exidx.text.__cxa_begin_catch  libcppabi_wx.l(cxa_exception.cpp.o)
    0x08010818   0x08010484   0x00000008   Data   RO          373    .ARM.exidx.text.__cxa_begin_cleanup  libcppabi_wx.l(cxa_exception.cpp.o)
    0x08010820   0x08010484   0x00000008   Data   RO          430    .ARM.exidx.text.__cxa_call_unexpected  libcppabi_wx.l(cxa_personality.cpp.o)
    0x08010828   0x08010484   0x00000008   Data   RO          380    .ARM.exidx.text.__cxa_decrement_exception_refcount  libcppabi_wx.l(cxa_exception.cpp.o)
    0x08010830   0x08010484   0x00000008   Data   RO          377    .ARM.exidx.text.__cxa_end_catch  libcppabi_wx.l(cxa_exception.cpp.o)
    0x08010838   0x08010484   0x00000008   Data   RO          375    .ARM.exidx.text.__cxa_end_cleanup_impl  libcppabi_wx.l(cxa_exception.cpp.o)
    0x08010840   0x08010484   0x00000008   Data   RO          702    .ARM.exidx.text.__cxa_get_globals  libcppabi_wx.l(cxa_exception_storage.cpp.o)
    0x08010848   0x08010484   0x00000008   Data   RO          133    .ARM.exidx.text.__cxa_pure_virtual  libcppabi_wx.l(cxa_virtual.cpp.o)
    0x08010850   0x08010484   0x00000008   Data   RO          384    .ARM.exidx.text.__cxa_rethrow  libcppabi_wx.l(cxa_exception.cpp.o)
    0x08010858   0x08010484   0x00000008   Data   RO          364    .ARM.exidx.text.__cxa_throw  libcppabi_wx.l(cxa_exception.cpp.o)
    0x08010860   0x08010484   0x00000008   Data   RO         1795    .ARM.exidx.text.__cxx_global_var_init  lto-llvm-a785ef.o
    0x08010868   0x08010484   0x00000008   Data   RO         1797    .ARM.exidx.text.__cxx_global_var_init.1  lto-llvm-a785ef.o
    0x08010870   0x08010484   0x00000008   Data   RO         1799    .ARM.exidx.text.__cxx_global_var_init.2  lto-llvm-a785ef.o
    0x08010878   0x08010484   0x00000008   Data   RO         1801    .ARM.exidx.text.__cxx_global_var_init.3  lto-llvm-a785ef.o
    0x08010880   0x08010484   0x00000008   Data   RO          763    .ARM.exidx.text.__dynamic_cast  libcppabi_wx.l(private_typeinfo.cpp.o)
    0x08010888   0x08010484   0x00000008   Data   RO          510    .ARM.exidx.text.__gnu_unwind_frame  libunwind_wx.l(Unwind-EHABI.cpp.o)
    0x08010890   0x08010484   0x00000008   Data   RO          421    .ARM.exidx.text.__gxx_personality_v0  libcppabi_wx.l(cxa_personality.cpp.o)
    0x08010898   0x08010484   0x00000008   Data   RO          998    .ARM.exidx.text.__unw_get_fpreg  libunwind_wx.l(libunwind.cpp.o)
    0x080108a0   0x08010484   0x00000008   Data   RO         1004    .ARM.exidx.text.__unw_get_proc_info  libunwind_wx.l(libunwind.cpp.o)
    0x080108a8   0x08010484   0x00000008   Data   RO          994    .ARM.exidx.text.__unw_get_reg  libunwind_wx.l(libunwind.cpp.o)
    0x080108b0   0x08010484   0x00000008   Data   RO          992    .ARM.exidx.text.__unw_init_local  libunwind_wx.l(libunwind.cpp.o)
    0x080108b8   0x08010484   0x00000008   Data   RO         1006    .ARM.exidx.text.__unw_resume  libunwind_wx.l(libunwind.cpp.o)
    0x080108c0   0x08010484   0x00000008   Data   RO         1016    .ARM.exidx.text.__unw_save_vfp_as_X  libunwind_wx.l(libunwind.cpp.o)
    0x080108c8   0x08010484   0x00000008   Data   RO         1000    .ARM.exidx.text.__unw_set_fpreg  libunwind_wx.l(libunwind.cpp.o)
    0x080108d0   0x08010484   0x00000008   Data   RO          996    .ARM.exidx.text.__unw_set_reg  libunwind_wx.l(libunwind.cpp.o)
    0x080108d8   0x08010484   0x00000008   Data   RO         1002    .ARM.exidx.text.__unw_step  libunwind_wx.l(libunwind.cpp.o)
    0x080108e0   0x08010484   0x00000008   Data   RO          340    .ARM.exidx.text.abort_message  libcppabi_wx.l(abort_message.cpp.o)
    0x080108e8   0x08010484   0x00000008   Data   RO          474    .ARM.exidx.text.decode_eht_entry  libunwind_wx.l(Unwind-EHABI.cpp.o)
    0x080108f0   0x08010484   0x00000008   Data   RO         1430    .ARM.exidx.text.main  lto-llvm-a785ef.o
    0x080108f8   0x08010484   0x00000008   Data   RO         1828    .ARM.exidx.text.receivedCommand  lto-llvm-a785ef.o
    0x08010900   0x08010484   0x00000008   Data   RO         1490    .ARM.exidx.text.uartIdleHandle  lto-llvm-a785ef.o


    Execution Region RW_IRAM1 (Exec base: 0x20000000, Load base: 0x08010908, Size: 0x00001310, Max: 0x0001c000, ABSOLUTE)

    Exec Addr    Load Addr    Size         Type   Attr      Idx    E Section Name        Object

    0x20000000   0x08010908   0x00000004   Data   RW          318    .data               c_w.l(stdio_streams.o)
    0x20000004   0x0801090c   0x00000004   Data   RW          319    .data               c_w.l(stdio_streams.o)
    0x20000008   0x08010910   0x00000004   Data   RW          320    .data               c_w.l(stdio_streams.o)
    0x2000000c   0x08010914   0x00000004   Data   RW         1856    .data.SystemCoreClock  lto-llvm-a785ef.o
    0x20000010   0x08010918   0x00000004   Data   RW          696    .data.__cxa_terminate_handler  libcppabi_wx.l(cxa_default_handlers.cpp.o)
    0x20000014   0x0801091c   0x00000004   Data   RW          697    .data.__cxa_unexpected_handler  libcppabi_wx.l(cxa_default_handlers.cpp.o)
    0x20000018   0x08010920   0x00000004   Data   RW         1855    .data.uwTickPrio    lto-llvm-a785ef.o
    0x2000001c   0x08010924   0x00000004   PAD
    0x20000020        -       0x00000054   Zero   RW          315    .bss                c_w.l(stdio_streams.o)
    0x20000074        -       0x00000054   Zero   RW          316    .bss                c_w.l(stdio_streams.o)
    0x200000c8        -       0x00000054   Zero   RW          317    .bss                c_w.l(stdio_streams.o)
    0x2000011c        -       0x00000060   Zero   RW         1075    .bss                c_w.l(libspace.o)
    0x2000017c        -       0x0000000c   Zero   RW          705    .bss._ZN10__cxxabiv1L10eh_globalsE  libcppabi_wx.l(cxa_exception_storage.cpp.o)
    0x20000188        -       0x00000200   Zero   RW          721    .bss._ZN12_GLOBAL__N_14heapE  libcppabi_wx.l(fallback_malloc.cpp.o)
    0x20000388        -       0x00000004   Zero   RW          720    .bss._ZN12_GLOBAL__N_18freelistE  libcppabi_wx.l(fallback_malloc.cpp.o)
    0x2000038c        -       0x00000001   Zero   RW         1017    .bss._ZN9libunwind17LocalAddressSpace17sThisAddressSpaceE  libunwind_wx.l(libunwind.cpp.o)
    0x2000038d   0x08010924   0x00000003   PAD
    0x20000390        -       0x00000004   Zero   RW          698    .bss.__cxa_new_handler  libcppabi_wx.l(cxa_default_handlers.cpp.o)
    0x20000394        -       0x00000138   Zero   RW         1863    .bss.commander      lto-llvm-a785ef.o
    0x200004cc        -       0x00000080   Zero   RW         1865    .bss.drvM0          lto-llvm-a785ef.o
    0x2000054c        -       0x00000080   Zero   RW         1866    .bss.drvM1          lto-llvm-a785ef.o
    0x200005cc        -       0x00000048   Zero   RW         1845    .bss.hadc1          lto-llvm-a785ef.o
    0x20000614        -       0x00000048   Zero   RW         1869    .bss.hadc2          lto-llvm-a785ef.o
    0x2000065c        -       0x00000060   Zero   RW         1847    .bss.hdma_adc2      lto-llvm-a785ef.o
    0x200006bc        -       0x00000060   Zero   RW         1851    .bss.hdma_usart2_rx  lto-llvm-a785ef.o
    0x2000071c        -       0x00000060   Zero   RW         1850    .bss.hdma_usart2_tx  lto-llvm-a785ef.o
    0x2000077c        -       0x00000054   Zero   RW         1843    .bss.hi2c1          lto-llvm-a785ef.o
    0x200007d0        -       0x00000058   Zero   RW         1860    .bss.hspi3          lto-llvm-a785ef.o
    0x20000828        -       0x00000048   Zero   RW         1848    .bss.htim1          lto-llvm-a785ef.o
    0x20000870        -       0x00000048   Zero   RW         1846    .bss.htim14         lto-llvm-a785ef.o
    0x200008b8        -       0x00000048   Zero   RW         1868    .bss.htim8          lto-llvm-a785ef.o
    0x20000900        -       0x00000044   Zero   RW         1857    .bss.huart2         lto-llvm-a785ef.o
    0x20000944        -       0x00000044   Zero   RW         1864    .bss.lcs            lto-llvm-a785ef.o
    0x20000988        -       0x00000140   Zero   RW         1862    .bss.motor          lto-llvm-a785ef.o
    0x20000ac8        -       0x00000004   Zero   RW         1867    .bss.target_velocity  lto-llvm-a785ef.o
    0x20000acc        -       0x00000040   Zero   RW         1849    .bss.uartBuff       lto-llvm-a785ef.o
    0x20000b0c        -       0x00000004   Zero   RW         1852    .bss.uwTick         lto-llvm-a785ef.o
    0x20000b10        -       0x00000400   Zero   RW           51    HEAP                startup_stm32f405xx.o
    0x20000f10        -       0x00000400   Zero   RW           50    STACK               startup_stm32f405xx.o


    Execution Region RW_IRAM2 (Exec base: 0x2001c000, Load base: 0x08010928, Size: 0x00000000, Max: 0x00004000, ABSOLUTE)

    **** No section assigned to this execution region ****


==============================================================================

Image component sizes


      Code (inc. data)   RO Data    RW Data    ZI Data      Debug   Object Name

     36222        274       2356          8       1916     160203   lto-llvm-a785ef.o
        64         26        392          0       2048        956   startup_stm32f405xx.o

    ----------------------------------------------------------------------
     36474        312       2781          8       3968     161159   Object Totals
         0          0         32          0          0          0   (incl. Generated)
       188         12          1          0          4          0   (incl. Padding)

    ----------------------------------------------------------------------

      Code (inc. data)   RO Data    RW Data    ZI Data      Debug   Library Member Name

         8          0          0          0          0         68   __main.o
       392          4         17          0          0         92   __printf_flags_ss_wp.o
        14          0          0          0          0         68   __printf_wp.o
         0          0          0          0          0          0   __rtentry.o
        12          0          0          0          0          0   __rtentry2.o
         6          0          8          0          0          0   __rtentry4.o
        52          8          0          0          0          0   __scatter.o
        26          0          0          0          0          0   __scatter_copy.o
        28          0          0          0          0          0   __scatter_zi.o
        72          0          0          0          0         96   _c16rtomb.o
        28          0          0          0          0         68   _chval.o
         6          0          0          0          0          0   _printf_a.o
         6          0          0          0          0          0   _printf_c.o
        44          0          0          0          0        108   _printf_char.o
        48          6          0          0          0         96   _printf_char_common.o
        36          4          0          0          0         80   _printf_char_file.o
        40          0          0          0          0         68   _printf_charcount.o
         6          0          0          0          0          0   _printf_d.o
       120         16          0          0          0         92   _printf_dec.o
         6          0          0          0          0          0   _printf_e.o
         6          0          0          0          0          0   _printf_f.o
      1052          0          0          0          0        148   _printf_fp_dec.o
       764          8         38          0          0        100   _printf_fp_hex.o
       128         16          0          0          0         84   _printf_fp_infnan.o
         6          0          0          0          0          0   _printf_g.o
       148          4         40          0          0        160   _printf_hex_int_ll_ptr.o
         6          0          0          0          0          0   _printf_i.o
       178          0          0          0          0         88   _printf_intcommon.o
        10          0          0          0          0          0   _printf_l.o
         6          0          0          0          0          0   _printf_lc.o
        10          0          0          0          0          0   _printf_ll.o
         6          0          0          0          0          0   _printf_lld.o
         6          0          0          0          0          0   _printf_lli.o
         6          0          0          0          0          0   _printf_llo.o
         6          0          0          0          0          0   _printf_llu.o
         6          0          0          0          0          0   _printf_llx.o
       124         16          0          0          0         92   _printf_longlong_dec.o
         6          0          0          0          0          0   _printf_ls.o
         6          0          0          0          0          0   _printf_n.o
         6          0          0          0          0          0   _printf_o.o
       112          8          0          0          0        124   _printf_oct_int_ll.o
         6          0          0          0          0          0   _printf_p.o
        78          0          0          0          0        108   _printf_pad.o
         0          0          0          0          0          0   _printf_percent.o
         4          0          0          0          0          0   _printf_percent_end.o
         6          0          0          0          0          0   _printf_s.o
        82          0          0          0          0         80   _printf_str.o
        36          0          0          0          0         84   _printf_truncate.o
         6          0          0          0          0          0   _printf_u.o
        44          0          0          0          0        108   _printf_wchar.o
       188          6          8          0          0         92   _printf_wctomb.o
         6          0          0          0          0          0   _printf_x.o
        22          0          0          0          0        100   _rserrno.o
        64          0          0          0          0         84   _sgetc.o
        22          0          0          0          0         80   abort.o
        46          0          0          0          0         84   aeabi_atexit.o
       228          4        148          0          0         96   bigflt0.o
      2152        136          0          0          0        956   btod.o
        10          0          0          0          0         68   cxa_atexit.o
        66          0          0          0          0         84   cxa_finalize.o
        48         34          0          0          0         76   defsig_abrt_inner.o
        14          0          0          0          0         80   defsig_abrt_outer.o
        10          0          0          0          0         68   defsig_exit.o
        50          0          0          0          0         88   defsig_general.o
        80         58          0          0          0         76   defsig_rtmem_inner.o
        14          0          0          0          0         80   defsig_rtmem_outer.o
        52         38          0          0          0         76   defsig_rtred_inner.o
        14          0          0          0          0         80   defsig_rtred_outer.o
        18          0          0          0          0         80   exit.o
        76          0          0          0          0         88   fclose.o
         8          0          0          0          0         68   ferror.o
       482          0          0          0          0         92   flsbuf.o
       240          6          0          0          0        128   fopen.o
        28          0          0          0          0         68   fputc.o
       248          6          0          0          0         84   fseek.o
        66          0          0          0          0         76   ftell.o
        94          0          0          0          0         80   h1_alloc.o
        52          0          0          0          0         68   h1_extend.o
        78          0          0          0          0         80   h1_free.o
        14          0          0          0          0         84   h1_init.o
       174          0          0          0          0         88   h1_memalign.o
         6          0          0          0          0        152   heapauxi.o
         4          0          0          0          0        136   hguard.o
         0          0          0          0          0          0   indicate_semi.o
        36          8          0          0          0         80   init_aeabi.o
       138          0          0          0          0        168   init_alloc.o
       312         46          0          0          0        112   initio.o
        18          0          0          0          0         76   isspace.o
        44         10        272          0          0         76   lc_ctype_c.o
        44         10         28          0          0         76   lc_numeric_c.o
         2          0          0          0          0          0   libinit.o
        50          0          0          0          0          0   libinit2.o
         2          0          0          0          0          0   libshutdown.o
        12          0          0          0          0          0   libshutdown2.o
         8          4          0          0         96         68   libspace.o
        38          0          0          0          0         68   llshl.o
       138          0          0          0          0         80   lludiv10.o
       240          0          0          0          0        100   lludivv7m.o
         0          0          0          0          0          0   maybetermalloc1.o
        24          4          0          0          0         84   printf.o
        16          4          0          0          0         76   rt_ctype_table.o
         8          4          0          0          0         68   rt_ddtor_pointer_addr_intlibspace.o
         8          4          0          0          0         68   rt_errno_addr_intlibspace.o
         8          4          0          0          0         68   rt_heap_descriptor_intlibspace.o
         8          4          0          0          0         68   rt_locale_intlibspace.o
        78          0          0          0          0         80   rt_memclr_w.o
       138          0          0          0          0         68   rt_memcpy_v6.o
       100          0          0          0          0         80   rt_memcpy_w.o
         2          0          0          0          0          0   rtexit.o
        10          0          0          0          0          0   rtexit2.o
      1272         16          0          0          0        168   scanf_fp.o
       800         14          0          0          0        100   scanf_hexfp.o
       308         16          0          0          0        100   scanf_infnan.o
        70          0          0          0          0         80   setvbuf.o
       264          6          0          0          0        160   stdio.o
         0          0          0         12        252          0   stdio_streams.o
        20          0          0          0          0         68   strchr.o
       124          0          0          0          0         88   strcmpv7em.o
        62          0          0          0          0         76   strlen.o
       150          0          0          0          0         80   strncmp.o
       176         14          0          0          0        124   strtod.o
        12          4          0          0          0         68   sys_exit.o
       102          0          0          0          0        240   sys_io.o
         0          0         12          0          0          0   sys_io_names.o
        74          0          0          0          0         80   sys_stackheap_outer.o
        14          0          0          0          0         76   sys_wrch.o
         2          0          0          0          0         68   use_no_semi.o
        98          4          0          0          0        140   d2f.o
        16          4          0          0          0        116   dcheck1.o
        84          0          0          0          0        244   dcmp.o
        24          0          0          0          0        116   dcmpi.o
       120          4          0          0          0        140   deqf.o
       120          4          0          0          0        140   dgeqf.o
       120          4          0          0          0        140   dleqf.o
       340         12          0          0          0        152   dmul.o
       156          4          0          0          0        140   dnaninf.o
        12          0          0          0          0        116   dretinf.o
       108          0          0          0          0        128   drleqf.o
        86          4          0          0          0        132   f2d.o
       140          4          0          0          0        132   fnaninf.o
         0          0         16          0          0          0   fpconst.o
        26          0          0          0          0        116   fpinit.o
       244          8          0          0          0        132   frem_clz.o
        10          0          0          0          0        116   fretinf.o
         6          0          0          0          0        116   istatus.o
         4          0          0          0          0        116   printf1.o
         4          0          0          0          0        116   printf2.o
       100          0          0          0          0        116   retnan.o
        92          0          0          0          0        116   scalbn.o
         4          0          0          0          0        116   scanf1.o
         8          0          0          0          0        132   scanf2.o
        48          0          0          0          0        116   trapv.o
         0          0          0          0          0          0   usenofp.o
        86          0         24          0          0        436   new.cpp.o
         6          0          8          0          0         44   abort_message.cpp.o
         0          0          0          8          4          0   cxa_default_handlers.cpp.o
       790          4        200          0          0        592   cxa_exception.cpp.o
        20          0          8          0         12         52   cxa_exception_storage.cpp.o
       256        136         88          0          0        180   cxa_handlers.cpp.o
      2058         14        148          0          0        276   cxa_personality.cpp.o
        40         32          8          0          0         68   cxa_virtual.cpp.o
       366          0         24          0        516        172   fallback_malloc.cpp.o
      1106          0        292          0          0       1048   private_typeinfo.cpp.o
        72         36        124          0          0        196   stdlib_exception.cpp.o
         2          0         21          0          0        196   stdlib_typeinfo.cpp.o
      1972         14        120          0          0        540   Unwind-EHABI.cpp.o
        38          0          0          0          0          0   UnwindRegistersRestore.S.o
        46          0          0          0          0          0   UnwindRegistersSave.S.o
      2496        564        291          0          1        800   libunwind.cpp.o
       684         90          0          0          0        208   atan2f.o
        56         10          0          0          0        132   atof.o
        64         16          0          0          0        248   dunder.o
       112         14          0          0          0        116   floorf.o
       176          0          0          0          0        168   fmodf.o
        48          0          0          0          0        124   fpclassify.o
        38          0          0          0          0        116   fpclassifyf.o
       140         22          0          0          0        132   frexp.o
        38         12          0          0          0        348   funder.o
       228          8          0          0          0        308   ldexp.o
       266         16          0          0          0        308   narrow.o

    ----------------------------------------------------------------------
     26646       1594       1947         20        884      18744   Library Totals
        56          4          4          0          3          0   (incl. Padding)

    ----------------------------------------------------------------------

      Code (inc. data)   RO Data    RW Data    ZI Data      Debug   Library Name

     13416        550        571         12        348       8792   c_w.l
      1970         52         16          0          0       3144   fz_wm.l
        86          0         24          0          0        436   libcpp_wx.l
      4716        222        921          8        532       2824   libcppabi_wx.l
      4552        578        411          0          1       1340   libunwind_wx.l
      1850        188          0          0          0       2208   m_wm.l

    ----------------------------------------------------------------------
     26646       1594       1947         20        884      18744   Library Totals

    ----------------------------------------------------------------------

==============================================================================


      Code (inc. data)   RO Data    RW Data    ZI Data      Debug   

     63120       1906       4728         28       4852     170955   Grand Totals
     63120       1906       4728         28       4852     170955   ELF Image Totals
     63120       1906       4728         28          0          0   ROM Totals

==============================================================================

    Total RO  Size (Code + RO Data)                67848 (  66.26kB)
    Total RW  Size (RW Data + ZI Data)              4880 (   4.77kB)
    Total ROM Size (Code + RO Data + RW Data)      67876 (  66.29kB)

==============================================================================

